ASxxxx Linker V03.00/V05.40 + sdld,  page 1.
Hexadecimal  [32-Bits]

Area                       Addr        Size        Decimal Bytes (Attributes)
--------------------       ----        ----        ------- ----- ------------
.  .ABS.               00000000    00000000 =           0. bytes (ABS,CON)

        Value  Global            Value  Global            Value  Global    
        -----  ------            -----  ------            -----  ------    
     00000000  .__.ABS.  |    00000000  _rMBC7_SR |    00000000  _rRAMG   
     00000000  l__BASE   |    00000000  l__BSS    |    00000000  l__CABS  
     00000000  l__CODE_0 |    00000000  l__DABS   |    00000000  l__HEADER
     00000000  l__HEAP   |    00000000  l__HEAP_E |    00000000  l__LIT   
     00000000  s__CABS   |    00000000  s__DABS   |    00000000  s__HEADER
     00000000  s__HEADER |    00000000  s__HEADER |    00000000  s__HEADER
     00000000  s__HEADER |    00000000  s__HEADER |    00000000  s__HEADER
     00000000  s__HEADER |    00000000  s__HEADER |    00000000  s__HEADER
     00000000  s__HEADER |    00000000  s__HEADER |    00000000  s__HEADER
     00000000  s__HEADER |    00000000  s__HEADER |    00000000  s__HEADER
     00000000  s__HEADER |    00000000  s__HEADER |    00000000  s__HEADER
     00000001  l__GSFINA |    00000001  l__HEADER |    00000001  l__HEADER
     00000001  l__HEADER |    00000001  l__HEADER |    00000001  l__HEADER
     00000001  l__HEADER |    00000001  l__HEADER |    00000001  l__INITIA
     00000001  l__INITIA |    00000002  l__HEADER |    00000002  l__HEADER
     00000002  l__HEADER |    00000003  l__HEADER |    00000005  l__HEADER
     00000006  l__HEADER |    00000007  l__HEADER |    00000008  l__HEADER
     0000000C  l__GSINIT |    00000013  l__HRAM   |    00000030  l__HEADER
     00000057  l__DATA   |    00000060  l__HEADER |    000000AB  l__HEADER
     00000200  s__CODE   |    000002B0  l__HOME   |    00002000  _rROMB0  
     0000249E  l__CODE   |    0000269E  s__HOME   |    0000294E  s__BASE  
     0000294E  s__CODE_0 |    0000294E  s__INITIA |    0000294E  s__LIT   
     0000294F  s__GSINIT |    0000295B  s__GSFINA |    00003000  _rROMB1  
     00004000  _rMBC7_SR |    00004000  _rRAMB    |    00008000  __VRAM   
     00008000  __VRAM800 |    00008800  __VRAM880 |    00009000  __VRAM900
     00009800  __SCRN0   |    00009C00  __SCRN1   |    0000A000  __SRAM   
     0000A000  _rMBC7_LA |    0000A000  _savedChe |    0000A001  _savedVer
     0000A002  _savedSco |    0000A010  _rMBC7_LA |    0000A020  _rMBC7_AC
     0000A030  _rMBC7_AC |    0000A040  _rMBC7_AC |    0000A050  _rMBC7_AC
     0000C000  __RAM     |    0000C000  _shadow_O |    0000C0A0  s__DATA  
     0000C0F7  s__BSS    |    0000C0F7  s__INITIA |    0000C0F8  s__HEAP  
     0000C0F8  s__HEAP_E |    0000D000  __RAMBANK |    0000E000  .STACK   
     0000FE00  __OAMRAM  |    0000FF00  _P1_REG   |    0000FF00  __IO     
     0000FF01  _SB_REG   |    0000FF02  _SC_REG   |    0000FF04  _DIV_REG 
     0000FF05  _TIMA_REG |    0000FF06  _TMA_REG  |    0000FF07  _TAC_REG 
     0000FF0F  _IF_REG   |    0000FF10  _NR10_REG |    0000FF11  _NR11_REG
     0000FF12  _NR12_REG |    0000FF13  _NR13_REG |    0000FF14  _NR14_REG
     0000FF16  _NR21_REG |    0000FF17  _NR22_REG |    0000FF18  _NR23_REG
     0000FF19  _NR24_REG |    0000FF1A  _NR30_REG |    0000FF1B  _NR31_REG
     0000FF1C  _NR32_REG |    0000FF1D  _NR33_REG |    0000FF1E  _NR34_REG
     0000FF20  _NR41_REG |    0000FF21  _NR42_REG |    0000FF22  _NR43_REG
     0000FF23  _NR44_REG |    0000FF24  _NR50_REG |    0000FF25  _NR51_REG
     0000FF26  _NR52_REG |    0000FF30  _AUD3WAVE |    0000FF30  _PCM_SAMP
     0000FF30  __AUD3WAV |    0000FF40  _LCDC_REG |    0000FF41  _STAT_REG
     0000FF42  _SCY_REG  |    0000FF43  _SCX_REG  |    0000FF44  _LY_REG  
     0000FF45  _LYC_REG  |    0000FF46  _DMA_REG  |    0000FF47  _BGP_REG 
     0000FF48  _OBP0_REG |    0000FF49  _OBP1_REG |    0000FF4A  _WY_REG  
     0000FF4B  _WX_REG   |    0000FF4D  _KEY1_REG |    0000FF4F  _VBK_REG 
     0000FF51  _HDMA1_RE |    0000FF52  _HDMA2_RE |    0000FF53  _HDMA3_RE
     0000FF54  _HDMA4_RE |    0000FF55  _HDMA5_RE |    0000FF56  _RP_REG  
ASxxxx Linker V03.00/V05.40 + sdld,  page 2.
Hexadecimal  [32-Bits]

Area                       Addr        Size        Decimal Bytes (Attributes)
--------------------       ----        ----        ------- ----- ------------
.  .ABS.               00000000    00000000 =           0. bytes (ABS,CON)

        Value  Global            Value  Global            Value  Global    
        -----  ------            -----  ------            -----  ------    
     0000FF68  _BCPS_REG |    0000FF69  _BCPD_REG |    0000FF6A  _OCPS_REG
     0000FF6B  _OCPD_REG |    0000FF70  _SVBK_REG |    0000FF76  _PCM12_RE
     0000FF77  _PCM34_RE |    0000FF80  __HRAM    |    0000FF80  s__HRAM  
     0000FFFF  _IE_REG  
ASxxxx Linker V03.00/V05.40 + sdld,  page 3.
Hexadecimal  [32-Bits]

Area                       Addr        Size        Decimal Bytes (Attributes)
--------------------       ----        ----        ------- ----- ------------
_CODE                  00000200    0000249E =        9374. bytes (REL,CON)

        Value  Global            Value  Global            Value  Global    
        -----  ------            -----  ------            -----  ------    
     00000216  _snake_ga |    00000449  _init_sna |    000006E2  _snake_st
     000007CD  _set_coor |    000007DC  _get_memb |    0000089D  _get_coor
     000009AB  _place_fi |    000009E2  _get_tile |    00000A2A  _snake_ke
     00000B32  _set_scor |    00000B36  _init_sna |    00000B58  _incremen
     00000B5D  _get_head |    00000B76  _handle_s |    00000B8A  _check_ga
     00000BA3  _handle_c |    00000CFE  _manage_m |    00000DA5  _run_hopp
     00000E0F  _draw_liv |    00000E1C  _CatTiles |    00000EEC  _EarthTil
     00000F7C  _LifesTil |    00000FFC  _display_ |    0000109A  _display_
     00001117  _display_ |    00001132  _draw_pip |    0000118A  _handle_i
     000011B0  _handle_j |    00001232  _handle_r |    00001265  _update_p
     00001372  _handle_c |    00001490  _draw_hop |    000014DE  _setup_sc
     000014FE  _draw_men |    000015CC  _handle_m |    0000160F  _launch_s
     000016E1  _run_flap |    000016E9  _run_snak |    000017AD  _init_men
     00001841  _CheckerB |    00001988  _game_ove |    000019FD  _run_hopp
     00001A4C  _checkerb |    00001A88  _clear_al |    00001AB0  _menu_fon
     00001ABE  _FontTile |    00001D5E  _get_spec |    00001D8D  _get_char
     00001DF7  _draw_tex |    00001E26  _init_sav |    00001E5B  _save_sco
     00001F00  _load_sco |    00001F4C  _flappy_g |    00001F50  _flappy_b
     00001F80  _FlappyBi |    000021B8  _flappy_i |    00002200  _flappy_u
     00002382  _init_pip |    000023AD  _update_p |    000023DC  _pipe_hit
     0000248B  _pipe_sco |    000024C1  _main     |    000024C4  __divsuch
     000024CA  __modsuch |    000024D3  __divusch |    000024DC  __modusch
     000024E8  __divscha |    000024ED  __modscha |    000024F4  __divsint
     000024FD  __modsint |    00002509  __divucha |    0000250E  __moducha
     00002515  __divuint |    0000251E  __moduint |    0000252A  .div8    
     0000252A  .mod8     |    00002532  .div16    |    00002532  .mod16   
     00002568  .divu8    |    00002568  .modu8    |    0000256B  .divu16  
     0000256B  .modu16   |    000025AB  _set_vram |    000025B4  _set_win_
     000025BD  _set_bkg_ |    000025EC  _arand    |    00002618  _initaran
     00002643  ___memcpy |    00002643  _memcpy   |    00002675  _get_win_
     00002680  _get_bkg_
ASxxxx Linker V03.00/V05.40 + sdld,  page 4.
Hexadecimal  [32-Bits]

Area                       Addr        Size        Decimal Bytes (Attributes)
--------------------       ----        ----        ------- ----- ------------
_HEADER0               00000000    00000001 =           1. bytes (ABS,CON)

        Value  Global            Value  Global            Value  Global    
        -----  ------            -----  ------            -----  ------    
     00000020  .call_hl 
ASxxxx Linker V03.00/V05.40 + sdld,  page 5.
Hexadecimal  [32-Bits]

Area                       Addr        Size        Decimal Bytes (Attributes)
--------------------       ----        ----        ------- ----- ------------
_HEADER1               00000000    00000005 =           5. bytes (ABS,CON)

        Value  Global            Value  Global            Value  Global    
        -----  ------            -----  ------            -----  ------    
     00000028  .MemsetSm
ASxxxx Linker V03.00/V05.40 + sdld,  page 6.
Hexadecimal  [32-Bits]

Area                       Addr        Size        Decimal Bytes (Attributes)
--------------------       ----        ----        ------- ----- ------------
_HEADER2               00000000    00000007 =           7. bytes (ABS,CON)

        Value  Global            Value  Global            Value  Global    
        -----  ------            -----  ------            -----  ------    
     00000030  .MemcpySm
ASxxxx Linker V03.00/V05.40 + sdld,  page 7.
Hexadecimal  [32-Bits]

Area                       Addr        Size        Decimal Bytes (Attributes)
--------------------       ----        ----        ------- ----- ------------
_HEADER3               00000000    00000008 =           8. bytes (ABS,CON)

        Value  Global            Value  Global            Value  Global    
        -----  ------            -----  ------            -----  ------    
ASxxxx Linker V03.00/V05.40 + sdld,  page 8.
Hexadecimal  [32-Bits]

Area                       Addr        Size        Decimal Bytes (Attributes)
--------------------       ----        ----        ------- ----- ------------
_HEADER4               00000000    00000060 =          96. bytes (ABS,CON)

        Value  Global            Value  Global            Value  Global    
        -----  ------            -----  ------            -----  ------    
     00000080  .int      |    0000008F  _wait_int |    0000009C  __standar
     000000AB  _refresh_ |    000000CC  _set_inte
ASxxxx Linker V03.00/V05.40 + sdld,  page 9.
Hexadecimal  [32-Bits]

Area                       Addr        Size        Decimal Bytes (Attributes)
--------------------       ----        ----        ------- ----- ------------
_HEADER5               00000000    00000001 =           1. bytes (ABS,CON)

        Value  Global            Value  Global            Value  Global    
        -----  ------            -----  ------            -----  ------    
ASxxxx Linker V03.00/V05.40 + sdld,  page 10.
Hexadecimal  [32-Bits]

Area                       Addr        Size        Decimal Bytes (Attributes)
--------------------       ----        ----        ------- ----- ------------
_HEADER6               00000000    00000002 =           2. bytes (ABS,CON)

        Value  Global            Value  Global            Value  Global    
        -----  ------            -----  ------            -----  ------    
ASxxxx Linker V03.00/V05.40 + sdld,  page 11.
Hexadecimal  [32-Bits]

Area                       Addr        Size        Decimal Bytes (Attributes)
--------------------       ----        ----        ------- ----- ------------
_HEADER7               00000000    00000030 =          48. bytes (ABS,CON)

        Value  Global            Value  Global            Value  Global    
        -----  ------            -----  ------            -----  ------    
ASxxxx Linker V03.00/V05.40 + sdld,  page 12.
Hexadecimal  [32-Bits]

Area                       Addr        Size        Decimal Bytes (Attributes)
--------------------       ----        ----        ------- ----- ------------
_HEADER8               00000000    00000006 =           6. bytes (ABS,CON)

        Value  Global            Value  Global            Value  Global    
        -----  ------            -----  ------            -----  ------    
ASxxxx Linker V03.00/V05.40 + sdld,  page 13.
Hexadecimal  [32-Bits]

Area                       Addr        Size        Decimal Bytes (Attributes)
--------------------       ----        ----        ------- ----- ------------
_HEADER9               00000000    00000003 =           3. bytes (ABS,CON)

        Value  Global            Value  Global            Value  Global    
        -----  ------            -----  ------            -----  ------    
ASxxxx Linker V03.00/V05.40 + sdld,  page 14.
Hexadecimal  [32-Bits]

Area                       Addr        Size        Decimal Bytes (Attributes)
--------------------       ----        ----        ------- ----- ------------
_HEADERa               00000000    00000001 =           1. bytes (ABS,CON)

        Value  Global            Value  Global            Value  Global    
        -----  ------            -----  ------            -----  ------    
ASxxxx Linker V03.00/V05.40 + sdld,  page 15.
Hexadecimal  [32-Bits]

Area                       Addr        Size        Decimal Bytes (Attributes)
--------------------       ----        ----        ------- ----- ------------
_HEADERb               00000000    00000001 =           1. bytes (ABS,CON)

        Value  Global            Value  Global            Value  Global    
        -----  ------            -----  ------            -----  ------    
ASxxxx Linker V03.00/V05.40 + sdld,  page 16.
Hexadecimal  [32-Bits]

Area                       Addr        Size        Decimal Bytes (Attributes)
--------------------       ----        ----        ------- ----- ------------
_HEADERc               00000000    00000001 =           1. bytes (ABS,CON)

        Value  Global            Value  Global            Value  Global    
        -----  ------            -----  ------            -----  ------    
ASxxxx Linker V03.00/V05.40 + sdld,  page 17.
Hexadecimal  [32-Bits]

Area                       Addr        Size        Decimal Bytes (Attributes)
--------------------       ----        ----        ------- ----- ------------
_HEADERd               00000000    00000002 =           2. bytes (ABS,CON)

        Value  Global            Value  Global            Value  Global    
        -----  ------            -----  ------            -----  ------    
ASxxxx Linker V03.00/V05.40 + sdld,  page 18.
Hexadecimal  [32-Bits]

Area                       Addr        Size        Decimal Bytes (Attributes)
--------------------       ----        ----        ------- ----- ------------
_HEADERe               00000000    00000001 =           1. bytes (ABS,CON)

        Value  Global            Value  Global            Value  Global    
        -----  ------            -----  ------            -----  ------    
ASxxxx Linker V03.00/V05.40 + sdld,  page 19.
Hexadecimal  [32-Bits]

Area                       Addr        Size        Decimal Bytes (Attributes)
--------------------       ----        ----        ------- ----- ------------
_HEADERf               00000000    00000001 =           1. bytes (ABS,CON)

        Value  Global            Value  Global            Value  Global    
        -----  ------            -----  ------            -----  ------    
ASxxxx Linker V03.00/V05.40 + sdld,  page 20.
Hexadecimal  [32-Bits]

Area                       Addr        Size        Decimal Bytes (Attributes)
--------------------       ----        ----        ------- ----- ------------
_HEADER10              00000000    00000002 =           2. bytes (ABS,CON)

        Value  Global            Value  Global            Value  Global    
        -----  ------            -----  ------            -----  ------    
ASxxxx Linker V03.00/V05.40 + sdld,  page 21.
Hexadecimal  [32-Bits]

Area                       Addr        Size        Decimal Bytes (Attributes)
--------------------       ----        ----        ------- ----- ------------
_HEADER11              00000000    000000AB =         171. bytes (ABS,CON)

        Value  Global            Value  Global            Value  Global    
        -----  ------            -----  ------            -----  ------    
     00000150  .reset    |    00000150  _reset    |    00000157  .code_sta
     000001B9  _exit     |    000001BD  .wait_vbl |    000001BD  _vsync   
     000001BD  _wait_vbl |    000001CD  .remove_V |    000001CD  _remove_V
     000001D0  .remove_i |    000001ED  .add_VBL  |    000001ED  _add_VBL 
     000001F0  .add_int 
ASxxxx Linker V03.00/V05.40 + sdld,  page 22.
Hexadecimal  [32-Bits]

Area                       Addr        Size        Decimal Bytes (Attributes)
--------------------       ----        ----        ------- ----- ------------
_HOME                  0000269E    000002B0 =         688. bytes (REL,CON)

        Value  Global            Value  Global            Value  Global    
        -----  ------            -----  ------            -----  ------    
     0000269E  .memset_s |    000026A7  .memcpy_s |    000026C4  .display_
     000026C4  _display_ |    000026DC  _fill_win |    000026EE  _rand    
     000026EE  _randw    |    00002719  _initrand |    0000271B  .initrand
     00002724  _set_win_ |    00002738  _set_tile |    0000273D  _set_bkg_
     0000273D  _set_win_ |    00002745  _set_spri |    00002775  .fill_rec
     0000277E  .fill_rec |    000027CB  _fill_bkg |    000027DD  _init_win
     000027E6  _init_bkg |    000027EF  _vmemset  |    00002800  .padup   
     00002800  _waitpadu |    00002810  .jpad     |    00002810  _joypad  
     00002838  _waitpad  |    00002839  .wait_pad |    00002840  ___sdcc_c
     00002841  _memset   |    00002874  .delay    |    00002874  _delay   
     000028A0  .init_wtt |    000028A8  .init_btt |    000028B6  .init_tt 
     000028B9  .init_vra |    000028DE  _set_bkg_ |    000028F2  .set_xy_w
     000028FB  .set_xy_b |    0000290A  .set_xy_t
ASxxxx Linker V03.00/V05.40 + sdld,  page 23.
Hexadecimal  [32-Bits]

Area                       Addr        Size        Decimal Bytes (Attributes)
--------------------       ----        ----        ------- ----- ------------
_INITIALIZER           0000294E    00000001 =           1. bytes (REL,CON)

        Value  Global            Value  Global            Value  Global    
        -----  ------            -----  ------            -----  ------    
ASxxxx Linker V03.00/V05.40 + sdld,  page 24.
Hexadecimal  [32-Bits]

Area                       Addr        Size        Decimal Bytes (Attributes)
--------------------       ----        ----        ------- ----- ------------
_GSINIT                0000294F    0000000C =          12. bytes (REL,CON)

        Value  Global            Value  Global            Value  Global    
        -----  ------            -----  ------            -----  ------    
     0000294F  gsinit   
ASxxxx Linker V03.00/V05.40 + sdld,  page 25.
Hexadecimal  [32-Bits]

Area                       Addr        Size        Decimal Bytes (Attributes)
--------------------       ----        ----        ------- ----- ------------
_GSFINAL               0000295B    00000001 =           1. bytes (REL,CON)

        Value  Global            Value  Global            Value  Global    
        -----  ------            -----  ------            -----  ------    
ASxxxx Linker V03.00/V05.40 + sdld,  page 26.
Hexadecimal  [32-Bits]

Area                       Addr        Size        Decimal Bytes (Attributes)
--------------------       ----        ----        ------- ----- ------------
_DATA                  0000C0A0    00000057 =          87. bytes (REL,CON)

        Value  Global            Value  Global            Value  Global    
        -----  ------            -----  ------            -----  ------    
     0000C0A0  __cpu     |    0000C0A1  __is_GBA  |    0000C0A2  .mode    
     0000C0A3  .sys_time |    0000C0A3  _sys_time |    0000C0A5  .int_0x40
     0000C0BC  ___rand_s
ASxxxx Linker V03.00/V05.40 + sdld,  page 27.
Hexadecimal  [32-Bits]

Area                       Addr        Size        Decimal Bytes (Attributes)
--------------------       ----        ----        ------- ----- ------------
_INITIALIZED           0000C0F7    00000001 =           1. bytes (REL,CON)

        Value  Global            Value  Global            Value  Global    
        -----  ------            -----  ------            -----  ------    
     0000C0F7  __map_til
ASxxxx Linker V03.00/V05.40 + sdld,  page 28.
Hexadecimal  [32-Bits]

Area                       Addr        Size        Decimal Bytes (Attributes)
--------------------       ----        ----        ------- ----- ------------
_HRAM                  0000FF80    00000013 =          19. bytes (REL,CON)

        Value  Global            Value  Global            Value  Global    
        -----  ------            -----  ------            -----  ------    
     0000FF80  .refresh_ |    0000FF90  __current |    0000FF91  __vbl_don
     0000FF92  __shadow_
ASxxxx Linker V03.00/V05.40 + sdld,  page 29.

Files Linked                              [ module(s) ]

/opt/gbdk/lib/gb/crt0.o                   [ Runtime ]
src/games/hoppy_snake/snake_game_loop.o   [ snake_game_loop ]
src/games/hoppy_snake/init_snake_game.o   [ init_snake_game ]
src/games/hoppy_snake/snake_step.o        [ snake_step ]
src/games/hoppy_snake/coords_t.o          [ coords_t ]
src/games/hoppy_snake/get_member_next.o   [ get_member_next ]
src/games/hoppy_snake/get_coords_next.o   [ get_coords_next ]
src/games/hoppy_snake/place_fish.o        [ place_fish ]
src/games/hoppy_snake/snake_board_t.o     [ snake_board_t ]
src/games/hoppy_snake/snake_event_handler.o
                                          [ snake_event_handler ]
src/games/hoppy_snake/snake_score.o       [ snake_score ]
src/games/hoppy_snake/get_head_sprite.o   [ get_head_sprite ]
src/games/hoppy_run/hoppy_run.o           [ hoppy_run ]
src/games/hoppy_run/manage_display.o      [ manage_display ]
src/games/hoppy_run/manage_input.o        [ manage_input ]
src/games/hoppy_run/score.o               [ score ]
src/menu/menu.o                           [ menu ]
src/menu/hoppy_game.o                     [ hoppy_game ]
src/utils/end_game.o                      [ end_game ]
src/utils/font_utils.o                    [ font_utils ]
src/utils/leaderboard.o                   [ leaderboard ]
src/games/hoppy_bird/flappy.o             [ flappy ]
src/games/hoppy_bird/flappy_pipe.o        [ flappy_pipe ]
src/main.o                                [ main ]


Libraries Linked                          [ object file ]

/opt/gbdk/lib/gb/gb.lib                   [ fill_rect_wi.o ]
/opt/gbdk/lib/sm83/sm83.lib               [ rand.o ]
/opt/gbdk/lib/gb/gb.lib                   [ sfr.o ]
/opt/gbdk/lib/sm83/sm83.lib               [ div.o ]
/opt/gbdk/lib/gb/gb.lib                   [ set_tile.o ]
/opt/gbdk/lib/gb/gb.lib                   [ set_wi_t.o ]
/opt/gbdk/lib/sm83/sm83.lib               [ arand.o ]
/opt/gbdk/lib/gb/gb.lib                   [ set_data.o ]
/opt/gbdk/lib/gb/gb.lib                   [ fill_rect.o ]
/opt/gbdk/lib/gb/gb.lib                   [ fill_rect_bk.o ]
/opt/gbdk/lib/gb/gb.lib                   [ init_vram.o ]
/opt/gbdk/lib/gb/gb.lib                   [ pad.o ]
/opt/gbdk/lib/sm83/sm83.lib               [ __sdcc_call_hl.o ]
/opt/gbdk/lib/sm83/sm83.lib               [ memcpy.o ]
/opt/gbdk/lib/sm83/sm83.lib               [ _memset.o ]
/opt/gbdk/lib/gb/gb.lib                   [ delay.o ]
/opt/gbdk/lib/gb/gb.lib                   [ init_tt.o ]
/opt/gbdk/lib/gb/gb.lib                   [ get_addr.o ]
/opt/gbdk/lib/gb/gb.lib                   [ set_bk_t.o ]
/opt/gbdk/lib/gb/gb.lib                   [ set_xy_t.o ]

ASxxxx Linker V03.00/V05.40 + sdld,  page 30.

User Base Address Definitions

_DATA=0xC0A0
_CODE=0x0200
_HRAM=0xFF80
ASxxxx Linker V03.00/V05.40 + sdld,  page 31.

User Global Definitions

_shadow_OAM=0xC000
.STACK=0xE000

