                                      1 ;--------------------------------------------------------
                                      2 ; File Created by SDCC : free open source ISO C Compiler
                                      3 ; Version 4.5.1 #15267 (Linux)
                                      4 ;--------------------------------------------------------
                                      5 	.module hoppy_run
                                      6 	
                                      7 ;--------------------------------------------------------
                                      8 ; Public variables in this module
                                      9 ;--------------------------------------------------------
                                     10 	.globl _handle_collision_damage
                                     11 	.globl _check_game_over
                                     12 	.globl _handle_sprite_animation
                                     13 	.globl _game_over_screen
                                     14 	.globl _clear_all_sprites
                                     15 	.globl _handle_collisions
                                     16 	.globl _update_pipe
                                     17 	.globl _handle_run
                                     18 	.globl _handle_jump
                                     19 	.globl _handle_input
                                     20 	.globl _display_hoppy
                                     21 	.globl _setup_score_window
                                     22 	.globl _draw_hoppy_score
                                     23 	.globl _display_pipe
                                     24 	.globl _draw_lives
                                     25 	.globl _display_background
                                     26 	.globl _vsync
                                     27 	.globl _manage_main_loop
                                     28 	.globl _run_hoppy
                                     29 ;--------------------------------------------------------
                                     30 ; special function registers
                                     31 ;--------------------------------------------------------
                                     32 	.area _HRAM
                                     33 ;--------------------------------------------------------
                                     34 ; ram data
                                     35 ;--------------------------------------------------------
                                     36 	.area _DATA
                                     37 ;--------------------------------------------------------
                                     38 ; ram data
                                     39 ;--------------------------------------------------------
                                     40 	.area _INITIALIZED
                                     41 ;--------------------------------------------------------
                                     42 ; absolute external ram data
                                     43 ;--------------------------------------------------------
                                     44 	.area _DABS (ABS)
                                     45 ;--------------------------------------------------------
                                     46 ; global & static initialisations
                                     47 ;--------------------------------------------------------
                                     48 	.area _HOME
                                     49 	.area _GSINIT
                                     50 	.area _GSFINAL
                                     51 	.area _GSINIT
                                     52 ;--------------------------------------------------------
                                     53 ; Home
                                     54 ;--------------------------------------------------------
                                     55 	.area _HOME
                                     56 	.area _HOME
                                     57 ;--------------------------------------------------------
                                     58 ; code
                                     59 ;--------------------------------------------------------
                                     60 	.area _CODE
                                     61 ;src/games/hoppy_run/hoppy_run.c:13: void handle_sprite_animation(display_t *display, input_t *input)
                                     62 ;	---------------------------------
                                     63 ; Function handle_sprite_animation
                                     64 ; ---------------------------------
    00000000                         65 _handle_sprite_animation::
                                     66 ;src/games/hoppy_run/hoppy_run.c:15: if (input->is_jumping) {
    00000000 03               [ 8]   67 	inc	bc
    00000001 03               [ 8]   68 	inc	bc
    00000002 0A               [ 8]   69 	ld	a, (bc)
    00000003 4F               [ 4]   70 	ld	c, a
    00000004 CB 41            [ 8]   71 	bit	0, c
    00000006 CAr00r00         [16]   72 	jp	Z, _handle_run
                                     73 ;/opt/gbdk/include/gb/gb.h:1887: shadow_OAM[nb].tile=tile;
    00000009 21r02r00         [12]   74 	ld	hl, #(_shadow_OAM + 2)
    0000000C 36 08            [12]   75 	ld	(hl), #0x08
    0000000E 21r06r00         [12]   76 	ld	hl, #(_shadow_OAM + 6)
    00000011 36 0A            [12]   77 	ld	(hl), #0x0a
                                     78 ;src/games/hoppy_run/hoppy_run.c:17: set_sprite_tile(1, 10);
                                     79 ;src/games/hoppy_run/hoppy_run.c:19: handle_run(display);
                                     80 ;src/games/hoppy_run/hoppy_run.c:21: }
    00000013 C9               [16]   81 	ret
                                     82 ;src/games/hoppy_run/hoppy_run.c:23: bool check_game_over(display_t *display)
                                     83 ;	---------------------------------
                                     84 ; Function check_game_over
                                     85 ; ---------------------------------
    00000014                         86 _check_game_over::
                                     87 ;src/games/hoppy_run/hoppy_run.c:25: if (display->lives == 0) {
    00000014 21 04 00         [12]   88 	ld	hl, #0x0004
    00000017 19               [ 8]   89 	add	hl, de
    00000018 7E               [ 8]   90 	ld	a, (hl)
    00000019 B7               [ 4]   91 	or	a, a
    0000001A 20 0F            [12]   92 	jr	NZ, 00102$
                                     93 ;src/games/hoppy_run/hoppy_run.c:26: HIDE_SPRITES;
    0000001C F0r00            [12]   94 	ldh	a, (_LCDC_REG + 0)
    0000001E E6 FD            [ 8]   95 	and	a, #0xfd
    00000020 E0r00            [12]   96 	ldh	(_LCDC_REG + 0), a
                                     97 ;src/games/hoppy_run/hoppy_run.c:27: HIDE_WIN;
    00000022 F0r00            [12]   98 	ldh	a, (_LCDC_REG + 0)
    00000024 E6 DF            [ 8]   99 	and	a, #0xdf
    00000026 E0r00            [12]  100 	ldh	(_LCDC_REG + 0), a
                                    101 ;src/games/hoppy_run/hoppy_run.c:28: return true;
    00000028 3E 01            [ 8]  102 	ld	a, #0x01
    0000002A C9               [16]  103 	ret
    0000002B                        104 00102$:
                                    105 ;src/games/hoppy_run/hoppy_run.c:30: return false;
    0000002B AF               [ 4]  106 	xor	a, a
                                    107 ;src/games/hoppy_run/hoppy_run.c:31: }
    0000002C C9               [16]  108 	ret
                                    109 ;src/games/hoppy_run/hoppy_run.c:33: void handle_collision_damage(pipe_t *pipe, input_t *input,
                                    110 ;	---------------------------------
                                    111 ; Function handle_collision_damage
                                    112 ; ---------------------------------
    0000002D                        113 _handle_collision_damage::
    0000002D D5               [16]  114 	push	de
                                    115 ;src/games/hoppy_run/hoppy_run.c:36: if (*invincible > 0) {
    0000002E F8 06            [12]  116 	ldhl	sp,	#6
    00000030 2A               [ 8]  117 	ld	a, (hl+)
    00000031 5F               [ 4]  118 	ld	e, a
    00000032 56               [ 8]  119 	ld	d, (hl)
    00000033 1A               [ 8]  120 	ld	a, (de)
    00000034 B7               [ 4]  121 	or	a, a
    00000035 28 04            [12]  122 	jr	Z, 00102$
                                    123 ;src/games/hoppy_run/hoppy_run.c:37: (*invincible)--;
    00000037 3D               [ 4]  124 	dec	a
    00000038 12               [ 8]  125 	ld	(de), a
                                    126 ;src/games/hoppy_run/hoppy_run.c:38: return;
    00000039 18 26            [12]  127 	jr	00105$
    0000003B                        128 00102$:
                                    129 ;src/games/hoppy_run/hoppy_run.c:40: if (handle_collisions(pipe, input, display)) {
    0000003B D5               [16]  130 	push	de
    0000003C F8 06            [12]  131 	ldhl	sp,	#6
    0000003E 2A               [ 8]  132 	ld	a, (hl+)
    0000003F 66               [ 8]  133 	ld	h, (hl)
    00000040 6F               [ 4]  134 	ld	l, a
    00000041 E5               [16]  135 	push	hl
    00000042 F8 04            [12]  136 	ldhl	sp,	#4
    00000044 2A               [ 8]  137 	ld	a, (hl+)
    00000045 5F               [ 4]  138 	ld	e, a
    00000046 56               [ 8]  139 	ld	d, (hl)
    00000047 CDr00r00         [24]  140 	call	_handle_collisions
    0000004A 4F               [ 4]  141 	ld	c, a
    0000004B D1               [12]  142 	pop	de
    0000004C CB 41            [ 8]  143 	bit	0, c
    0000004E 28 11            [12]  144 	jr	Z, 00105$
                                    145 ;src/games/hoppy_run/hoppy_run.c:41: display->lives--;
    00000050 F8 04            [12]  146 	ldhl	sp,	#4
    00000052 2A               [ 8]  147 	ld	a, (hl+)
    00000053 4F               [ 4]  148 	ld	c, a
    00000054 46               [ 8]  149 	ld	b, (hl)
    00000055 21 04 00         [12]  150 	ld	hl, #0x0004
    00000058 09               [ 8]  151 	add	hl, bc
    00000059 35               [12]  152 	dec	(hl)
                                    153 ;src/games/hoppy_run/hoppy_run.c:42: *invincible = 60;
    0000005A 3E 3C            [ 8]  154 	ld	a, #0x3c
    0000005C 12               [ 8]  155 	ld	(de), a
                                    156 ;src/games/hoppy_run/hoppy_run.c:43: draw_lives(display->lives);
    0000005D 7E               [ 8]  157 	ld	a, (hl)
    0000005E CDr00r00         [24]  158 	call	_draw_lives
    00000061                        159 00105$:
                                    160 ;src/games/hoppy_run/hoppy_run.c:45: }
    00000061 33               [ 8]  161 	inc	sp
    00000062 33               [ 8]  162 	inc	sp
    00000063 E1               [12]  163 	pop	hl
    00000064 E8 04            [16]  164 	add	sp, #4
    00000066 E9               [ 4]  165 	jp	(hl)
                                    166 ;src/games/hoppy_run/hoppy_run.c:47: static void update_scroll(display_t *display, uint8_t *increase)
                                    167 ;	---------------------------------
                                    168 ; Function update_scroll
                                    169 ; ---------------------------------
    00000067                        170 _update_scroll:
    00000067 E8 F5            [16]  171 	add	sp, #-11
    00000069 F8 08            [12]  172 	ldhl	sp,	#8
    0000006B 7B               [ 4]  173 	ld	a, e
    0000006C 22               [ 8]  174 	ld	(hl+), a
    0000006D 72               [ 8]  175 	ld	(hl), d
    0000006E F8 06            [12]  176 	ldhl	sp,	#6
    00000070 79               [ 4]  177 	ld	a, c
    00000071 22               [ 8]  178 	ld	(hl+), a
                                    179 ;src/games/hoppy_run/hoppy_run.c:49: display->scroll++;
    00000072 78               [ 4]  180 	ld	a, b
    00000073 22               [ 8]  181 	ld	(hl+), a
    00000074 2A               [ 8]  182 	ld	a, (hl+)
    00000075 5F               [ 4]  183 	ld	e, a
    00000076 56               [ 8]  184 	ld	d, (hl)
    00000077 21 02 00         [12]  185 	ld	hl, #0x0002
    0000007A 19               [ 8]  186 	add	hl, de
    0000007B 33               [ 8]  187 	inc	sp
    0000007C 33               [ 8]  188 	inc	sp
    0000007D 5D               [ 4]  189 	ld	e, l
    0000007E 54               [ 4]  190 	ld	d, h
    0000007F D5               [16]  191 	push	de
    00000080 1A               [ 8]  192 	ld	a, (de)
    00000081 4F               [ 4]  193 	ld	c, a
    00000082 13               [ 8]  194 	inc	de
    00000083 1A               [ 8]  195 	ld	a, (de)
    00000084 47               [ 4]  196 	ld	b, a
    00000085 03               [ 8]  197 	inc	bc
    00000086 E1               [12]  198 	pop	hl
    00000087 E5               [16]  199 	push	hl
    00000088 79               [ 4]  200 	ld	a, c
    00000089 22               [ 8]  201 	ld	(hl+), a
    0000008A 70               [ 8]  202 	ld	(hl), b
                                    203 ;src/games/hoppy_run/hoppy_run.c:50: if (display->scroll % (SPEED_INCREASE_INTERVAL * (*increase)) == 0) {
    0000008B F8 06            [12]  204 	ldhl	sp,#6
    0000008D 2A               [ 8]  205 	ld	a, (hl+)
    0000008E 5F               [ 4]  206 	ld	e, a
    0000008F 56               [ 8]  207 	ld	d, (hl)
    00000090 1A               [ 8]  208 	ld	a, (de)
    00000091 6F               [ 4]  209 	ld	l, a
    00000092 26 00            [ 8]  210 	ld	h, #0x00
    00000094 5D               [ 4]  211 	ld	e, l
    00000095 54               [ 4]  212 	ld	d, h
    00000096 29               [ 8]  213 	add	hl, hl
    00000097 19               [ 8]  214 	add	hl, de
    00000098 29               [ 8]  215 	add	hl, hl
    00000099 19               [ 8]  216 	add	hl, de
    0000009A 29               [ 8]  217 	add	hl, hl
    0000009B 19               [ 8]  218 	add	hl, de
    0000009C 29               [ 8]  219 	add	hl, hl
    0000009D 19               [ 8]  220 	add	hl, de
    0000009E 29               [ 8]  221 	add	hl, hl
    0000009F 29               [ 8]  222 	add	hl, hl
    000000A0 19               [ 8]  223 	add	hl, de
    000000A1 29               [ 8]  224 	add	hl, hl
    000000A2 29               [ 8]  225 	add	hl, hl
    000000A3 59               [ 4]  226 	ld	e, c
    000000A4 50               [ 4]  227 	ld	d, b
    000000A5 4D               [ 4]  228 	ld	c, l
    000000A6 44               [ 4]  229 	ld	b, h
                                    230 ;src/games/hoppy_run/hoppy_run.c:51: display->speed++;
    000000A7 CDr00r00         [24]  231 	call	__moduint
    000000AA C5               [16]  232 	push	bc
    000000AB F8 0A            [12]  233 	ldhl	sp,#10
    000000AD 2A               [ 8]  234 	ld	a, (hl+)
    000000AE 5F               [ 4]  235 	ld	e, a
    000000AF 56               [ 8]  236 	ld	d, (hl)
    000000B0 21 05 00         [12]  237 	ld	hl, #0x0005
    000000B3 19               [ 8]  238 	add	hl, de
    000000B4 D1               [12]  239 	pop	de
    000000B5 4D               [ 4]  240 	ld	c, l
    000000B6 44               [ 4]  241 	ld	b, h
                                    242 ;src/games/hoppy_run/hoppy_run.c:50: if (display->scroll % (SPEED_INCREASE_INTERVAL * (*increase)) == 0) {
    000000B7 7A               [ 4]  243 	ld	a, d
    000000B8 B3               [ 4]  244 	or	a, e
    000000B9 20 10            [12]  245 	jr	NZ, 00111$
                                    246 ;src/games/hoppy_run/hoppy_run.c:51: display->speed++;
    000000BB 0A               [ 8]  247 	ld	a, (bc)
    000000BC 3C               [ 4]  248 	inc	a
    000000BD 02               [ 8]  249 	ld	(bc), a
                                    250 ;src/games/hoppy_run/hoppy_run.c:52: (*increase)++;
    000000BE F8 06            [12]  251 	ldhl	sp,#6
    000000C0 2A               [ 8]  252 	ld	a, (hl+)
    000000C1 5F               [ 4]  253 	ld	e, a
    000000C2 3A               [ 8]  254 	ld	a, (hl-)
    000000C3 57               [ 4]  255 	ld	d, a
    000000C4 1A               [ 8]  256 	ld	a, (de)
    000000C5 3C               [ 4]  257 	inc	a
    000000C6 5E               [ 8]  258 	ld	e, (hl)
    000000C7 23               [ 8]  259 	inc	hl
    000000C8 66               [ 8]  260 	ld	h, (hl)
    000000C9 6B               [ 4]  261 	ld	l, e
    000000CA 77               [ 8]  262 	ld	(hl), a
                                    263 ;src/games/hoppy_run/hoppy_run.c:54: for (uint8_t i = 1; i < display->speed; i++)
    000000CB                        264 00111$:
    000000CB F8 02            [12]  265 	ldhl	sp,	#2
    000000CD 79               [ 4]  266 	ld	a, c
    000000CE 22               [ 8]  267 	ld	(hl+), a
    000000CF 70               [ 8]  268 	ld	(hl), b
    000000D0 F8 0A            [12]  269 	ldhl	sp,	#10
    000000D2 36 01            [12]  270 	ld	(hl), #0x01
    000000D4                        271 00105$:
    000000D4 F8 02            [12]  272 	ldhl	sp,#2
    000000D6 2A               [ 8]  273 	ld	a, (hl+)
    000000D7 5F               [ 4]  274 	ld	e, a
                                    275 ;src/games/hoppy_run/hoppy_run.c:49: display->scroll++;
    000000D8 2A               [ 8]  276 	ld	a, (hl+)
    000000D9 57               [ 4]  277 	ld	d, a
    000000DA 1A               [ 8]  278 	ld	a, (de)
    000000DB 4F               [ 4]  279 	ld	c, a
    000000DC D1               [12]  280 	pop	de
    000000DD D5               [16]  281 	push	de
    000000DE 1A               [ 8]  282 	ld	a, (de)
    000000DF 22               [ 8]  283 	ld	(hl+), a
    000000E0 13               [ 8]  284 	inc	de
    000000E1 1A               [ 8]  285 	ld	a, (de)
    000000E2 77               [ 8]  286 	ld	(hl), a
                                    287 ;src/games/hoppy_run/hoppy_run.c:54: for (uint8_t i = 1; i < display->speed; i++)
    000000E3 F8 0A            [12]  288 	ldhl	sp,	#10
    000000E5 7E               [ 8]  289 	ld	a, (hl)
    000000E6 91               [ 4]  290 	sub	a, c
    000000E7 30 10            [12]  291 	jr	NC, 00103$
                                    292 ;src/games/hoppy_run/hoppy_run.c:55: display->scroll++;
    000000E9 F8 04            [12]  293 	ldhl	sp,	#4
    000000EB 2A               [ 8]  294 	ld	a, (hl+)
    000000EC 4F               [ 4]  295 	ld	c, a
    000000ED 46               [ 8]  296 	ld	b, (hl)
    000000EE 03               [ 8]  297 	inc	bc
    000000EF E1               [12]  298 	pop	hl
    000000F0 E5               [16]  299 	push	hl
    000000F1 79               [ 4]  300 	ld	a, c
    000000F2 22               [ 8]  301 	ld	(hl+), a
    000000F3 70               [ 8]  302 	ld	(hl), b
                                    303 ;src/games/hoppy_run/hoppy_run.c:54: for (uint8_t i = 1; i < display->speed; i++)
    000000F4 F8 0A            [12]  304 	ldhl	sp,	#10
    000000F6 34               [12]  305 	inc	(hl)
    000000F7 18 DB            [12]  306 	jr	00105$
    000000F9                        307 00103$:
                                    308 ;src/games/hoppy_run/hoppy_run.c:56: SCX_REG = (uint8_t)display->scroll;
    000000F9 F8 04            [12]  309 	ldhl	sp,	#4
    000000FB 7E               [ 8]  310 	ld	a, (hl)
    000000FC E0r00            [12]  311 	ldh	(_SCX_REG + 0), a
                                    312 ;src/games/hoppy_run/hoppy_run.c:57: }
    000000FE E8 0B            [16]  313 	add	sp, #11
    00000100 C9               [16]  314 	ret
                                    315 ;src/games/hoppy_run/hoppy_run.c:59: static void manage_game(display_t *display, input_t *input,
                                    316 ;	---------------------------------
                                    317 ; Function manage_game
                                    318 ; ---------------------------------
    00000101                        319 _manage_game:
    00000101 E8 FA            [16]  320 	add	sp, #-6
    00000103 F8 04            [12]  321 	ldhl	sp,	#4
    00000105 7B               [ 4]  322 	ld	a, e
    00000106 22               [ 8]  323 	ld	(hl+), a
    00000107 72               [ 8]  324 	ld	(hl), d
    00000108 F8 02            [12]  325 	ldhl	sp,	#2
    0000010A 79               [ 4]  326 	ld	a, c
    0000010B 22               [ 8]  327 	ld	(hl+), a
                                    328 ;src/games/hoppy_run/hoppy_run.c:62: handle_input(input);
    0000010C 78               [ 4]  329 	ld	a, b
    0000010D 32               [ 8]  330 	ld	(hl-), a
    0000010E 2A               [ 8]  331 	ld	a, (hl+)
    0000010F 5F               [ 4]  332 	ld	e, a
    00000110 56               [ 8]  333 	ld	d, (hl)
    00000111 CDr00r00         [24]  334 	call	_handle_input
                                    335 ;src/games/hoppy_run/hoppy_run.c:63: handle_sprite_animation(display, input);
    00000114 F8 02            [12]  336 	ldhl	sp,	#2
    00000116 2A               [ 8]  337 	ld	a, (hl+)
    00000117 4F               [ 4]  338 	ld	c, a
    00000118 2A               [ 8]  339 	ld	a, (hl+)
    00000119 47               [ 4]  340 	ld	b, a
    0000011A 2A               [ 8]  341 	ld	a, (hl+)
    0000011B 5F               [ 4]  342 	ld	e, a
    0000011C 56               [ 8]  343 	ld	d, (hl)
    0000011D CDr00r00         [24]  344 	call	_handle_sprite_animation
                                    345 ;src/games/hoppy_run/hoppy_run.c:64: if (input->is_jumping)
    00000120 F8 02            [12]  346 	ldhl	sp,	#2
    00000122 2A               [ 8]  347 	ld	a, (hl+)
    00000123 66               [ 8]  348 	ld	h, (hl)
    00000124 6F               [ 4]  349 	ld	l, a
    00000125 23               [ 8]  350 	inc	hl
    00000126 23               [ 8]  351 	inc	hl
    00000127 CB 46            [12]  352 	bit	0, (hl)
    00000129 28 08            [12]  353 	jr	Z, 00102$
                                    354 ;src/games/hoppy_run/hoppy_run.c:65: handle_jump(input);
    0000012B F8 02            [12]  355 	ldhl	sp,	#2
    0000012D 2A               [ 8]  356 	ld	a, (hl+)
    0000012E 5F               [ 4]  357 	ld	e, a
    0000012F 56               [ 8]  358 	ld	d, (hl)
    00000130 CDr00r00         [24]  359 	call	_handle_jump
    00000133                        360 00102$:
                                    361 ;src/games/hoppy_run/hoppy_run.c:66: update_scroll(display, &state->increase);
    00000133 F8 08            [12]  362 	ldhl	sp,	#8
    00000135 7E               [ 8]  363 	ld	a, (hl)
    00000136 F8 00            [12]  364 	ldhl	sp,	#0
    00000138 77               [ 8]  365 	ld	(hl), a
    00000139 F8 09            [12]  366 	ldhl	sp,	#9
    0000013B 7E               [ 8]  367 	ld	a, (hl)
    0000013C F8 01            [12]  368 	ldhl	sp,	#1
    0000013E 77               [ 8]  369 	ld	(hl), a
    0000013F D1               [12]  370 	pop	de
    00000140 D5               [16]  371 	push	de
    00000141 21 06 00         [12]  372 	ld	hl, #0x0006
    00000144 19               [ 8]  373 	add	hl, de
    00000145 4D               [ 4]  374 	ld	c, l
    00000146 44               [ 4]  375 	ld	b, h
    00000147 F8 04            [12]  376 	ldhl	sp,	#4
    00000149 2A               [ 8]  377 	ld	a, (hl+)
    0000014A 5F               [ 4]  378 	ld	e, a
    0000014B 56               [ 8]  379 	ld	d, (hl)
    0000014C CDr67r00         [24]  380 	call	_update_scroll
                                    381 ;src/games/hoppy_run/hoppy_run.c:67: draw_hoppy_score(display->scroll >> 6);
    0000014F F8 04            [12]  382 	ldhl	sp,	#4
    00000151 2A               [ 8]  383 	ld	a, (hl+)
    00000152 66               [ 8]  384 	ld	h, (hl)
    00000153 6F               [ 4]  385 	ld	l, a
    00000154 23               [ 8]  386 	inc	hl
    00000155 23               [ 8]  387 	inc	hl
    00000156 2A               [ 8]  388 	ld	a,	(hl+)
    00000157 66               [ 8]  389 	ld	h, (hl)
    00000158 6F               [ 4]  390 	ld	l, a
    00000159 29               [ 8]  391 	add	hl, hl
    0000015A 29               [ 8]  392 	add	hl, hl
    0000015B 7C               [ 4]  393 	ld	a, h
    0000015C CDr00r00         [24]  394 	call	_draw_hoppy_score
                                    395 ;src/games/hoppy_run/hoppy_run.c:68: update_pipe(&state->pipe, display);
    0000015F D1               [12]  396 	pop	de
    00000160 D5               [16]  397 	push	de
    00000161 D5               [16]  398 	push	de
    00000162 F8 06            [12]  399 	ldhl	sp,	#6
    00000164 2A               [ 8]  400 	ld	a, (hl+)
    00000165 4F               [ 4]  401 	ld	c, a
    00000166 46               [ 8]  402 	ld	b, (hl)
    00000167 CDr00r00         [24]  403 	call	_update_pipe
                                    404 ;src/games/hoppy_run/hoppy_run.c:69: handle_collision_damage(&state->pipe, input, display, &state->invincible);
    0000016A F8 02            [12]  405 	ldhl	sp,#2
    0000016C 2A               [ 8]  406 	ld	a, (hl+)
    0000016D 5F               [ 4]  407 	ld	e, a
    0000016E 56               [ 8]  408 	ld	d, (hl)
    0000016F 21 05 00         [12]  409 	ld	hl, #0x0005
    00000172 19               [ 8]  410 	add	hl, de
    00000173 D1               [12]  411 	pop	de
    00000174 E5               [16]  412 	push	hl
    00000175 F8 06            [12]  413 	ldhl	sp,	#6
    00000177 2A               [ 8]  414 	ld	a, (hl+)
    00000178 4F               [ 4]  415 	ld	c, a
    00000179 46               [ 8]  416 	ld	b, (hl)
    0000017A C5               [16]  417 	push	bc
    0000017B F8 06            [12]  418 	ldhl	sp,	#6
    0000017D 2A               [ 8]  419 	ld	a, (hl+)
    0000017E 4F               [ 4]  420 	ld	c, a
    0000017F 46               [ 8]  421 	ld	b, (hl)
    00000180 CDr2Dr00         [24]  422 	call	_handle_collision_damage
                                    423 ;src/games/hoppy_run/hoppy_run.c:70: }
    00000183 E8 06            [16]  424 	add	sp, #6
    00000185 E1               [12]  425 	pop	hl
    00000186 F1               [12]  426 	pop	af
    00000187 E9               [ 4]  427 	jp	(hl)
                                    428 ;src/games/hoppy_run/hoppy_run.c:72: void manage_main_loop(display_t *display, input_t *input)
                                    429 ;	---------------------------------
                                    430 ; Function manage_main_loop
                                    431 ; ---------------------------------
    00000188                        432 _manage_main_loop::
    00000188 E8 F5            [16]  433 	add	sp, #-11
    0000018A F8 09            [12]  434 	ldhl	sp,	#9
    0000018C 7B               [ 4]  435 	ld	a, e
    0000018D 22               [ 8]  436 	ld	(hl+), a
    0000018E 72               [ 8]  437 	ld	(hl), d
    0000018F F8 07            [12]  438 	ldhl	sp,	#7
    00000191 79               [ 4]  439 	ld	a, c
    00000192 22               [ 8]  440 	ld	(hl+), a
    00000193 70               [ 8]  441 	ld	(hl), b
                                    442 ;src/games/hoppy_run/hoppy_run.c:74: loop_t state = {{0, 0, 0, false}, 0, 1};
    00000194 AF               [ 4]  443 	xor	a, a
    00000195 F8 00            [12]  444 	ldhl	sp,	#0
    00000197 22               [ 8]  445 	ld	(hl+), a
    00000198 22               [ 8]  446 	ld	(hl+), a
    00000199 AF               [ 4]  447 	xor	a, a
    0000019A 22               [ 8]  448 	ld	(hl+), a
    0000019B 22               [ 8]  449 	ld	(hl+), a
    0000019C AF               [ 4]  450 	xor	a, a
    0000019D 22               [ 8]  451 	ld	(hl+), a
    0000019E 22               [ 8]  452 	ld	(hl+), a
    0000019F 36 01            [12]  453 	ld	(hl), #0x01
                                    454 ;src/games/hoppy_run/hoppy_run.c:76: SHOW_BKG;
    000001A1 F0r00            [12]  455 	ldh	a, (_LCDC_REG + 0)
    000001A3 F6 01            [ 8]  456 	or	a, #0x01
    000001A5 E0r00            [12]  457 	ldh	(_LCDC_REG + 0), a
                                    458 ;src/games/hoppy_run/hoppy_run.c:77: SHOW_SPRITES;
    000001A7 F0r00            [12]  459 	ldh	a, (_LCDC_REG + 0)
    000001A9 F6 02            [ 8]  460 	or	a, #0x02
    000001AB E0r00            [12]  461 	ldh	(_LCDC_REG + 0), a
                                    462 ;src/games/hoppy_run/hoppy_run.c:78: setup_score_window();
    000001AD CDr00r00         [24]  463 	call	_setup_score_window
                                    464 ;src/games/hoppy_run/hoppy_run.c:79: draw_hoppy_score(0);
    000001B0 AF               [ 4]  465 	xor	a, a
    000001B1 CDr00r00         [24]  466 	call	_draw_hoppy_score
                                    467 ;src/games/hoppy_run/hoppy_run.c:80: while (1) {
    000001B4                        468 00104$:
                                    469 ;src/games/hoppy_run/hoppy_run.c:81: vsync();
    000001B4 CDr00r00         [24]  470 	call	_vsync
                                    471 ;src/games/hoppy_run/hoppy_run.c:82: manage_game(display, input, &state);
    000001B7 21 00 00         [12]  472 	ld	hl, #0
    000001BA 39               [ 8]  473 	add	hl, sp
    000001BB E5               [16]  474 	push	hl
    000001BC F8 09            [12]  475 	ldhl	sp,	#9
    000001BE 2A               [ 8]  476 	ld	a, (hl+)
    000001BF 4F               [ 4]  477 	ld	c, a
    000001C0 2A               [ 8]  478 	ld	a, (hl+)
    000001C1 47               [ 4]  479 	ld	b, a
    000001C2 2A               [ 8]  480 	ld	a, (hl+)
    000001C3 5F               [ 4]  481 	ld	e, a
    000001C4 56               [ 8]  482 	ld	d, (hl)
    000001C5 CDr01r01         [24]  483 	call	_manage_game
                                    484 ;src/games/hoppy_run/hoppy_run.c:83: if (check_game_over(display))
    000001C8 F8 09            [12]  485 	ldhl	sp,	#9
    000001CA 2A               [ 8]  486 	ld	a, (hl+)
    000001CB 5F               [ 4]  487 	ld	e, a
    000001CC 56               [ 8]  488 	ld	d, (hl)
    000001CD CDr14r00         [24]  489 	call	_check_game_over
    000001D0 4F               [ 4]  490 	ld	c, a
    000001D1 CB 41            [ 8]  491 	bit	0, c
    000001D3 28 DF            [12]  492 	jr	Z, 00104$
                                    493 ;src/games/hoppy_run/hoppy_run.c:84: return;
                                    494 ;src/games/hoppy_run/hoppy_run.c:86: }
    000001D5 E8 0B            [16]  495 	add	sp, #11
    000001D7 C9               [16]  496 	ret
                                    497 ;src/games/hoppy_run/hoppy_run.c:88: static display_t init_display(void)
                                    498 ;	---------------------------------
                                    499 ; Function init_display
                                    500 ; ---------------------------------
    000001D8                        501 _init_display:
    000001D8 E8 FA            [16]  502 	add	sp, #-6
                                    503 ;src/games/hoppy_run/hoppy_run.c:92: display.scroll = 0;
    000001DA AF               [ 4]  504 	xor	a, a
    000001DB F8 02            [12]  505 	ldhl	sp,	#2
    000001DD 22               [ 8]  506 	ld	(hl+), a
                                    507 ;src/games/hoppy_run/hoppy_run.c:93: display.counter = 0;
    000001DE 32               [ 8]  508 	ld	(hl-), a
    000001DF 2B               [ 8]  509 	dec	hl
                                    510 ;src/games/hoppy_run/hoppy_run.c:94: display.frame = 0;
    000001E0 AF               [ 4]  511 	xor	a, a
    000001E1 32               [ 8]  512 	ld	(hl-), a
    000001E2 77               [ 8]  513 	ld	(hl), a
                                    514 ;src/games/hoppy_run/hoppy_run.c:95: display.lives = MAX_LIVES;
    000001E3 F8 04            [12]  515 	ldhl	sp,	#4
                                    516 ;src/games/hoppy_run/hoppy_run.c:96: display.speed = 1;
    000001E5 3E 03            [ 8]  517 	ld	a, #0x03
    000001E7 22               [ 8]  518 	ld	(hl+), a
    000001E8 36 01            [12]  519 	ld	(hl), #0x01
                                    520 ;src/games/hoppy_run/hoppy_run.c:97: return display;
    000001EA F8 08            [12]  521 	ldhl	sp,	#8
    000001EC 2A               [ 8]  522 	ld	a, (hl+)
    000001ED 4F               [ 4]  523 	ld	c, a
    000001EE 46               [ 8]  524 	ld	b, (hl)
    000001EF F8 00            [12]  525 	ldhl	sp,	#0
    000001F1 2A               [ 8]  526 	ld	a, (hl+)
    000001F2 02               [ 8]  527 	ld	(bc), a
    000001F3 03               [ 8]  528 	inc	bc
    000001F4 2A               [ 8]  529 	ld	a, (hl+)
    000001F5 02               [ 8]  530 	ld	(bc), a
    000001F6 03               [ 8]  531 	inc	bc
    000001F7 2A               [ 8]  532 	ld	a, (hl+)
    000001F8 02               [ 8]  533 	ld	(bc), a
    000001F9 03               [ 8]  534 	inc	bc
    000001FA 2A               [ 8]  535 	ld	a, (hl+)
    000001FB 02               [ 8]  536 	ld	(bc), a
    000001FC 03               [ 8]  537 	inc	bc
    000001FD 2A               [ 8]  538 	ld	a, (hl+)
    000001FE 02               [ 8]  539 	ld	(bc), a
    000001FF 03               [ 8]  540 	inc	bc
    00000200 7E               [ 8]  541 	ld	a, (hl)
    00000201 02               [ 8]  542 	ld	(bc), a
                                    543 ;src/games/hoppy_run/hoppy_run.c:98: }
    00000202 E8 06            [16]  544 	add	sp, #6
    00000204 E1               [12]  545 	pop	hl
    00000205 F1               [12]  546 	pop	af
    00000206 E9               [ 4]  547 	jp	(hl)
                                    548 ;src/games/hoppy_run/hoppy_run.c:100: static input_t init_input(void)
                                    549 ;	---------------------------------
                                    550 ; Function init_input
                                    551 ; ---------------------------------
    00000207                        552 _init_input:
    00000207 E8 FB            [16]  553 	add	sp, #-5
                                    554 ;src/games/hoppy_run/hoppy_run.c:104: input.keys = 0;
    00000209 F8 00            [12]  555 	ldhl	sp,	#0
                                    556 ;src/games/hoppy_run/hoppy_run.c:105: input.jump_level = 0;
                                    557 ;src/games/hoppy_run/hoppy_run.c:106: input.is_jumping = false;
    0000020B AF               [ 4]  558 	xor	a, a
    0000020C 22               [ 8]  559 	ld	(hl+), a
    0000020D 22               [ 8]  560 	ld	(hl+), a
                                    561 ;src/games/hoppy_run/hoppy_run.c:107: input.cat_y = GROUND_Y;
    0000020E AF               [ 4]  562 	xor	a, a
    0000020F 22               [ 8]  563 	ld	(hl+), a
                                    564 ;src/games/hoppy_run/hoppy_run.c:108: input.hover_timer = 0;
    00000210 3E 74            [ 8]  565 	ld	a, #0x74
    00000212 22               [ 8]  566 	ld	(hl+), a
    00000213 36 00            [12]  567 	ld	(hl), #0x00
                                    568 ;src/games/hoppy_run/hoppy_run.c:109: return input;
    00000215 F8 07            [12]  569 	ldhl	sp,	#7
    00000217 2A               [ 8]  570 	ld	a, (hl+)
    00000218 4F               [ 4]  571 	ld	c, a
    00000219 46               [ 8]  572 	ld	b, (hl)
    0000021A F8 00            [12]  573 	ldhl	sp,	#0
    0000021C 2A               [ 8]  574 	ld	a, (hl+)
    0000021D 02               [ 8]  575 	ld	(bc), a
    0000021E 03               [ 8]  576 	inc	bc
    0000021F 2A               [ 8]  577 	ld	a, (hl+)
    00000220 02               [ 8]  578 	ld	(bc), a
    00000221 03               [ 8]  579 	inc	bc
    00000222 2A               [ 8]  580 	ld	a, (hl+)
    00000223 02               [ 8]  581 	ld	(bc), a
    00000224 03               [ 8]  582 	inc	bc
    00000225 2A               [ 8]  583 	ld	a, (hl+)
    00000226 02               [ 8]  584 	ld	(bc), a
    00000227 03               [ 8]  585 	inc	bc
    00000228 7E               [ 8]  586 	ld	a, (hl)
    00000229 02               [ 8]  587 	ld	(bc), a
                                    588 ;src/games/hoppy_run/hoppy_run.c:110: }
    0000022A E8 05            [16]  589 	add	sp, #5
    0000022C E1               [12]  590 	pop	hl
    0000022D F1               [12]  591 	pop	af
    0000022E E9               [ 4]  592 	jp	(hl)
                                    593 ;src/games/hoppy_run/hoppy_run.c:112: void run_hoppy(void)
                                    594 ;	---------------------------------
                                    595 ; Function run_hoppy
                                    596 ; ---------------------------------
    0000022F                        597 _run_hoppy::
    0000022F E8 EA            [16]  598 	add	sp, #-22
                                    599 ;src/games/hoppy_run/hoppy_run.c:118: while (1) {
    00000231                        600 00104$:
                                    601 ;src/games/hoppy_run/hoppy_run.c:119: clear_all_sprites();
    00000231 CDr00r00         [24]  602 	call	_clear_all_sprites
                                    603 ;src/games/hoppy_run/hoppy_run.c:120: display = init_display();
    00000234 F8 0B            [12]  604 	ldhl	sp,	#11
    00000236 E5               [16]  605 	push	hl
    00000237 CDrD8r01         [24]  606 	call	_init_display
    0000023A 11 06 00         [12]  607 	ld	de, #0x0006
    0000023D D5               [16]  608 	push	de
    0000023E 21 0D 00         [12]  609 	ld	hl, #13
    00000241 39               [ 8]  610 	add	hl, sp
    00000242 4D               [ 4]  611 	ld	c, l
    00000243 44               [ 4]  612 	ld	b, h
    00000244 21 02 00         [12]  613 	ld	hl, #2
    00000247 39               [ 8]  614 	add	hl, sp
    00000248 5D               [ 4]  615 	ld	e, l
    00000249 54               [ 4]  616 	ld	d, h
    0000024A CDr00r00         [24]  617 	call	___memcpy
                                    618 ;src/games/hoppy_run/hoppy_run.c:121: input = init_input();
    0000024D F8 11            [12]  619 	ldhl	sp,	#17
    0000024F E5               [16]  620 	push	hl
    00000250 CDr07r02         [24]  621 	call	_init_input
    00000253 11 05 00         [12]  622 	ld	de, #0x0005
    00000256 D5               [16]  623 	push	de
    00000257 21 13 00         [12]  624 	ld	hl, #19
    0000025A 39               [ 8]  625 	add	hl, sp
    0000025B 4D               [ 4]  626 	ld	c, l
    0000025C 44               [ 4]  627 	ld	b, h
    0000025D 21 08 00         [12]  628 	ld	hl, #8
    00000260 39               [ 8]  629 	add	hl, sp
    00000261 5D               [ 4]  630 	ld	e, l
    00000262 54               [ 4]  631 	ld	d, h
    00000263 CDr00r00         [24]  632 	call	___memcpy
                                    633 ;src/games/hoppy_run/hoppy_run.c:122: display_background();
    00000266 CDr00r00         [24]  634 	call	_display_background
                                    635 ;src/games/hoppy_run/hoppy_run.c:123: display_pipe();
    00000269 CDr00r00         [24]  636 	call	_display_pipe
                                    637 ;src/games/hoppy_run/hoppy_run.c:124: display_hoppy(&input, MAX_LIVES);
    0000026C 21 06 00         [12]  638 	ld	hl, #6
    0000026F 39               [ 8]  639 	add	hl, sp
    00000270 4D               [ 4]  640 	ld	c, l
    00000271 44               [ 4]  641 	ld	b, h
    00000272 C5               [16]  642 	push	bc
    00000273 3E 03            [ 8]  643 	ld	a, #0x03
    00000275 59               [ 4]  644 	ld	e, c
    00000276 50               [ 4]  645 	ld	d, b
    00000277 CDr00r00         [24]  646 	call	_display_hoppy
    0000027A C1               [12]  647 	pop	bc
                                    648 ;src/games/hoppy_run/hoppy_run.c:125: manage_main_loop(&display, &input);
    0000027B 21 00 00         [12]  649 	ld	hl, #0
    0000027E 39               [ 8]  650 	add	hl, sp
    0000027F 5D               [ 4]  651 	ld	e, l
    00000280 54               [ 4]  652 	ld	d, h
    00000281 CDr88r01         [24]  653 	call	_manage_main_loop
                                    654 ;src/games/hoppy_run/hoppy_run.c:126: score = (display.scroll >> 6);
    00000284 F8 02            [12]  655 	ldhl	sp,	#2
    00000286 2A               [ 8]  656 	ld	a, (hl+)
    00000287 66               [ 8]  657 	ld	h, (hl)
    00000288 6F               [ 4]  658 	ld	l, a
    00000289 29               [ 8]  659 	add	hl, hl
    0000028A 29               [ 8]  660 	add	hl, hl
    0000028B 5C               [ 4]  661 	ld	e, h
                                    662 ;src/games/hoppy_run/hoppy_run.c:127: if (!game_over_screen(GAME_HOPPY, score))
    0000028C 3E 02            [ 8]  663 	ld	a, #0x02
    0000028E CDr00r00         [24]  664 	call	_game_over_screen
    00000291 4F               [ 4]  665 	ld	c, a
    00000292 CB 41            [ 8]  666 	bit	0, c
    00000294 20 9B            [12]  667 	jr	NZ, 00104$
                                    668 ;src/games/hoppy_run/hoppy_run.c:128: return;
                                    669 ;src/games/hoppy_run/hoppy_run.c:130: }
    00000296 E8 16            [16]  670 	add	sp, #22
    00000298 C9               [16]  671 	ret
                                    672 	.area _CODE
                                    673 	.area _INITIALIZER
                                    674 	.area _CABS (ABS)
