                                      1 ;--------------------------------------------------------
                                      2 ; File Created by SDCC : free open source ISO C Compiler
                                      3 ; Version 4.5.1 #15267 (Linux)
                                      4 ;--------------------------------------------------------
                                      5 	.module manage_display
                                      6 	
                                      7 ;--------------------------------------------------------
                                      8 ; Public variables in this module
                                      9 ;--------------------------------------------------------
                                     10 	.globl _set_sprite_data
                                     11 	.globl _set_bkg_tiles
                                     12 	.globl _set_bkg_data
                                     13 	.globl _LifesTiles
                                     14 	.globl _EarthTiles
                                     15 	.globl _CatTiles
                                     16 	.globl _draw_lives
                                     17 	.globl _display_background
                                     18 	.globl _display_hoppy
                                     19 	.globl _display_pipe
                                     20 	.globl _draw_pipe_at
                                     21 ;--------------------------------------------------------
                                     22 ; special function registers
                                     23 ;--------------------------------------------------------
                                     24 	.area _HRAM
                                     25 ;--------------------------------------------------------
                                     26 ; ram data
                                     27 ;--------------------------------------------------------
                                     28 	.area _DATA
                                     29 ;--------------------------------------------------------
                                     30 ; ram data
                                     31 ;--------------------------------------------------------
                                     32 	.area _INITIALIZED
                                     33 ;--------------------------------------------------------
                                     34 ; absolute external ram data
                                     35 ;--------------------------------------------------------
                                     36 	.area _DABS (ABS)
                                     37 ;--------------------------------------------------------
                                     38 ; global & static initialisations
                                     39 ;--------------------------------------------------------
                                     40 	.area _HOME
                                     41 	.area _GSINIT
                                     42 	.area _GSFINAL
                                     43 	.area _GSINIT
                                     44 ;--------------------------------------------------------
                                     45 ; Home
                                     46 ;--------------------------------------------------------
                                     47 	.area _HOME
                                     48 	.area _HOME
                                     49 ;--------------------------------------------------------
                                     50 ; code
                                     51 ;--------------------------------------------------------
                                     52 	.area _CODE
                                     53 ;src/games/hoppy_run/manage_display.c:17: void draw_lives(uint8_t lives)
                                     54 ;	---------------------------------
                                     55 ; Function draw_lives
                                     56 ; ---------------------------------
    00000000                         57 _draw_lives::
                                     58 ;src/games/hoppy_run/manage_display.c:19: set_sprite_tile(5, LIFES_SPRITE_OFFSET + (MAX_LIVES - lives) * 2 + 2);
    00000000 4F               [ 4]   59 	ld	c, a
    00000001 3E 03            [ 8]   60 	ld	a, #0x03
    00000003 91               [ 4]   61 	sub	a, c
    00000004 87               [ 4]   62 	add	a, a
    00000005 C6 12            [ 8]   63 	add	a, #0x12
    00000007 4F               [ 4]   64 	ld	c, a
                                     65 ;/opt/gbdk/include/gb/gb.h:1887: shadow_OAM[nb].tile=tile;
    00000008 21r16r00         [12]   66 	ld	hl, #(_shadow_OAM + 22)
    0000000B 71               [ 8]   67 	ld	(hl), c
                                     68 ;src/games/hoppy_run/manage_display.c:19: set_sprite_tile(5, LIFES_SPRITE_OFFSET + (MAX_LIVES - lives) * 2 + 2);
                                     69 ;src/games/hoppy_run/manage_display.c:20: }
    0000000C C9               [16]   70 	ret
    0000000D                         71 _CatTiles:
    0000000D 00                      72 	.db #0x00	; 0
    0000000E 00                      73 	.db #0x00	; 0
    0000000F 00                      74 	.db #0x00	; 0
    00000010 00                      75 	.db #0x00	; 0
    00000011 10                      76 	.db #0x10	; 16
    00000012 10                      77 	.db #0x10	; 16
    00000013 28                      78 	.db #0x28	; 40
    00000014 38                      79 	.db #0x38	; 56	'8'
    00000015 50                      80 	.db #0x50	; 80	'P'
    00000016 70                      81 	.db #0x70	; 112	'p'
    00000017 50                      82 	.db #0x50	; 80	'P'
    00000018 70                      83 	.db #0x70	; 112	'p'
    00000019 51                      84 	.db #0x51	; 81	'Q'
    0000001A 71                      85 	.db #0x71	; 113	'q'
    0000001B 5B                      86 	.db #0x5b	; 91
    0000001C 7B                      87 	.db #0x7b	; 123
    0000001D 26                      88 	.db #0x26	; 38
    0000001E 3F                      89 	.db #0x3f	; 63
    0000001F 1B                      90 	.db #0x1b	; 27
    00000020 1C                      91 	.db #0x1c	; 28
    00000021 07                      92 	.db #0x07	; 7
    00000022 04                      93 	.db #0x04	; 4
    00000023 08                      94 	.db #0x08	; 8
    00000024 0F                      95 	.db #0x0f	; 15
    00000025 0A                      96 	.db #0x0a	; 10
    00000026 0F                      97 	.db #0x0f	; 15
    00000027 05                      98 	.db #0x05	; 5
    00000028 05                      99 	.db #0x05	; 5
    00000029 00                     100 	.db #0x00	; 0
    0000002A 00                     101 	.db #0x00	; 0
    0000002B 00                     102 	.db #0x00	; 0
    0000002C 00                     103 	.db #0x00	; 0
    0000002D 00                     104 	.db #0x00	; 0
    0000002E 00                     105 	.db #0x00	; 0
    0000002F 00                     106 	.db #0x00	; 0
    00000030 00                     107 	.db #0x00	; 0
    00000031 00                     108 	.db #0x00	; 0
    00000032 00                     109 	.db #0x00	; 0
    00000033 44                     110 	.db #0x44	; 68	'D'
    00000034 44                     111 	.db #0x44	; 68	'D'
    00000035 BA                     112 	.db #0xba	; 186
    00000036 FE                     113 	.db #0xfe	; 254
    00000037 FC                     114 	.db #0xfc	; 252
    00000038 84                     115 	.db #0x84	; 132
    00000039 6C                     116 	.db #0x6c	; 108	'l'
    0000003A AC                     117 	.db #0xac	; 172
    0000003B 9A                     118 	.db #0x9a	; 154
    0000003C 06                     119 	.db #0x06	; 6
    0000003D 82                     120 	.db #0x82	; 130
    0000003E 02                     121 	.db #0x02	; 2
    0000003F 0C                     122 	.db #0x0c	; 12
    00000040 04                     123 	.db #0x04	; 4
    00000041 FA                     124 	.db #0xfa	; 250
    00000042 06                     125 	.db #0x06	; 6
    00000043 FC                     126 	.db #0xfc	; 252
    00000044 FC                     127 	.db #0xfc	; 252
    00000045 80                     128 	.db #0x80	; 128
    00000046 80                     129 	.db #0x80	; 128
    00000047 00                     130 	.db #0x00	; 0
    00000048 00                     131 	.db #0x00	; 0
    00000049 00                     132 	.db #0x00	; 0
    0000004A 00                     133 	.db #0x00	; 0
    0000004B 00                     134 	.db #0x00	; 0
    0000004C 00                     135 	.db #0x00	; 0
    0000004D 00                     136 	.db #0x00	; 0
    0000004E 00                     137 	.db #0x00	; 0
    0000004F 00                     138 	.db #0x00	; 0
    00000050 00                     139 	.db #0x00	; 0
    00000051 10                     140 	.db #0x10	; 16
    00000052 10                     141 	.db #0x10	; 16
    00000053 28                     142 	.db #0x28	; 40
    00000054 38                     143 	.db #0x38	; 56	'8'
    00000055 50                     144 	.db #0x50	; 80	'P'
    00000056 70                     145 	.db #0x70	; 112	'p'
    00000057 50                     146 	.db #0x50	; 80	'P'
    00000058 70                     147 	.db #0x70	; 112	'p'
    00000059 51                     148 	.db #0x51	; 81	'Q'
    0000005A 71                     149 	.db #0x71	; 113	'q'
    0000005B 5B                     150 	.db #0x5b	; 91
    0000005C 7B                     151 	.db #0x7b	; 123
    0000005D 26                     152 	.db #0x26	; 38
    0000005E 3F                     153 	.db #0x3f	; 63
    0000005F 1B                     154 	.db #0x1b	; 27
    00000060 1C                     155 	.db #0x1c	; 28
    00000061 05                     156 	.db #0x05	; 5
    00000062 06                     157 	.db #0x06	; 6
    00000063 05                     158 	.db #0x05	; 5
    00000064 06                     159 	.db #0x06	; 6
    00000065 05                     160 	.db #0x05	; 5
    00000066 07                     161 	.db #0x07	; 7
    00000067 00                     162 	.db #0x00	; 0
    00000068 00                     163 	.db #0x00	; 0
    00000069 00                     164 	.db #0x00	; 0
    0000006A 00                     165 	.db #0x00	; 0
    0000006B 00                     166 	.db #0x00	; 0
    0000006C 00                     167 	.db #0x00	; 0
    0000006D 00                     168 	.db #0x00	; 0
    0000006E 00                     169 	.db #0x00	; 0
    0000006F 00                     170 	.db #0x00	; 0
    00000070 00                     171 	.db #0x00	; 0
    00000071 00                     172 	.db #0x00	; 0
    00000072 00                     173 	.db #0x00	; 0
    00000073 44                     174 	.db #0x44	; 68	'D'
    00000074 44                     175 	.db #0x44	; 68	'D'
    00000075 BA                     176 	.db #0xba	; 186
    00000076 FE                     177 	.db #0xfe	; 254
    00000077 FC                     178 	.db #0xfc	; 252
    00000078 84                     179 	.db #0x84	; 132
    00000079 6C                     180 	.db #0x6c	; 108	'l'
    0000007A AC                     181 	.db #0xac	; 172
    0000007B 9A                     182 	.db #0x9a	; 154
    0000007C 06                     183 	.db #0x06	; 6
    0000007D 82                     184 	.db #0x82	; 130
    0000007E 02                     185 	.db #0x02	; 2
    0000007F 0C                     186 	.db #0x0c	; 12
    00000080 04                     187 	.db #0x04	; 4
    00000081 18                     188 	.db #0x18	; 24
    00000082 08                     189 	.db #0x08	; 8
    00000083 E8                     190 	.db #0xe8	; 232
    00000084 18                     191 	.db #0x18	; 24
    00000085 58                     192 	.db #0x58	; 88	'X'
    00000086 F8                     193 	.db #0xf8	; 248
    00000087 00                     194 	.db #0x00	; 0
    00000088 00                     195 	.db #0x00	; 0
    00000089 00                     196 	.db #0x00	; 0
    0000008A 00                     197 	.db #0x00	; 0
    0000008B 00                     198 	.db #0x00	; 0
    0000008C 00                     199 	.db #0x00	; 0
    0000008D 00                     200 	.db #0x00	; 0
    0000008E 00                     201 	.db #0x00	; 0
    0000008F 00                     202 	.db #0x00	; 0
    00000090 00                     203 	.db #0x00	; 0
    00000091 10                     204 	.db #0x10	; 16
    00000092 10                     205 	.db #0x10	; 16
    00000093 28                     206 	.db #0x28	; 40
    00000094 38                     207 	.db #0x38	; 56	'8'
    00000095 50                     208 	.db #0x50	; 80	'P'
    00000096 70                     209 	.db #0x70	; 112	'p'
    00000097 50                     210 	.db #0x50	; 80	'P'
    00000098 70                     211 	.db #0x70	; 112	'p'
    00000099 51                     212 	.db #0x51	; 81	'Q'
    0000009A 71                     213 	.db #0x71	; 113	'q'
    0000009B 5B                     214 	.db #0x5b	; 91
    0000009C 7B                     215 	.db #0x7b	; 123
    0000009D 26                     216 	.db #0x26	; 38
    0000009E 3F                     217 	.db #0x3f	; 63
    0000009F 1B                     218 	.db #0x1b	; 27
    000000A0 1C                     219 	.db #0x1c	; 28
    000000A1 05                     220 	.db #0x05	; 5
    000000A2 06                     221 	.db #0x06	; 6
    000000A3 02                     222 	.db #0x02	; 2
    000000A4 03                     223 	.db #0x03	; 3
    000000A5 01                     224 	.db #0x01	; 1
    000000A6 01                     225 	.db #0x01	; 1
    000000A7 00                     226 	.db #0x00	; 0
    000000A8 00                     227 	.db #0x00	; 0
    000000A9 00                     228 	.db #0x00	; 0
    000000AA 00                     229 	.db #0x00	; 0
    000000AB 00                     230 	.db #0x00	; 0
    000000AC 00                     231 	.db #0x00	; 0
    000000AD 00                     232 	.db #0x00	; 0
    000000AE 00                     233 	.db #0x00	; 0
    000000AF 00                     234 	.db #0x00	; 0
    000000B0 00                     235 	.db #0x00	; 0
    000000B1 00                     236 	.db #0x00	; 0
    000000B2 00                     237 	.db #0x00	; 0
    000000B3 44                     238 	.db #0x44	; 68	'D'
    000000B4 44                     239 	.db #0x44	; 68	'D'
    000000B5 BA                     240 	.db #0xba	; 186
    000000B6 FE                     241 	.db #0xfe	; 254
    000000B7 FC                     242 	.db #0xfc	; 252
    000000B8 84                     243 	.db #0x84	; 132
    000000B9 6C                     244 	.db #0x6c	; 108	'l'
    000000BA AC                     245 	.db #0xac	; 172
    000000BB 9A                     246 	.db #0x9a	; 154
    000000BC 06                     247 	.db #0x06	; 6
    000000BD 82                     248 	.db #0x82	; 130
    000000BE 02                     249 	.db #0x02	; 2
    000000BF 0C                     250 	.db #0x0c	; 12
    000000C0 04                     251 	.db #0x04	; 4
    000000C1 38                     252 	.db #0x38	; 56	'8'
    000000C2 08                     253 	.db #0x08	; 8
    000000C3 D8                     254 	.db #0xd8	; 216
    000000C4 38                     255 	.db #0x38	; 56	'8'
    000000C5 20                     256 	.db #0x20	; 32
    000000C6 E0                     257 	.db #0xe0	; 224
    000000C7 00                     258 	.db #0x00	; 0
    000000C8 00                     259 	.db #0x00	; 0
    000000C9 00                     260 	.db #0x00	; 0
    000000CA 00                     261 	.db #0x00	; 0
    000000CB 00                     262 	.db #0x00	; 0
    000000CC 00                     263 	.db #0x00	; 0
    000000CD                        264 _GrassTiles:
    000000CD A5                     265 	.db #0xa5	; 165
    000000CE A5                     266 	.db #0xa5	; 165
    000000CF FF                     267 	.db #0xff	; 255
    000000D0 FF                     268 	.db #0xff	; 255
    000000D1 00                     269 	.db #0x00	; 0
    000000D2 FF                     270 	.db #0xff	; 255
    000000D3 00                     271 	.db #0x00	; 0
    000000D4 FF                     272 	.db #0xff	; 255
    000000D5 AA                     273 	.db #0xaa	; 170
    000000D6 55                     274 	.db #0x55	; 85	'U'
    000000D7 55                     275 	.db #0x55	; 85	'U'
    000000D8 AA                     276 	.db #0xaa	; 170
    000000D9 AA                     277 	.db #0xaa	; 170
    000000DA 55                     278 	.db #0x55	; 85	'U'
    000000DB 55                     279 	.db #0x55	; 85	'U'
    000000DC AA                     280 	.db #0xaa	; 170
    000000DD                        281 _EarthTiles:
    000000DD FF                     282 	.db #0xff	; 255
    000000DE 00                     283 	.db #0x00	; 0
    000000DF FF                     284 	.db #0xff	; 255
    000000E0 00                     285 	.db #0x00	; 0
    000000E1 FF                     286 	.db #0xff	; 255
    000000E2 00                     287 	.db #0x00	; 0
    000000E3 FF                     288 	.db #0xff	; 255
    000000E4 00                     289 	.db #0x00	; 0
    000000E5 FF                     290 	.db #0xff	; 255
    000000E6 00                     291 	.db #0x00	; 0
    000000E7 FF                     292 	.db #0xff	; 255
    000000E8 00                     293 	.db #0x00	; 0
    000000E9 FF                     294 	.db #0xff	; 255
    000000EA 00                     295 	.db #0x00	; 0
    000000EB FF                     296 	.db #0xff	; 255
    000000EC 00                     297 	.db #0x00	; 0
    000000ED                        298 _EmptyTile:
    000000ED 00                     299 	.db #0x00	; 0
    000000EE 00                     300 	.db #0x00	; 0
    000000EF 00                     301 	.db #0x00	; 0
    000000F0 00                     302 	.db #0x00	; 0
    000000F1 00                     303 	.db #0x00	; 0
    000000F2 00                     304 	.db #0x00	; 0
    000000F3 00                     305 	.db #0x00	; 0
    000000F4 00                     306 	.db #0x00	; 0
    000000F5 00                     307 	.db #0x00	; 0
    000000F6 00                     308 	.db #0x00	; 0
    000000F7 00                     309 	.db #0x00	; 0
    000000F8 00                     310 	.db #0x00	; 0
    000000F9 00                     311 	.db #0x00	; 0
    000000FA 00                     312 	.db #0x00	; 0
    000000FB 00                     313 	.db #0x00	; 0
    000000FC 00                     314 	.db #0x00	; 0
    000000FD                        315 _PipeHeadTiles:
    000000FD 00                     316 	.db #0x00	; 0
    000000FE 00                     317 	.db #0x00	; 0
    000000FF 00                     318 	.db #0x00	; 0
    00000100 00                     319 	.db #0x00	; 0
    00000101 00                     320 	.db #0x00	; 0
    00000102 00                     321 	.db #0x00	; 0
    00000103 00                     322 	.db #0x00	; 0
    00000104 00                     323 	.db #0x00	; 0
    00000105 FF                     324 	.db #0xff	; 255
    00000106 FF                     325 	.db #0xff	; 255
    00000107 81                     326 	.db #0x81	; 129
    00000108 FF                     327 	.db #0xff	; 255
    00000109 C3                     328 	.db #0xc3	; 195
    0000010A 81                     329 	.db #0x81	; 129
    0000010B FF                     330 	.db #0xff	; 255
    0000010C FF                     331 	.db #0xff	; 255
    0000010D                        332 _PipeTailTiles:
    0000010D 5A                     333 	.db #0x5a	; 90	'Z'
    0000010E 62                     334 	.db #0x62	; 98	'b'
    0000010F 5A                     335 	.db #0x5a	; 90	'Z'
    00000110 62                     336 	.db #0x62	; 98	'b'
    00000111 5A                     337 	.db #0x5a	; 90	'Z'
    00000112 62                     338 	.db #0x62	; 98	'b'
    00000113 5A                     339 	.db #0x5a	; 90	'Z'
    00000114 62                     340 	.db #0x62	; 98	'b'
    00000115 5A                     341 	.db #0x5a	; 90	'Z'
    00000116 62                     342 	.db #0x62	; 98	'b'
    00000117 5A                     343 	.db #0x5a	; 90	'Z'
    00000118 62                     344 	.db #0x62	; 98	'b'
    00000119 5A                     345 	.db #0x5a	; 90	'Z'
    0000011A 62                     346 	.db #0x62	; 98	'b'
    0000011B 5A                     347 	.db #0x5a	; 90	'Z'
    0000011C 62                     348 	.db #0x62	; 98	'b'
    0000011D                        349 _PipeHeadFlippedTiles:
    0000011D FF                     350 	.db #0xff	; 255
    0000011E FF                     351 	.db #0xff	; 255
    0000011F C3                     352 	.db #0xc3	; 195
    00000120 81                     353 	.db #0x81	; 129
    00000121 FF                     354 	.db #0xff	; 255
    00000122 81                     355 	.db #0x81	; 129
    00000123 00                     356 	.db #0x00	; 0
    00000124 00                     357 	.db #0x00	; 0
    00000125 00                     358 	.db #0x00	; 0
    00000126 00                     359 	.db #0x00	; 0
    00000127 00                     360 	.db #0x00	; 0
    00000128 00                     361 	.db #0x00	; 0
    00000129 00                     362 	.db #0x00	; 0
    0000012A 00                     363 	.db #0x00	; 0
    0000012B 00                     364 	.db #0x00	; 0
    0000012C 00                     365 	.db #0x00	; 0
    0000012D                        366 _SleepingHoppy:
    0000012D 00                     367 	.db #0x00	; 0
    0000012E 00                     368 	.db #0x00	; 0
    0000012F 00                     369 	.db #0x00	; 0
    00000130 00                     370 	.db #0x00	; 0
    00000131 00                     371 	.db #0x00	; 0
    00000132 00                     372 	.db #0x00	; 0
    00000133 31                     373 	.db #0x31	; 49	'1'
    00000134 31                     374 	.db #0x31	; 49	'1'
    00000135 2A                     375 	.db #0x2a	; 42
    00000136 3B                     376 	.db #0x3b	; 59
    00000137 24                     377 	.db #0x24	; 36
    00000138 3F                     378 	.db #0x3f	; 63
    00000139 52                     379 	.db #0x52	; 82	'R'
    0000013A 60                     380 	.db #0x60	; 96
    0000013B 80                     381 	.db #0x80	; 128
    0000013C C0                     382 	.db #0xc0	; 192
    0000013D 5B                     383 	.db #0x5b	; 91
    0000013E 5B                     384 	.db #0x5b	; 91
    0000013F 84                     385 	.db #0x84	; 132
    00000140 C4                     386 	.db #0xc4	; 196
    00000141 40                     387 	.db #0x40	; 64
    00000142 60                     388 	.db #0x60	; 96
    00000143 24                     389 	.db #0x24	; 36
    00000144 3F                     390 	.db #0x3f	; 63
    00000145 1B                     391 	.db #0x1b	; 27
    00000146 1B                     392 	.db #0x1b	; 27
    00000147 00                     393 	.db #0x00	; 0
    00000148 00                     394 	.db #0x00	; 0
    00000149 00                     395 	.db #0x00	; 0
    0000014A 00                     396 	.db #0x00	; 0
    0000014B 00                     397 	.db #0x00	; 0
    0000014C 00                     398 	.db #0x00	; 0
    0000014D 00                     399 	.db #0x00	; 0
    0000014E 00                     400 	.db #0x00	; 0
    0000014F 00                     401 	.db #0x00	; 0
    00000150 00                     402 	.db #0x00	; 0
    00000151 00                     403 	.db #0x00	; 0
    00000152 00                     404 	.db #0x00	; 0
    00000153 80                     405 	.db #0x80	; 128
    00000154 80                     406 	.db #0x80	; 128
    00000155 80                     407 	.db #0x80	; 128
    00000156 80                     408 	.db #0x80	; 128
    00000157 BC                     409 	.db #0xbc	; 188
    00000158 BC                     410 	.db #0xbc	; 188
    00000159 C2                     411 	.db #0xc2	; 194
    0000015A FE                     412 	.db #0xfe	; 254
    0000015B C5                     413 	.db #0xc5	; 197
    0000015C 43                     414 	.db #0x43	; 67	'C'
    0000015D 21                     415 	.db #0x21	; 33
    0000015E 63                     416 	.db #0x63	; 99	'c'
    0000015F 41                     417 	.db #0x41	; 65	'A'
    00000160 43                     418 	.db #0x43	; 67	'C'
    00000161 A5                     419 	.db #0xa5	; 165
    00000162 63                     420 	.db #0x63	; 99	'c'
    00000163 42                     421 	.db #0x42	; 66	'B'
    00000164 FE                     422 	.db #0xfe	; 254
    00000165 FC                     423 	.db #0xfc	; 252
    00000166 FC                     424 	.db #0xfc	; 252
    00000167 00                     425 	.db #0x00	; 0
    00000168 00                     426 	.db #0x00	; 0
    00000169 00                     427 	.db #0x00	; 0
    0000016A 00                     428 	.db #0x00	; 0
    0000016B 00                     429 	.db #0x00	; 0
    0000016C 00                     430 	.db #0x00	; 0
    0000016D                        431 _LifesTiles:
    0000016D 00                     432 	.db #0x00	; 0
    0000016E 00                     433 	.db #0x00	; 0
    0000016F 00                     434 	.db #0x00	; 0
    00000170 00                     435 	.db #0x00	; 0
    00000171 44                     436 	.db #0x44	; 68	'D'
    00000172 44                     437 	.db #0x44	; 68	'D'
    00000173 28                     438 	.db #0x28	; 40
    00000174 28                     439 	.db #0x28	; 40
    00000175 10                     440 	.db #0x10	; 16
    00000176 10                     441 	.db #0x10	; 16
    00000177 28                     442 	.db #0x28	; 40
    00000178 28                     443 	.db #0x28	; 40
    00000179 44                     444 	.db #0x44	; 68	'D'
    0000017A 44                     445 	.db #0x44	; 68	'D'
    0000017B 00                     446 	.db #0x00	; 0
    0000017C 00                     447 	.db #0x00	; 0
    0000017D 00                     448 	.db #0x00	; 0
    0000017E 00                     449 	.db #0x00	; 0
    0000017F 00                     450 	.db #0x00	; 0
    00000180 00                     451 	.db #0x00	; 0
    00000181 00                     452 	.db #0x00	; 0
    00000182 00                     453 	.db #0x00	; 0
    00000183 00                     454 	.db #0x00	; 0
    00000184 00                     455 	.db #0x00	; 0
    00000185 00                     456 	.db #0x00	; 0
    00000186 00                     457 	.db #0x00	; 0
    00000187 00                     458 	.db #0x00	; 0
    00000188 00                     459 	.db #0x00	; 0
    00000189 00                     460 	.db #0x00	; 0
    0000018A 00                     461 	.db #0x00	; 0
    0000018B 00                     462 	.db #0x00	; 0
    0000018C 00                     463 	.db #0x00	; 0
    0000018D 00                     464 	.db #0x00	; 0
    0000018E 00                     465 	.db #0x00	; 0
    0000018F 38                     466 	.db #0x38	; 56	'8'
    00000190 38                     467 	.db #0x38	; 56	'8'
    00000191 04                     468 	.db #0x04	; 4
    00000192 04                     469 	.db #0x04	; 4
    00000193 04                     470 	.db #0x04	; 4
    00000194 04                     471 	.db #0x04	; 4
    00000195 38                     472 	.db #0x38	; 56	'8'
    00000196 38                     473 	.db #0x38	; 56	'8'
    00000197 04                     474 	.db #0x04	; 4
    00000198 04                     475 	.db #0x04	; 4
    00000199 04                     476 	.db #0x04	; 4
    0000019A 04                     477 	.db #0x04	; 4
    0000019B 38                     478 	.db #0x38	; 56	'8'
    0000019C 38                     479 	.db #0x38	; 56	'8'
    0000019D 00                     480 	.db #0x00	; 0
    0000019E 00                     481 	.db #0x00	; 0
    0000019F 00                     482 	.db #0x00	; 0
    000001A0 00                     483 	.db #0x00	; 0
    000001A1 00                     484 	.db #0x00	; 0
    000001A2 00                     485 	.db #0x00	; 0
    000001A3 00                     486 	.db #0x00	; 0
    000001A4 00                     487 	.db #0x00	; 0
    000001A5 00                     488 	.db #0x00	; 0
    000001A6 00                     489 	.db #0x00	; 0
    000001A7 00                     490 	.db #0x00	; 0
    000001A8 00                     491 	.db #0x00	; 0
    000001A9 00                     492 	.db #0x00	; 0
    000001AA 00                     493 	.db #0x00	; 0
    000001AB 00                     494 	.db #0x00	; 0
    000001AC 00                     495 	.db #0x00	; 0
    000001AD 00                     496 	.db #0x00	; 0
    000001AE 00                     497 	.db #0x00	; 0
    000001AF 18                     498 	.db #0x18	; 24
    000001B0 18                     499 	.db #0x18	; 24
    000001B1 24                     500 	.db #0x24	; 36
    000001B2 24                     501 	.db #0x24	; 36
    000001B3 04                     502 	.db #0x04	; 4
    000001B4 04                     503 	.db #0x04	; 4
    000001B5 04                     504 	.db #0x04	; 4
    000001B6 04                     505 	.db #0x04	; 4
    000001B7 08                     506 	.db #0x08	; 8
    000001B8 08                     507 	.db #0x08	; 8
    000001B9 10                     508 	.db #0x10	; 16
    000001BA 10                     509 	.db #0x10	; 16
    000001BB 3C                     510 	.db #0x3c	; 60
    000001BC 3C                     511 	.db #0x3c	; 60
    000001BD 00                     512 	.db #0x00	; 0
    000001BE 00                     513 	.db #0x00	; 0
    000001BF 00                     514 	.db #0x00	; 0
    000001C0 00                     515 	.db #0x00	; 0
    000001C1 00                     516 	.db #0x00	; 0
    000001C2 00                     517 	.db #0x00	; 0
    000001C3 00                     518 	.db #0x00	; 0
    000001C4 00                     519 	.db #0x00	; 0
    000001C5 00                     520 	.db #0x00	; 0
    000001C6 00                     521 	.db #0x00	; 0
    000001C7 00                     522 	.db #0x00	; 0
    000001C8 00                     523 	.db #0x00	; 0
    000001C9 00                     524 	.db #0x00	; 0
    000001CA 00                     525 	.db #0x00	; 0
    000001CB 00                     526 	.db #0x00	; 0
    000001CC 00                     527 	.db #0x00	; 0
    000001CD 00                     528 	.db #0x00	; 0
    000001CE 00                     529 	.db #0x00	; 0
    000001CF 08                     530 	.db #0x08	; 8
    000001D0 08                     531 	.db #0x08	; 8
    000001D1 18                     532 	.db #0x18	; 24
    000001D2 18                     533 	.db #0x18	; 24
    000001D3 28                     534 	.db #0x28	; 40
    000001D4 28                     535 	.db #0x28	; 40
    000001D5 08                     536 	.db #0x08	; 8
    000001D6 08                     537 	.db #0x08	; 8
    000001D7 08                     538 	.db #0x08	; 8
    000001D8 08                     539 	.db #0x08	; 8
    000001D9 08                     540 	.db #0x08	; 8
    000001DA 08                     541 	.db #0x08	; 8
    000001DB 1C                     542 	.db #0x1c	; 28
    000001DC 1C                     543 	.db #0x1c	; 28
    000001DD 00                     544 	.db #0x00	; 0
    000001DE 00                     545 	.db #0x00	; 0
    000001DF 00                     546 	.db #0x00	; 0
    000001E0 00                     547 	.db #0x00	; 0
    000001E1 00                     548 	.db #0x00	; 0
    000001E2 00                     549 	.db #0x00	; 0
    000001E3 00                     550 	.db #0x00	; 0
    000001E4 00                     551 	.db #0x00	; 0
    000001E5 00                     552 	.db #0x00	; 0
    000001E6 00                     553 	.db #0x00	; 0
    000001E7 00                     554 	.db #0x00	; 0
    000001E8 00                     555 	.db #0x00	; 0
    000001E9 00                     556 	.db #0x00	; 0
    000001EA 00                     557 	.db #0x00	; 0
    000001EB 00                     558 	.db #0x00	; 0
    000001EC 00                     559 	.db #0x00	; 0
                                    560 ;src/games/hoppy_run/manage_display.c:22: void display_background(void)
                                    561 ;	---------------------------------
                                    562 ; Function display_background
                                    563 ; ---------------------------------
    000001ED                        564 _display_background::
    000001ED E8 FD            [16]  565 	add	sp, #-3
                                    566 ;src/games/hoppy_run/manage_display.c:24: uint8_t empty_tile = TILE_EMPTY;
    000001EF F8 00            [12]  567 	ldhl	sp,	#0
                                    568 ;src/games/hoppy_run/manage_display.c:25: uint8_t grass_tile = TILE_GRASS;
    000001F1 AF               [ 4]  569 	xor	a, a
    000001F2 22               [ 8]  570 	ld	(hl+), a
                                    571 ;src/games/hoppy_run/manage_display.c:26: uint8_t earth_tile = TILE_EARTH;
    000001F3 3E 01            [ 8]  572 	ld	a, #0x01
    000001F5 22               [ 8]  573 	ld	(hl+), a
    000001F6 36 02            [12]  574 	ld	(hl), #0x02
                                    575 ;src/games/hoppy_run/manage_display.c:28: SCX_REG = 0;
    000001F8 AF               [ 4]  576 	xor	a, a
    000001F9 E0r00            [12]  577 	ldh	(_SCX_REG + 0), a
                                    578 ;src/games/hoppy_run/manage_display.c:29: set_bkg_data(0, 1, EmptyTile);
    000001FB 11rEDr00         [12]  579 	ld	de, #_EmptyTile
    000001FE D5               [16]  580 	push	de
    000001FF AF               [ 4]  581 	xor	a, a
    00000200 3C               [ 4]  582 	inc	a
    00000201 F5               [16]  583 	push	af
    00000202 CDr00r00         [24]  584 	call	_set_bkg_data
    00000205 E8 04            [16]  585 	add	sp, #4
                                    586 ;src/games/hoppy_run/manage_display.c:30: set_bkg_data(1, 1, GrassTiles);
    00000207 11rCDr00         [12]  587 	ld	de, #_GrassTiles
    0000020A D5               [16]  588 	push	de
    0000020B 21 01 01         [12]  589 	ld	hl, #0x101
    0000020E E5               [16]  590 	push	hl
    0000020F CDr00r00         [24]  591 	call	_set_bkg_data
    00000212 E8 04            [16]  592 	add	sp, #4
                                    593 ;src/games/hoppy_run/manage_display.c:31: set_bkg_data(2, 1, EarthTiles);
    00000214 11rDDr00         [12]  594 	ld	de, #_EarthTiles
    00000217 D5               [16]  595 	push	de
    00000218 21 02 01         [12]  596 	ld	hl, #0x102
    0000021B E5               [16]  597 	push	hl
    0000021C CDr00r00         [24]  598 	call	_set_bkg_data
    0000021F E8 04            [16]  599 	add	sp, #4
                                    600 ;src/games/hoppy_run/manage_display.c:32: for (uint8_t y = 0; y < 18; y++)
    00000221 0E 00            [ 8]  601 	ld	c, #0x00
    00000223                        602 00110$:
    00000223 79               [ 4]  603 	ld	a, c
    00000224 D6 12            [ 8]  604 	sub	a, #0x12
    00000226 30 1F            [12]  605 	jr	NC, 00102$
                                    606 ;src/games/hoppy_run/manage_display.c:33: for (uint8_t x = 0; x < 32; x++)
    00000228 1E 00            [ 8]  607 	ld	e, #0x00
    0000022A                        608 00107$:
    0000022A 7B               [ 4]  609 	ld	a, e
    0000022B D6 20            [ 8]  610 	sub	a, #0x20
    0000022D 30 15            [12]  611 	jr	NC, 00111$
                                    612 ;src/games/hoppy_run/manage_display.c:34: set_bkg_tiles(x, y, 1, 1, &empty_tile);
    0000022F D5               [16]  613 	push	de
    00000230 21 02 00         [12]  614 	ld	hl, #2
    00000233 39               [ 8]  615 	add	hl, sp
    00000234 E5               [16]  616 	push	hl
    00000235 21 01 01         [12]  617 	ld	hl, #0x101
    00000238 E5               [16]  618 	push	hl
    00000239 51               [ 4]  619 	ld	d, c
    0000023A D5               [16]  620 	push	de
    0000023B CDr00r00         [24]  621 	call	_set_bkg_tiles
    0000023E E8 06            [16]  622 	add	sp, #6
    00000240 D1               [12]  623 	pop	de
                                    624 ;src/games/hoppy_run/manage_display.c:33: for (uint8_t x = 0; x < 32; x++)
    00000241 1C               [ 4]  625 	inc	e
    00000242 18 E6            [12]  626 	jr	00107$
    00000244                        627 00111$:
                                    628 ;src/games/hoppy_run/manage_display.c:32: for (uint8_t y = 0; y < 18; y++)
    00000244 0C               [ 4]  629 	inc	c
    00000245 18 DC            [12]  630 	jr	00110$
    00000247                        631 00102$:
                                    632 ;src/games/hoppy_run/manage_display.c:35: for (uint8_t x = 0; x < 32; x++)
    00000247 06 00            [ 8]  633 	ld	b, #0x00
    00000249                        634 00113$:
    00000249 78               [ 4]  635 	ld	a, b
    0000024A D6 20            [ 8]  636 	sub	a, #0x20
    0000024C 30 15            [12]  637 	jr	NC, 00103$
                                    638 ;src/games/hoppy_run/manage_display.c:36: set_bkg_tiles(x, 14, 1, 1, &grass_tile);
    0000024E F8 01            [12]  639 	ldhl	sp,	#1
    00000250 E5               [16]  640 	push	hl
    00000251 21 01 01         [12]  641 	ld	hl, #0x101
    00000254 E5               [16]  642 	push	hl
    00000255 3E 0E            [ 8]  643 	ld	a, #0x0e
    00000257 F5               [16]  644 	push	af
    00000258 33               [ 8]  645 	inc	sp
    00000259 C5               [16]  646 	push	bc
    0000025A 33               [ 8]  647 	inc	sp
    0000025B CDr00r00         [24]  648 	call	_set_bkg_tiles
    0000025E E8 06            [16]  649 	add	sp, #6
                                    650 ;src/games/hoppy_run/manage_display.c:35: for (uint8_t x = 0; x < 32; x++)
    00000260 04               [ 4]  651 	inc	b
    00000261 18 E6            [12]  652 	jr	00113$
    00000263                        653 00103$:
                                    654 ;src/games/hoppy_run/manage_display.c:37: for (uint8_t y = 15; y < 18; y++)
    00000263 0E 0F            [ 8]  655 	ld	c, #0x0f
    00000265                        656 00119$:
    00000265 79               [ 4]  657 	ld	a, c
    00000266 D6 12            [ 8]  658 	sub	a, #0x12
    00000268 30 1E            [12]  659 	jr	NC, 00121$
                                    660 ;src/games/hoppy_run/manage_display.c:38: for (uint8_t x = 0; x < 32; x++)
    0000026A 06 00            [ 8]  661 	ld	b, #0x00
    0000026C                        662 00116$:
    0000026C 78               [ 4]  663 	ld	a, b
    0000026D D6 20            [ 8]  664 	sub	a, #0x20
    0000026F 30 14            [12]  665 	jr	NC, 00120$
                                    666 ;src/games/hoppy_run/manage_display.c:39: set_bkg_tiles(x, y, 1, 1, &earth_tile);
    00000271 F8 02            [12]  667 	ldhl	sp,	#2
    00000273 E5               [16]  668 	push	hl
    00000274 21 01 01         [12]  669 	ld	hl, #0x101
    00000277 E5               [16]  670 	push	hl
    00000278 79               [ 4]  671 	ld	a, c
    00000279 F5               [16]  672 	push	af
    0000027A 33               [ 8]  673 	inc	sp
    0000027B C5               [16]  674 	push	bc
    0000027C 33               [ 8]  675 	inc	sp
    0000027D CDr00r00         [24]  676 	call	_set_bkg_tiles
    00000280 E8 06            [16]  677 	add	sp, #6
                                    678 ;src/games/hoppy_run/manage_display.c:38: for (uint8_t x = 0; x < 32; x++)
    00000282 04               [ 4]  679 	inc	b
    00000283 18 E7            [12]  680 	jr	00116$
    00000285                        681 00120$:
                                    682 ;src/games/hoppy_run/manage_display.c:37: for (uint8_t y = 15; y < 18; y++)
    00000285 0C               [ 4]  683 	inc	c
    00000286 18 DD            [12]  684 	jr	00119$
    00000288                        685 00121$:
                                    686 ;src/games/hoppy_run/manage_display.c:40: }
    00000288 E8 03            [16]  687 	add	sp, #3
    0000028A C9               [16]  688 	ret
                                    689 ;src/games/hoppy_run/manage_display.c:42: void display_hoppy(input_t *input, uint8_t lives)
                                    690 ;	---------------------------------
                                    691 ; Function display_hoppy
                                    692 ; ---------------------------------
    0000028B                        693 _display_hoppy::
    0000028B 3B               [ 8]  694 	dec	sp
    0000028C 4B               [ 4]  695 	ld	c, e
    0000028D 42               [ 4]  696 	ld	b, d
    0000028E F8 00            [12]  697 	ldhl	sp,	#0
    00000290 77               [ 8]  698 	ld	(hl), a
                                    699 ;src/games/hoppy_run/manage_display.c:44: SPRITES_8x16;
    00000291 F0r00            [12]  700 	ldh	a, (_LCDC_REG + 0)
    00000293 F6 04            [ 8]  701 	or	a, #0x04
    00000295 E0r00            [12]  702 	ldh	(_LCDC_REG + 0), a
                                    703 ;src/games/hoppy_run/manage_display.c:45: set_sprite_data(0, 12, CatTiles);
    00000297 11r0Dr00         [12]  704 	ld	de, #_CatTiles
    0000029A D5               [16]  705 	push	de
    0000029B 21 00 0C         [12]  706 	ld	hl, #0xc00
    0000029E E5               [16]  707 	push	hl
    0000029F CDr00r00         [24]  708 	call	_set_sprite_data
    000002A2 E8 04            [16]  709 	add	sp, #4
                                    710 ;src/games/hoppy_run/manage_display.c:46: set_sprite_data(12, 4, SleepingHoppy);
    000002A4 11r2Dr01         [12]  711 	ld	de, #_SleepingHoppy
    000002A7 D5               [16]  712 	push	de
    000002A8 21 0C 04         [12]  713 	ld	hl, #0x40c
    000002AB E5               [16]  714 	push	hl
    000002AC CDr00r00         [24]  715 	call	_set_sprite_data
    000002AF E8 04            [16]  716 	add	sp, #4
                                    717 ;src/games/hoppy_run/manage_display.c:47: set_sprite_data(LIFES_SPRITE_OFFSET, LIFES_TILE_COUNT, LifesTiles);
    000002B1 11r6Dr01         [12]  718 	ld	de, #_LifesTiles
    000002B4 D5               [16]  719 	push	de
    000002B5 21 10 08         [12]  720 	ld	hl, #0x810
    000002B8 E5               [16]  721 	push	hl
    000002B9 CDr00r00         [24]  722 	call	_set_sprite_data
    000002BC E8 04            [16]  723 	add	sp, #4
                                    724 ;src/games/hoppy_run/manage_display.c:48: move_sprite(0, CAT_X, (uint8_t)input->cat_y);
    000002BE 03               [ 8]  725 	inc	bc
    000002BF 03               [ 8]  726 	inc	bc
    000002C0 03               [ 8]  727 	inc	bc
    000002C1 0A               [ 8]  728 	ld	a, (bc)
                                    729 ;/opt/gbdk/include/gb/gb.h:1973: OAM_item_t * itm = &shadow_OAM[nb];
                                    730 ;/opt/gbdk/include/gb/gb.h:1974: itm->y=y, itm->x=x;
    000002C2 5F               [ 4]  731 	ld	e, a
    000002C3 21r00r00         [12]  732 	ld	hl, #_shadow_OAM
    000002C6 22               [ 8]  733 	ld	(hl+), a
    000002C7 36 28            [12]  734 	ld	(hl), #0x28
                                    735 ;/opt/gbdk/include/gb/gb.h:1887: shadow_OAM[nb].tile=tile;
    000002C9 21r06r00         [12]  736 	ld	hl, #(_shadow_OAM + 6)
                                    737 ;src/games/hoppy_run/manage_display.c:50: move_sprite(1, CAT_X + 8, (uint8_t)input->cat_y);
                                    738 ;/opt/gbdk/include/gb/gb.h:1973: OAM_item_t * itm = &shadow_OAM[nb];
    000002CC 3E 02            [ 8]  739 	ld	a, #0x02
    000002CE 32               [ 8]  740 	ld	(hl-), a
    000002CF 2B               [ 8]  741 	dec	hl
    000002D0 0A               [ 8]  742 	ld	a, (bc)
                                    743 ;/opt/gbdk/include/gb/gb.h:1974: itm->y=y, itm->x=x;
    000002D1 22               [ 8]  744 	ld	(hl+), a
    000002D2 36 30            [12]  745 	ld	(hl), #0x30
                                    746 ;/opt/gbdk/include/gb/gb.h:1887: shadow_OAM[nb].tile=tile;
    000002D4 21r0Ar00         [12]  747 	ld	hl, #(_shadow_OAM + 10)
                                    748 ;/opt/gbdk/include/gb/gb.h:1973: OAM_item_t * itm = &shadow_OAM[nb];
    000002D7 3E 0C            [ 8]  749 	ld	a, #0x0c
    000002D9 32               [ 8]  750 	ld	(hl-), a
    000002DA 2B               [ 8]  751 	dec	hl
                                    752 ;/opt/gbdk/include/gb/gb.h:1974: itm->y=y, itm->x=x;
    000002DB 3E 12            [ 8]  753 	ld	a, #0x12
    000002DD 22               [ 8]  754 	ld	(hl+), a
    000002DE 36 0E            [12]  755 	ld	(hl), #0x0e
                                    756 ;/opt/gbdk/include/gb/gb.h:1887: shadow_OAM[nb].tile=tile;
    000002E0 21r0Er00         [12]  757 	ld	hl, #(_shadow_OAM + 14)
                                    758 ;/opt/gbdk/include/gb/gb.h:1973: OAM_item_t * itm = &shadow_OAM[nb];
    000002E3 3E 0E            [ 8]  759 	ld	a, #0x0e
    000002E5 32               [ 8]  760 	ld	(hl-), a
    000002E6 2B               [ 8]  761 	dec	hl
                                    762 ;/opt/gbdk/include/gb/gb.h:1974: itm->y=y, itm->x=x;
    000002E7 3E 12            [ 8]  763 	ld	a, #0x12
    000002E9 22               [ 8]  764 	ld	(hl+), a
    000002EA 36 16            [12]  765 	ld	(hl), #0x16
                                    766 ;/opt/gbdk/include/gb/gb.h:1887: shadow_OAM[nb].tile=tile;
    000002EC 21r12r00         [12]  767 	ld	hl, #(_shadow_OAM + 18)
                                    768 ;/opt/gbdk/include/gb/gb.h:1973: OAM_item_t * itm = &shadow_OAM[nb];
    000002EF 3E 10            [ 8]  769 	ld	a, #0x10
    000002F1 32               [ 8]  770 	ld	(hl-), a
    000002F2 2B               [ 8]  771 	dec	hl
                                    772 ;/opt/gbdk/include/gb/gb.h:1974: itm->y=y, itm->x=x;
    000002F3 3E 16            [ 8]  773 	ld	a, #0x16
    000002F5 22               [ 8]  774 	ld	(hl+), a
    000002F6 36 22            [12]  775 	ld	(hl), #0x22
                                    776 ;src/games/hoppy_run/manage_display.c:57: draw_lives(lives);
    000002F8 F8 00            [12]  777 	ldhl	sp,	#0
    000002FA 7E               [ 8]  778 	ld	a, (hl)
    000002FB CDr00r00         [24]  779 	call	_draw_lives
                                    780 ;/opt/gbdk/include/gb/gb.h:1973: OAM_item_t * itm = &shadow_OAM[nb];
    000002FE 21r14r00         [12]  781 	ld	hl, #(_shadow_OAM + 20)
                                    782 ;/opt/gbdk/include/gb/gb.h:1974: itm->y=y, itm->x=x;
    00000301 36 16            [12]  783 	ld	(hl), #0x16
    00000303 23               [ 8]  784 	inc	hl
    00000304 36 2A            [12]  785 	ld	(hl), #0x2a
                                    786 ;src/games/hoppy_run/manage_display.c:58: move_sprite(5, 42, 22);
                                    787 ;src/games/hoppy_run/manage_display.c:59: }
    00000306 33               [ 8]  788 	inc	sp
    00000307 C9               [16]  789 	ret
                                    790 ;src/games/hoppy_run/manage_display.c:61: void display_pipe(void)
                                    791 ;	---------------------------------
                                    792 ; Function display_pipe
                                    793 ; ---------------------------------
    00000308                        794 _display_pipe::
                                    795 ;src/games/hoppy_run/manage_display.c:63: set_bkg_data(TILE_PIPE_HEAD, 1, PipeHeadTiles);
    00000308 11rFDr00         [12]  796 	ld	de, #_PipeHeadTiles
    0000030B D5               [16]  797 	push	de
    0000030C 21 03 01         [12]  798 	ld	hl, #0x103
    0000030F E5               [16]  799 	push	hl
    00000310 CDr00r00         [24]  800 	call	_set_bkg_data
    00000313 E8 04            [16]  801 	add	sp, #4
                                    802 ;src/games/hoppy_run/manage_display.c:64: set_bkg_data(TILE_PIPE_BODY, 1, PipeTailTiles);
    00000315 11r0Dr01         [12]  803 	ld	de, #_PipeTailTiles
    00000318 D5               [16]  804 	push	de
    00000319 21 04 01         [12]  805 	ld	hl, #0x104
    0000031C E5               [16]  806 	push	hl
    0000031D CDr00r00         [24]  807 	call	_set_bkg_data
    00000320 E8 04            [16]  808 	add	sp, #4
                                    809 ;src/games/hoppy_run/manage_display.c:65: }
    00000322 C9               [16]  810 	ret
                                    811 ;src/games/hoppy_run/manage_display.c:67: void draw_pipe_at(uint8_t col, uint8_t height, bool erase)
                                    812 ;	---------------------------------
                                    813 ; Function draw_pipe_at
                                    814 ; ---------------------------------
    00000323                        815 _draw_pipe_at::
    00000323 E8 FD            [16]  816 	add	sp, #-3
    00000325 F8 02            [12]  817 	ldhl	sp,	#2
                                    818 ;src/games/hoppy_run/manage_display.c:70: uint8_t tile = 0;
    00000327 32               [ 8]  819 	ld	(hl-), a
    00000328 2B               [ 8]  820 	dec	hl
    00000329 43               [ 4]  821 	ld	b, e
    0000032A 36 00            [12]  822 	ld	(hl), #0x00
                                    823 ;src/games/hoppy_run/manage_display.c:72: for (uint8_t h = 0; h < height; h++) {
    0000032C 1E 00            [ 8]  824 	ld	e, #0x00
    0000032E                        825 00106$:
    0000032E 7B               [ 4]  826 	ld	a, e
    0000032F 90               [ 4]  827 	sub	a, b
    00000330 30 44            [12]  828 	jr	NC, 00108$
                                    829 ;src/games/hoppy_run/manage_display.c:73: row = PIPE_BASE_ROW - h;
    00000332 4B               [ 4]  830 	ld	c, e
    00000333 3E 0D            [ 8]  831 	ld	a, #0x0d
    00000335 91               [ 4]  832 	sub	a, c
    00000336 F8 01            [12]  833 	ldhl	sp,	#1
                                    834 ;src/games/hoppy_run/manage_display.c:74: tile = 0;
    00000338 32               [ 8]  835 	ld	(hl-), a
    00000339 36 00            [12]  836 	ld	(hl), #0x00
                                    837 ;src/games/hoppy_run/manage_display.c:75: if (erase)
    0000033B F8 05            [12]  838 	ldhl	sp,	#5
    0000033D CB 46            [12]  839 	bit	0, (hl)
    0000033F 28 06            [12]  840 	jr	Z, 00102$
                                    841 ;src/games/hoppy_run/manage_display.c:76: tile = TILE_EMPTY;
    00000341 F8 00            [12]  842 	ldhl	sp,	#0
    00000343 36 00            [12]  843 	ld	(hl), #0x00
    00000345 18 16            [12]  844 	jr	00103$
    00000347                        845 00102$:
                                    846 ;src/games/hoppy_run/manage_display.c:78: tile = (h == height - 1) ? TILE_PIPE_HEAD : TILE_PIPE_BODY;
    00000347 68               [ 4]  847 	ld	l, b
    00000348 AF               [ 4]  848 	xor	a, a
    00000349 67               [ 4]  849 	ld	h, a
    0000034A 2B               [ 8]  850 	dec	hl
    0000034B 4B               [ 4]  851 	ld	c, e
    0000034C 16 00            [ 8]  852 	ld	d, #0x00
    0000034E 7D               [ 4]  853 	ld	a, l
    0000034F 91               [ 4]  854 	sub	a, c
    00000350 20 06            [12]  855 	jr	NZ, 00110$
    00000352 7C               [ 4]  856 	ld	a, h
    00000353 92               [ 4]  857 	sub	a, d
    00000354 3E 03            [ 8]  858 	ld	a, #0x03
    00000356 28 02            [12]  859 	jr	Z, 00111$
    00000358                        860 00110$:
    00000358 3E 04            [ 8]  861 	ld	a, #0x04
    0000035A                        862 00111$:
    0000035A F8 00            [12]  863 	ldhl	sp,	#0
    0000035C 77               [ 8]  864 	ld	(hl), a
    0000035D                        865 00103$:
                                    866 ;src/games/hoppy_run/manage_display.c:79: set_bkg_tiles(col, row, 1, 1, &tile);
    0000035D D5               [16]  867 	push	de
    0000035E 21 02 00         [12]  868 	ld	hl, #2
    00000361 39               [ 8]  869 	add	hl, sp
    00000362 E5               [16]  870 	push	hl
    00000363 21 01 01         [12]  871 	ld	hl, #0x101
    00000366 E5               [16]  872 	push	hl
    00000367 F8 07            [12]  873 	ldhl	sp,	#7
    00000369 2A               [ 8]  874 	ld	a, (hl+)
    0000036A 57               [ 4]  875 	ld	d, a
    0000036B 5E               [ 8]  876 	ld	e, (hl)
    0000036C D5               [16]  877 	push	de
    0000036D CDr00r00         [24]  878 	call	_set_bkg_tiles
    00000370 E8 06            [16]  879 	add	sp, #6
    00000372 D1               [12]  880 	pop	de
                                    881 ;src/games/hoppy_run/manage_display.c:72: for (uint8_t h = 0; h < height; h++) {
    00000373 1C               [ 4]  882 	inc	e
    00000374 18 B8            [12]  883 	jr	00106$
    00000376                        884 00108$:
                                    885 ;src/games/hoppy_run/manage_display.c:81: }
    00000376 E8 03            [16]  886 	add	sp, #3
    00000378 E1               [12]  887 	pop	hl
    00000379 33               [ 8]  888 	inc	sp
    0000037A E9               [ 4]  889 	jp	(hl)
                                    890 	.area _CODE
                                    891 	.area _INITIALIZER
                                    892 	.area _CABS (ABS)
