                                      1 ;--------------------------------------------------------
                                      2 ; File Created by SDCC : free open source ISO C Compiler
                                      3 ; Version 4.5.1 #15267 (Linux)
                                      4 ;--------------------------------------------------------
                                      5 	.module score
                                      6 	
                                      7 ;--------------------------------------------------------
                                      8 ; Public variables in this module
                                      9 ;--------------------------------------------------------
                                     10 	.globl _fill_win_rect
                                     11 	.globl _set_win_tiles
                                     12 	.globl _get_char_tile
                                     13 	.globl _draw_hoppy_score
                                     14 	.globl _setup_score_window
                                     15 ;--------------------------------------------------------
                                     16 ; special function registers
                                     17 ;--------------------------------------------------------
                                     18 	.area _HRAM
                                     19 ;--------------------------------------------------------
                                     20 ; ram data
                                     21 ;--------------------------------------------------------
                                     22 	.area _DATA
                                     23 ;--------------------------------------------------------
                                     24 ; ram data
                                     25 ;--------------------------------------------------------
                                     26 	.area _INITIALIZED
                                     27 ;--------------------------------------------------------
                                     28 ; absolute external ram data
                                     29 ;--------------------------------------------------------
                                     30 	.area _DABS (ABS)
                                     31 ;--------------------------------------------------------
                                     32 ; global & static initialisations
                                     33 ;--------------------------------------------------------
                                     34 	.area _HOME
                                     35 	.area _GSINIT
                                     36 	.area _GSFINAL
                                     37 	.area _GSINIT
                                     38 ;--------------------------------------------------------
                                     39 ; Home
                                     40 ;--------------------------------------------------------
                                     41 	.area _HOME
                                     42 	.area _HOME
                                     43 ;--------------------------------------------------------
                                     44 ; code
                                     45 ;--------------------------------------------------------
                                     46 	.area _CODE
                                     47 ;src/games/hoppy_run/score.c:11: void draw_hoppy_score(uint8_t score)
                                     48 ;	---------------------------------
                                     49 ; Function draw_hoppy_score
                                     50 ; ---------------------------------
    00000000                         51 _draw_hoppy_score::
    00000000 E8 FC            [16]   52 	add	sp, #-4
    00000002 4F               [ 4]   53 	ld	c, a
                                     54 ;src/games/hoppy_run/score.c:15: tiles[0] = get_char_tile('0' + score / 100);
    00000003 F8 03            [12]   55 	ldhl	sp,	#3
    00000005 71               [ 8]   56 	ld	(hl), c
    00000006 1E 64            [ 8]   57 	ld	e, #0x64
    00000008 7E               [ 8]   58 	ld	a, (hl)
    00000009 CDr00r00         [24]   59 	call	__divuchar
    0000000C 79               [ 4]   60 	ld	a, c
    0000000D C6 30            [ 8]   61 	add	a, #0x30
    0000000F CDr00r00         [24]   62 	call	_get_char_tile
    00000012 F8 00            [12]   63 	ldhl	sp,	#0
    00000014 77               [ 8]   64 	ld	(hl), a
                                     65 ;src/games/hoppy_run/score.c:16: tiles[1] = get_char_tile('0' + (score / 10) % 10);
    00000015 1E 0A            [ 8]   66 	ld	e, #0x0a
    00000017 F8 03            [12]   67 	ldhl	sp,	#3
    00000019 7E               [ 8]   68 	ld	a, (hl)
    0000001A CDr00r00         [24]   69 	call	__divuchar
    0000001D 79               [ 4]   70 	ld	a, c
    0000001E 1E 0A            [ 8]   71 	ld	e, #0x0a
    00000020 CDr00r00         [24]   72 	call	__moduchar
    00000023 79               [ 4]   73 	ld	a, c
    00000024 C6 30            [ 8]   74 	add	a, #0x30
    00000026 CDr00r00         [24]   75 	call	_get_char_tile
    00000029 F8 01            [12]   76 	ldhl	sp,	#1
                                     77 ;src/games/hoppy_run/score.c:17: tiles[2] = get_char_tile('0' + score % 10);
    0000002B 22               [ 8]   78 	ld	(hl+), a
    0000002C 23               [ 8]   79 	inc	hl
    0000002D 1E 0A            [ 8]   80 	ld	e, #0x0a
    0000002F 7E               [ 8]   81 	ld	a, (hl)
    00000030 CDr00r00         [24]   82 	call	__moduchar
    00000033 79               [ 4]   83 	ld	a, c
    00000034 C6 30            [ 8]   84 	add	a, #0x30
    00000036 CDr00r00         [24]   85 	call	_get_char_tile
    00000039 F8 02            [12]   86 	ldhl	sp,	#2
    0000003B 77               [ 8]   87 	ld	(hl), a
                                     88 ;src/games/hoppy_run/score.c:18: set_win_tiles(0, 0, 3, 1, tiles);
    0000003C 21 00 00         [12]   89 	ld	hl, #0
    0000003F 39               [ 8]   90 	add	hl, sp
    00000040 E5               [16]   91 	push	hl
    00000041 21 03 01         [12]   92 	ld	hl, #0x103
    00000044 E5               [16]   93 	push	hl
    00000045 AF               [ 4]   94 	xor	a, a
    00000046 0F               [ 4]   95 	rrca
    00000047 F5               [16]   96 	push	af
    00000048 CDr00r00         [24]   97 	call	_set_win_tiles
                                     98 ;src/games/hoppy_run/score.c:19: }
    0000004B E8 0A            [16]   99 	add	sp, #10
    0000004D C9               [16]  100 	ret
                                    101 ;src/games/hoppy_run/score.c:21: void setup_score_window(void)
                                    102 ;	---------------------------------
                                    103 ; Function setup_score_window
                                    104 ; ---------------------------------
    0000004E                        105 _setup_score_window::
                                    106 ;src/games/hoppy_run/score.c:23: fill_win_rect(0, 0, 20, 1, 0);
    0000004E AF               [ 4]  107 	xor	a, a
    0000004F 67               [ 4]  108 	ld	h, a
    00000050 2E 01            [ 8]  109 	ld	l, #0x01
    00000052 E5               [16]  110 	push	hl
    00000053 3E 14            [ 8]  111 	ld	a, #0x14
    00000055 F5               [16]  112 	push	af
    00000056 33               [ 8]  113 	inc	sp
    00000057 AF               [ 4]  114 	xor	a, a
    00000058 0F               [ 4]  115 	rrca
    00000059 F5               [16]  116 	push	af
    0000005A CDr00r00         [24]  117 	call	_fill_win_rect
    0000005D E8 05            [16]  118 	add	sp, #5
                                    119 ;src/games/hoppy_run/score.c:24: WX_REG = 7;
    0000005F 3E 07            [ 8]  120 	ld	a, #0x07
    00000061 E0r00            [12]  121 	ldh	(_WX_REG + 0), a
                                    122 ;src/games/hoppy_run/score.c:25: WY_REG = 136;
    00000063 3E 88            [ 8]  123 	ld	a, #0x88
    00000065 E0r00            [12]  124 	ldh	(_WY_REG + 0), a
                                    125 ;src/games/hoppy_run/score.c:26: SHOW_WIN;
    00000067 F0r00            [12]  126 	ldh	a, (_LCDC_REG + 0)
    00000069 F6 20            [ 8]  127 	or	a, #0x20
    0000006B E0r00            [12]  128 	ldh	(_LCDC_REG + 0), a
                                    129 ;src/games/hoppy_run/score.c:27: }
    0000006D C9               [16]  130 	ret
                                    131 	.area _CODE
                                    132 	.area _INITIALIZER
                                    133 	.area _CABS (ABS)
