                                      1 ;--------------------------------------------------------
                                      2 ; File Created by SDCC : free open source ISO C Compiler
                                      3 ; Version 4.5.1 #15267 (Linux)
                                      4 ;--------------------------------------------------------
                                      5 	.module coords_t
                                      6 	
                                      7 ;--------------------------------------------------------
                                      8 ; Public variables in this module
                                      9 ;--------------------------------------------------------
                                     10 	.globl _memcpy
                                     11 	.globl _set_coords
                                     12 ;--------------------------------------------------------
                                     13 ; special function registers
                                     14 ;--------------------------------------------------------
                                     15 	.area _HRAM
                                     16 ;--------------------------------------------------------
                                     17 ; ram data
                                     18 ;--------------------------------------------------------
                                     19 	.area _DATA
                                     20 ;--------------------------------------------------------
                                     21 ; ram data
                                     22 ;--------------------------------------------------------
                                     23 	.area _INITIALIZED
                                     24 ;--------------------------------------------------------
                                     25 ; absolute external ram data
                                     26 ;--------------------------------------------------------
                                     27 	.area _DABS (ABS)
                                     28 ;--------------------------------------------------------
                                     29 ; global & static initialisations
                                     30 ;--------------------------------------------------------
                                     31 	.area _HOME
                                     32 	.area _GSINIT
                                     33 	.area _GSFINAL
                                     34 	.area _GSINIT
                                     35 ;--------------------------------------------------------
                                     36 ; Home
                                     37 ;--------------------------------------------------------
                                     38 	.area _HOME
                                     39 	.area _HOME
                                     40 ;--------------------------------------------------------
                                     41 ; code
                                     42 ;--------------------------------------------------------
                                     43 	.area _CODE
                                     44 ;src/games/hoppy_snake/coords_t.c:11: void set_coords(coords_t *dest, coords_t origin)
                                     45 ;	---------------------------------
                                     46 ; Function set_coords
                                     47 ; ---------------------------------
    00000000                         48 _set_coords::
                                     49 ;src/games/hoppy_snake/coords_t.c:13: memcpy(dest->values, origin.values, 2 * sizeof(size_t));
    00000000 F8 02            [12]   50 	ldhl	sp,	#2
    00000002 4D               [ 4]   51 	ld	c, l
    00000003 44               [ 4]   52 	ld	b, h
    00000004 21 04 00         [12]   53 	ld	hl, #0x0004
    00000007 E5               [16]   54 	push	hl
    00000008 CDr00r00         [24]   55 	call	_memcpy
                                     56 ;src/games/hoppy_snake/coords_t.c:14: }
    0000000B E1               [12]   57 	pop	hl
    0000000C E8 04            [16]   58 	add	sp, #4
    0000000E E9               [ 4]   59 	jp	(hl)
                                     60 	.area _CODE
                                     61 	.area _INITIALIZER
                                     62 	.area _CABS (ABS)
