                                      1 ;--------------------------------------------------------
                                      2 ; File Created by SDCC : free open source ISO C Compiler
                                      3 ; Version 4.5.1 #15267 (Linux)
                                      4 ;--------------------------------------------------------
                                      5 	.module get_coords_next
                                      6 	
                                      7 ;--------------------------------------------------------
                                      8 ; Public variables in this module
                                      9 ;--------------------------------------------------------
                                     10 	.globl _get_tile_at
                                     11 	.globl _get_coords_next
                                     12 ;--------------------------------------------------------
                                     13 ; special function registers
                                     14 ;--------------------------------------------------------
                                     15 	.area _HRAM
                                     16 ;--------------------------------------------------------
                                     17 ; ram data
                                     18 ;--------------------------------------------------------
                                     19 	.area _DATA
                                     20 ;--------------------------------------------------------
                                     21 ; ram data
                                     22 ;--------------------------------------------------------
                                     23 	.area _INITIALIZED
                                     24 ;--------------------------------------------------------
                                     25 ; absolute external ram data
                                     26 ;--------------------------------------------------------
                                     27 	.area _DABS (ABS)
                                     28 ;--------------------------------------------------------
                                     29 ; global & static initialisations
                                     30 ;--------------------------------------------------------
                                     31 	.area _HOME
                                     32 	.area _GSINIT
                                     33 	.area _GSFINAL
                                     34 	.area _GSINIT
                                     35 ;--------------------------------------------------------
                                     36 ; Home
                                     37 ;--------------------------------------------------------
                                     38 	.area _HOME
                                     39 	.area _HOME
                                     40 ;--------------------------------------------------------
                                     41 ; code
                                     42 ;--------------------------------------------------------
                                     43 	.area _CODE
                                     44 ;src/games/hoppy_snake/get_coords_next.c:13: static int move_up(size_t *y)
                                     45 ;	---------------------------------
                                     46 ; Function move_up
                                     47 ; ---------------------------------
    00000000                         48 _move_up:
    00000000 4B               [ 4]   49 	ld	c, e
    00000001 42               [ 4]   50 	ld	b, d
                                     51 ;src/games/hoppy_snake/get_coords_next.c:15: if (*y == 0)
    00000002 69               [ 4]   52 	ld	l, c
    00000003 60               [ 4]   53 	ld	h, b
    00000004 2A               [ 8]   54 	ld	a,	(hl+)
    00000005 66               [ 8]   55 	ld	h, (hl)
    00000006 6F               [ 4]   56 	ld	l, a
    00000007 B4               [ 4]   57 	or	a, h
    00000008 20 04            [12]   58 	jr	NZ, 00102$
                                     59 ;src/games/hoppy_snake/get_coords_next.c:16: return FAILURE;
    0000000A 01 FF FF         [12]   60 	ld	bc, #0xffff
    0000000D C9               [16]   61 	ret
    0000000E                         62 00102$:
                                     63 ;src/games/hoppy_snake/get_coords_next.c:17: --(*y);
    0000000E 2B               [ 8]   64 	dec	hl
    0000000F 7D               [ 4]   65 	ld	a, l
    00000010 02               [ 8]   66 	ld	(bc), a
    00000011 03               [ 8]   67 	inc	bc
    00000012 7C               [ 4]   68 	ld	a, h
    00000013 02               [ 8]   69 	ld	(bc), a
                                     70 ;src/games/hoppy_snake/get_coords_next.c:18: return SUCCESS;
    00000014 01 00 00         [12]   71 	ld	bc, #0x0000
                                     72 ;src/games/hoppy_snake/get_coords_next.c:19: }
    00000017 C9               [16]   73 	ret
                                     74 ;src/games/hoppy_snake/get_coords_next.c:21: static int move_left(size_t *x)
                                     75 ;	---------------------------------
                                     76 ; Function move_left
                                     77 ; ---------------------------------
    00000018                         78 _move_left:
    00000018 4B               [ 4]   79 	ld	c, e
    00000019 42               [ 4]   80 	ld	b, d
                                     81 ;src/games/hoppy_snake/get_coords_next.c:23: if (*x == 0)
    0000001A 69               [ 4]   82 	ld	l, c
    0000001B 60               [ 4]   83 	ld	h, b
    0000001C 2A               [ 8]   84 	ld	a,	(hl+)
    0000001D 66               [ 8]   85 	ld	h, (hl)
    0000001E 6F               [ 4]   86 	ld	l, a
    0000001F B4               [ 4]   87 	or	a, h
    00000020 20 04            [12]   88 	jr	NZ, 00102$
                                     89 ;src/games/hoppy_snake/get_coords_next.c:24: return FAILURE;
    00000022 01 FF FF         [12]   90 	ld	bc, #0xffff
    00000025 C9               [16]   91 	ret
    00000026                         92 00102$:
                                     93 ;src/games/hoppy_snake/get_coords_next.c:25: --(*x);
    00000026 2B               [ 8]   94 	dec	hl
    00000027 7D               [ 4]   95 	ld	a, l
    00000028 02               [ 8]   96 	ld	(bc), a
    00000029 03               [ 8]   97 	inc	bc
    0000002A 7C               [ 4]   98 	ld	a, h
    0000002B 02               [ 8]   99 	ld	(bc), a
                                    100 ;src/games/hoppy_snake/get_coords_next.c:26: return SUCCESS;
    0000002C 01 00 00         [12]  101 	ld	bc, #0x0000
                                    102 ;src/games/hoppy_snake/get_coords_next.c:27: }
    0000002F C9               [16]  103 	ret
                                    104 ;src/games/hoppy_snake/get_coords_next.c:29: static int calculate_coords_increment(const tile_data_t *snake_tile,
                                    105 ;	---------------------------------
                                    106 ; Function calculate_coords_increment
                                    107 ; ---------------------------------
    00000030                        108 _calculate_coords_increment:
                                    109 ;src/games/hoppy_snake/get_coords_next.c:32: switch (*snake_tile) {
    00000030 1A               [ 8]  110 	ld	a, (de)
    00000031 FE 04            [ 8]  111 	cp	a, #0x04
    00000033 28 0E            [12]  112 	jr	Z, 00101$
    00000035 FE 08            [ 8]  113 	cp	a, #0x08
    00000037 28 14            [12]  114 	jr	Z, 00102$
    00000039 FE 10            [ 8]  115 	cp	a, #0x10
    0000003B 28 25            [12]  116 	jr	Z, 00103$
    0000003D D6 20            [ 8]  117 	sub	a, #0x20
    0000003F 28 28            [12]  118 	jr	Z, 00104$
    00000041 18 36            [12]  119 	jr	00105$
                                    120 ;src/games/hoppy_snake/get_coords_next.c:33: case SNAKE_UP:
    00000043                        121 00101$:
                                    122 ;src/games/hoppy_snake/get_coords_next.c:34: return move_up(y);
    00000043 F8 02            [12]  123 	ldhl	sp,	#2
    00000045 2A               [ 8]  124 	ld	a, (hl+)
    00000046 5F               [ 4]  125 	ld	e, a
    00000047 56               [ 8]  126 	ld	d, (hl)
    00000048 CDr00r00         [24]  127 	call	_move_up
    0000004B 18 2F            [12]  128 	jr	00107$
                                    129 ;src/games/hoppy_snake/get_coords_next.c:35: case SNAKE_DOWN:
    0000004D                        130 00102$:
                                    131 ;src/games/hoppy_snake/get_coords_next.c:36: ++(*y);
    0000004D F8 02            [12]  132 	ldhl	sp,	#2
    0000004F 2A               [ 8]  133 	ld	a, (hl+)
    00000050 4F               [ 4]  134 	ld	c, a
    00000051 46               [ 8]  135 	ld	b, (hl)
    00000052 69               [ 4]  136 	ld	l, c
    00000053 60               [ 4]  137 	ld	h, b
    00000054 2A               [ 8]  138 	ld	a,	(hl+)
    00000055 66               [ 8]  139 	ld	h, (hl)
    00000056 6F               [ 4]  140 	ld	l, a
    00000057 23               [ 8]  141 	inc	hl
    00000058 7D               [ 4]  142 	ld	a, l
    00000059 02               [ 8]  143 	ld	(bc), a
    0000005A 03               [ 8]  144 	inc	bc
    0000005B 7C               [ 4]  145 	ld	a, h
    0000005C 02               [ 8]  146 	ld	(bc), a
                                    147 ;src/games/hoppy_snake/get_coords_next.c:37: return SUCCESS;
    0000005D 01 00 00         [12]  148 	ld	bc, #0x0000
    00000060 18 1A            [12]  149 	jr	00107$
                                    150 ;src/games/hoppy_snake/get_coords_next.c:38: case SNAKE_LEFT:
    00000062                        151 00103$:
                                    152 ;src/games/hoppy_snake/get_coords_next.c:39: return move_left(x);
    00000062 59               [ 4]  153 	ld	e, c
    00000063 50               [ 4]  154 	ld	d, b
    00000064 CDr18r00         [24]  155 	call	_move_left
    00000067 18 13            [12]  156 	jr	00107$
                                    157 ;src/games/hoppy_snake/get_coords_next.c:40: case SNAKE_RIGHT:
    00000069                        158 00104$:
                                    159 ;src/games/hoppy_snake/get_coords_next.c:41: ++(*x);
    00000069 69               [ 4]  160 	ld	l, c
    0000006A 60               [ 4]  161 	ld	h, b
    0000006B 2A               [ 8]  162 	ld	a,	(hl+)
    0000006C 66               [ 8]  163 	ld	h, (hl)
    0000006D 6F               [ 4]  164 	ld	l, a
    0000006E 23               [ 8]  165 	inc	hl
    0000006F 7D               [ 4]  166 	ld	a, l
    00000070 02               [ 8]  167 	ld	(bc), a
    00000071 03               [ 8]  168 	inc	bc
    00000072 7C               [ 4]  169 	ld	a, h
    00000073 02               [ 8]  170 	ld	(bc), a
                                    171 ;src/games/hoppy_snake/get_coords_next.c:42: return SUCCESS;
    00000074 01 00 00         [12]  172 	ld	bc, #0x0000
    00000077 18 03            [12]  173 	jr	00107$
                                    174 ;src/games/hoppy_snake/get_coords_next.c:43: default:
    00000079                        175 00105$:
                                    176 ;src/games/hoppy_snake/get_coords_next.c:44: return FAILURE;
    00000079 01 FF FF         [12]  177 	ld	bc, #0xffff
                                    178 ;src/games/hoppy_snake/get_coords_next.c:45: }
    0000007C                        179 00107$:
                                    180 ;src/games/hoppy_snake/get_coords_next.c:46: }
    0000007C E1               [12]  181 	pop	hl
    0000007D F1               [12]  182 	pop	af
    0000007E E9               [ 4]  183 	jp	(hl)
                                    184 ;src/games/hoppy_snake/get_coords_next.c:48: int get_coords_next(snake_board_t *snake_board, coords_t *coords)
                                    185 ;	---------------------------------
                                    186 ; Function get_coords_next
                                    187 ; ---------------------------------
    0000007F                        188 _get_coords_next::
    0000007F E8 F6            [16]  189 	add	sp, #-10
                                    190 ;src/games/hoppy_snake/get_coords_next.c:50: const tile_data_t *snake_tile = get_tile_at(snake_board, *coords);
    00000081 C5               [16]  191 	push	bc
    00000082 69               [ 4]  192 	ld	l, c
    00000083 60               [ 4]  193 	ld	h, b
    00000084 23               [ 8]  194 	inc	hl
    00000085 23               [ 8]  195 	inc	hl
    00000086 23               [ 8]  196 	inc	hl
    00000087 3A               [ 8]  197 	ld	a, (hl-)
    00000088 47               [ 4]  198 	ld	b, a
    00000089 3A               [ 8]  199 	ld	a, (hl-)
    0000008A 4F               [ 4]  200 	ld	c, a
    0000008B C5               [16]  201 	push	bc
    0000008C 3A               [ 8]  202 	ld	a, (hl-)
    0000008D 47               [ 4]  203 	ld	b, a
    0000008E 4E               [ 8]  204 	ld	c, (hl)
    0000008F C5               [16]  205 	push	bc
    00000090 CDr00r00         [24]  206 	call	_get_tile_at
    00000093 F8 06            [12]  207 	ldhl	sp,	#6
    00000095 79               [ 4]  208 	ld	a, c
    00000096 22               [ 8]  209 	ld	(hl+), a
    00000097 70               [ 8]  210 	ld	(hl), b
    00000098 C1               [12]  211 	pop	bc
                                    212 ;src/games/hoppy_snake/get_coords_next.c:51: int snake_y = (int)coords->values[0];
    00000099 F8 06            [12]  213 	ldhl	sp,	#6
    0000009B 79               [ 4]  214 	ld	a, c
    0000009C 22               [ 8]  215 	ld	(hl+), a
    0000009D 78               [ 4]  216 	ld	a, b
    0000009E 32               [ 8]  217 	ld	(hl-), a
    0000009F 2A               [ 8]  218 	ld	a, (hl+)
    000000A0 5F               [ 4]  219 	ld	e, a
    000000A1 2A               [ 8]  220 	ld	a, (hl+)
    000000A2 57               [ 4]  221 	ld	d, a
    000000A3 1A               [ 8]  222 	ld	a, (de)
    000000A4 22               [ 8]  223 	ld	(hl+), a
    000000A5 13               [ 8]  224 	inc	de
    000000A6 1A               [ 8]  225 	ld	a, (de)
    000000A7 32               [ 8]  226 	ld	(hl-), a
    000000A8 7E               [ 8]  227 	ld	a, (hl)
    000000A9 F8 00            [12]  228 	ldhl	sp,	#0
    000000AB 77               [ 8]  229 	ld	(hl), a
    000000AC F8 09            [12]  230 	ldhl	sp,	#9
    000000AE 7E               [ 8]  231 	ld	a, (hl)
    000000AF F8 01            [12]  232 	ldhl	sp,	#1
    000000B1 77               [ 8]  233 	ld	(hl), a
                                    234 ;src/games/hoppy_snake/get_coords_next.c:52: int snake_x = (int)coords->values[1];
    000000B2 03               [ 8]  235 	inc	bc
    000000B3 03               [ 8]  236 	inc	bc
    000000B4 F8 08            [12]  237 	ldhl	sp,	#8
    000000B6 79               [ 4]  238 	ld	a, c
    000000B7 22               [ 8]  239 	ld	(hl+), a
    000000B8 78               [ 4]  240 	ld	a, b
    000000B9 32               [ 8]  241 	ld	(hl-), a
    000000BA 2A               [ 8]  242 	ld	a, (hl+)
    000000BB 5F               [ 4]  243 	ld	e, a
    000000BC 56               [ 8]  244 	ld	d, (hl)
    000000BD 1A               [ 8]  245 	ld	a, (de)
    000000BE 4F               [ 4]  246 	ld	c, a
    000000BF 13               [ 8]  247 	inc	de
    000000C0 1A               [ 8]  248 	ld	a, (de)
    000000C1 F8 02            [12]  249 	ldhl	sp,	#2
    000000C3 71               [ 8]  250 	ld	(hl), c
    000000C4 23               [ 8]  251 	inc	hl
    000000C5 77               [ 8]  252 	ld	(hl), a
                                    253 ;src/games/hoppy_snake/get_coords_next.c:54: if (calculate_coords_increment(snake_tile, &snake_x, &snake_y) == FAILURE)
    000000C6 F8 02            [12]  254 	ldhl	sp,	#2
    000000C8 4D               [ 4]  255 	ld	c, l
    000000C9 5C               [ 4]  256 	ld	e, h
    000000CA 21 00 00         [12]  257 	ld	hl, #0
    000000CD 39               [ 8]  258 	add	hl, sp
    000000CE E5               [16]  259 	push	hl
    000000CF 43               [ 4]  260 	ld	b, e
    000000D0 F8 06            [12]  261 	ldhl	sp,	#6
    000000D2 2A               [ 8]  262 	ld	a, (hl+)
    000000D3 5F               [ 4]  263 	ld	e, a
    000000D4 56               [ 8]  264 	ld	d, (hl)
    000000D5 CDr30r00         [24]  265 	call	_calculate_coords_increment
    000000D8 79               [ 4]  266 	ld	a, c
    000000D9 A0               [ 4]  267 	and	a, b
    000000DA 3C               [ 4]  268 	inc	a
    000000DB 20 05            [12]  269 	jr	NZ, 00102$
                                    270 ;src/games/hoppy_snake/get_coords_next.c:55: return FAILURE;
    000000DD 01 FF FF         [12]  271 	ld	bc, #0xffff
    000000E0 18 25            [12]  272 	jr	00105$
    000000E2                        273 00102$:
                                    274 ;src/games/hoppy_snake/get_coords_next.c:56: if (snake_tile == NULL)
    000000E2 F8 05            [12]  275 	ldhl	sp,	#5
    000000E4 3A               [ 8]  276 	ld	a, (hl-)
    000000E5 B6               [ 8]  277 	or	a, (hl)
    000000E6 20 05            [12]  278 	jr	NZ, 00104$
                                    279 ;src/games/hoppy_snake/get_coords_next.c:57: return FAILURE;
    000000E8 01 FF FF         [12]  280 	ld	bc, #0xffff
    000000EB 18 1A            [12]  281 	jr	00105$
    000000ED                        282 00104$:
                                    283 ;src/games/hoppy_snake/get_coords_next.c:58: coords->values[0] = (size_t)snake_y;
    000000ED C1               [12]  284 	pop	bc
    000000EE C5               [16]  285 	push	bc
    000000EF F8 06            [12]  286 	ldhl	sp,	#6
    000000F1 2A               [ 8]  287 	ld	a, (hl+)
    000000F2 66               [ 8]  288 	ld	h, (hl)
    000000F3 6F               [ 4]  289 	ld	l, a
    000000F4 79               [ 4]  290 	ld	a, c
    000000F5 22               [ 8]  291 	ld	(hl+), a
    000000F6 70               [ 8]  292 	ld	(hl), b
                                    293 ;src/games/hoppy_snake/get_coords_next.c:59: coords->values[1] = (size_t)snake_x;
    000000F7 F8 02            [12]  294 	ldhl	sp,	#2
    000000F9 2A               [ 8]  295 	ld	a, (hl+)
    000000FA 4F               [ 4]  296 	ld	c, a
    000000FB 46               [ 8]  297 	ld	b, (hl)
    000000FC F8 08            [12]  298 	ldhl	sp,	#8
    000000FE 2A               [ 8]  299 	ld	a, (hl+)
    000000FF 66               [ 8]  300 	ld	h, (hl)
    00000100 6F               [ 4]  301 	ld	l, a
    00000101 79               [ 4]  302 	ld	a, c
    00000102 22               [ 8]  303 	ld	(hl+), a
    00000103 70               [ 8]  304 	ld	(hl), b
                                    305 ;src/games/hoppy_snake/get_coords_next.c:60: return SUCCESS;
    00000104 01 00 00         [12]  306 	ld	bc, #0x0000
    00000107                        307 00105$:
                                    308 ;src/games/hoppy_snake/get_coords_next.c:61: }
    00000107 E8 0A            [16]  309 	add	sp, #10
    00000109 C9               [16]  310 	ret
                                    311 	.area _CODE
                                    312 	.area _INITIALIZER
                                    313 	.area _CABS (ABS)
