                                      1 ;--------------------------------------------------------
                                      2 ; File Created by SDCC : free open source ISO C Compiler
                                      3 ; Version 4.5.1 #15267 (Linux)
                                      4 ;--------------------------------------------------------
                                      5 	.module get_head_sprite
                                      6 	
                                      7 ;--------------------------------------------------------
                                      8 ; Public variables in this module
                                      9 ;--------------------------------------------------------
                                     10 	.globl _get_head_sprite
                                     11 ;--------------------------------------------------------
                                     12 ; special function registers
                                     13 ;--------------------------------------------------------
                                     14 	.area _HRAM
                                     15 ;--------------------------------------------------------
                                     16 ; ram data
                                     17 ;--------------------------------------------------------
                                     18 	.area _DATA
                                     19 ;--------------------------------------------------------
                                     20 ; ram data
                                     21 ;--------------------------------------------------------
                                     22 	.area _INITIALIZED
                                     23 ;--------------------------------------------------------
                                     24 ; absolute external ram data
                                     25 ;--------------------------------------------------------
                                     26 	.area _DABS (ABS)
                                     27 ;--------------------------------------------------------
                                     28 ; global & static initialisations
                                     29 ;--------------------------------------------------------
                                     30 	.area _HOME
                                     31 	.area _GSINIT
                                     32 	.area _GSFINAL
                                     33 	.area _GSINIT
                                     34 ;--------------------------------------------------------
                                     35 ; Home
                                     36 ;--------------------------------------------------------
                                     37 	.area _HOME
                                     38 	.area _HOME
                                     39 ;--------------------------------------------------------
                                     40 ; code
                                     41 ;--------------------------------------------------------
                                     42 	.area _CODE
                                     43 ;src/games/hoppy_snake/get_head_sprite.c:11: snake_head_positions_t get_head_sprite(tile_data_t direction)
                                     44 ;	---------------------------------
                                     45 ; Function get_head_sprite
                                     46 ; ---------------------------------
    00000000                         47 _get_head_sprite::
                                     48 ;src/games/hoppy_snake/get_head_sprite.c:13: switch (direction) {
    00000000 FE 08            [ 8]   49 	cp	a, #0x08
    00000002 28 0A            [12]   50 	jr	Z, 00101$
    00000004 FE 10            [ 8]   51 	cp	a, #0x10
    00000006 28 09            [12]   52 	jr	Z, 00102$
    00000008 D6 20            [ 8]   53 	sub	a, #0x20
    0000000A 28 08            [12]   54 	jr	Z, 00103$
    0000000C 18 09            [12]   55 	jr	00104$
                                     56 ;src/games/hoppy_snake/get_head_sprite.c:14: case SNAKE_DOWN:
    0000000E                         57 00101$:
                                     58 ;src/games/hoppy_snake/get_head_sprite.c:15: return SNAKE_HEAD_DOWN;
    0000000E 3E 01            [ 8]   59 	ld	a, #0x01
    00000010 C9               [16]   60 	ret
                                     61 ;src/games/hoppy_snake/get_head_sprite.c:16: case SNAKE_LEFT:
    00000011                         62 00102$:
                                     63 ;src/games/hoppy_snake/get_head_sprite.c:17: return SNAKE_HEAD_LEFT;
    00000011 3E 02            [ 8]   64 	ld	a, #0x02
    00000013 C9               [16]   65 	ret
                                     66 ;src/games/hoppy_snake/get_head_sprite.c:18: case SNAKE_RIGHT:
    00000014                         67 00103$:
                                     68 ;src/games/hoppy_snake/get_head_sprite.c:19: return SNAKE_HEAD_RIGHT;
    00000014 3E 03            [ 8]   69 	ld	a, #0x03
    00000016 C9               [16]   70 	ret
                                     71 ;src/games/hoppy_snake/get_head_sprite.c:20: default:
    00000017                         72 00104$:
                                     73 ;src/games/hoppy_snake/get_head_sprite.c:21: return SNAKE_HEAD_UP;
    00000017 AF               [ 4]   74 	xor	a, a
                                     75 ;src/games/hoppy_snake/get_head_sprite.c:22: }
                                     76 ;src/games/hoppy_snake/get_head_sprite.c:23: }
    00000018 C9               [16]   77 	ret
                                     78 	.area _CODE
                                     79 	.area _INITIALIZER
                                     80 	.area _CABS (ABS)
