                                      1 ;--------------------------------------------------------
                                      2 ; File Created by SDCC : free open source ISO C Compiler
                                      3 ; Version 4.5.1 #15267 (Linux)
                                      4 ;--------------------------------------------------------
                                      5 	.module init_snake_game
                                      6 	
                                      7 ;--------------------------------------------------------
                                      8 ; Public variables in this module
                                      9 ;--------------------------------------------------------
                                     10 	.globl _clear_all_sprites
                                     11 	.globl _init_snake_score
                                     12 	.globl _initarand
                                     13 	.globl _memset
                                     14 	.globl _place_fish
                                     15 	.globl _get_tile_at
                                     16 	.globl _set_coords
                                     17 	.globl _init_bkg
                                     18 	.globl _set_sprite_data
                                     19 	.globl _set_bkg_data
                                     20 	.globl _vsync
                                     21 	.globl _init_snake_game
                                     22 ;--------------------------------------------------------
                                     23 ; special function registers
                                     24 ;--------------------------------------------------------
                                     25 	.area _HRAM
                                     26 ;--------------------------------------------------------
                                     27 ; ram data
                                     28 ;--------------------------------------------------------
                                     29 	.area _DATA
                                     30 ;--------------------------------------------------------
                                     31 ; ram data
                                     32 ;--------------------------------------------------------
                                     33 	.area _INITIALIZED
                                     34 ;--------------------------------------------------------
                                     35 ; absolute external ram data
                                     36 ;--------------------------------------------------------
                                     37 	.area _DABS (ABS)
                                     38 ;--------------------------------------------------------
                                     39 ; global & static initialisations
                                     40 ;--------------------------------------------------------
                                     41 	.area _HOME
                                     42 	.area _GSINIT
                                     43 	.area _GSFINAL
                                     44 	.area _GSINIT
                                     45 ;--------------------------------------------------------
                                     46 ; Home
                                     47 ;--------------------------------------------------------
                                     48 	.area _HOME
                                     49 	.area _HOME
                                     50 ;--------------------------------------------------------
                                     51 ; code
                                     52 ;--------------------------------------------------------
                                     53 	.area _CODE
                                     54 ;src/games/hoppy_snake/init_snake_game.c:21: static void init_snake_background(void)
                                     55 ;	---------------------------------
                                     56 ; Function init_snake_background
                                     57 ; ---------------------------------
    00000000                         58 _init_snake_background:
                                     59 ;src/games/hoppy_snake/init_snake_game.c:23: set_bkg_data(SNAKE_BGBODY_ASSET, 1, SnakeBodyTiles);
    00000000 11rA7r00         [12]   60 	ld	de, #_SnakeBodyTiles
    00000003 D5               [16]   61 	push	de
    00000004 21 01 01         [12]   62 	ld	hl, #0x101
    00000007 E5               [16]   63 	push	hl
    00000008 CDr00r00         [24]   64 	call	_set_bkg_data
    0000000B E8 04            [16]   65 	add	sp, #4
                                     66 ;src/games/hoppy_snake/init_snake_game.c:24: set_bkg_data(SNAKE_BGEMPTY_ASSET, 1, EmptyTile);
    0000000D 11r97r00         [12]   67 	ld	de, #_EmptyTile
    00000010 D5               [16]   68 	push	de
    00000011 AF               [ 4]   69 	xor	a, a
    00000012 3C               [ 4]   70 	inc	a
    00000013 F5               [16]   71 	push	af
    00000014 CDr00r00         [24]   72 	call	_set_bkg_data
    00000017 E8 04            [16]   73 	add	sp, #4
                                     74 ;src/games/hoppy_snake/init_snake_game.c:25: set_bkg_data(SNAKE_BGHEART_ASSET, 1, HeartTiles);
    00000019 11r87r00         [12]   75 	ld	de, #_HeartTiles
    0000001C D5               [16]   76 	push	de
    0000001D 21 02 01         [12]   77 	ld	hl, #0x102
    00000020 E5               [16]   78 	push	hl
    00000021 CDr00r00         [24]   79 	call	_set_bkg_data
    00000024 E8 04            [16]   80 	add	sp, #4
                                     81 ;src/games/hoppy_snake/init_snake_game.c:26: set_bkg_data(SNAKE_BGBACKGROUND_ASSET, 1, BackgroundTile);
    00000026 11r57r01         [12]   82 	ld	de, #_BackgroundTile
    00000029 D5               [16]   83 	push	de
    0000002A 21 03 01         [12]   84 	ld	hl, #0x103
    0000002D E5               [16]   85 	push	hl
    0000002E CDr00r00         [24]   86 	call	_set_bkg_data
    00000031 E8 04            [16]   87 	add	sp, #4
                                     88 ;src/games/hoppy_snake/init_snake_game.c:27: set_bkg_data(SNAKE_BGSCORE_ASSET, DIGIT_TILES_COUNT, DigitTiles);
    00000033 11rB7r00         [12]   89 	ld	de, #_DigitTiles
    00000036 D5               [16]   90 	push	de
    00000037 21 04 0A         [12]   91 	ld	hl, #0xa04
    0000003A E5               [16]   92 	push	hl
    0000003B CDr00r00         [24]   93 	call	_set_bkg_data
    0000003E E8 04            [16]   94 	add	sp, #4
                                     95 ;src/games/hoppy_snake/init_snake_game.c:28: SHOW_BKG;
    00000040 F0r00            [12]   96 	ldh	a, (_LCDC_REG + 0)
    00000042 F6 01            [ 8]   97 	or	a, #0x01
    00000044 E0r00            [12]   98 	ldh	(_LCDC_REG + 0), a
                                     99 ;src/games/hoppy_snake/init_snake_game.c:29: }
    00000046 C9               [16]  100 	ret
    00000047                        101 _SnakeHeadTiles:
    00000047 18                     102 	.db #0x18	; 24
    00000048 18                     103 	.db #0x18	; 24
    00000049 24                     104 	.db #0x24	; 36
    0000004A 24                     105 	.db #0x24	; 36
    0000004B 24                     106 	.db #0x24	; 36
    0000004C 24                     107 	.db #0x24	; 36
    0000004D 42                     108 	.db #0x42	; 66	'B'
    0000004E 42                     109 	.db #0x42	; 66	'B'
    0000004F BD                     110 	.db #0xbd	; 189
    00000050 A5                     111 	.db #0xa5	; 165
    00000051 99                     112 	.db #0x99	; 153
    00000052 C3                     113 	.db #0xc3	; 195
    00000053 42                     114 	.db #0x42	; 66	'B'
    00000054 7E                     115 	.db #0x7e	; 126
    00000055 3C                     116 	.db #0x3c	; 60
    00000056 3C                     117 	.db #0x3c	; 60
    00000057 3C                     118 	.db #0x3c	; 60
    00000058 3C                     119 	.db #0x3c	; 60
    00000059 42                     120 	.db #0x42	; 66	'B'
    0000005A 7E                     121 	.db #0x7e	; 126
    0000005B 99                     122 	.db #0x99	; 153
    0000005C C3                     123 	.db #0xc3	; 195
    0000005D BD                     124 	.db #0xbd	; 189
    0000005E A5                     125 	.db #0xa5	; 165
    0000005F 42                     126 	.db #0x42	; 66	'B'
    00000060 42                     127 	.db #0x42	; 66	'B'
    00000061 24                     128 	.db #0x24	; 36
    00000062 24                     129 	.db #0x24	; 36
    00000063 24                     130 	.db #0x24	; 36
    00000064 24                     131 	.db #0x24	; 36
    00000065 18                     132 	.db #0x18	; 24
    00000066 18                     133 	.db #0x18	; 24
    00000067 0C                     134 	.db #0x0c	; 12
    00000068 0C                     135 	.db #0x0c	; 12
    00000069 12                     136 	.db #0x12	; 18
    0000006A 16                     137 	.db #0x16	; 22
    0000006B 69                     138 	.db #0x69	; 105	'i'
    0000006C 6B                     139 	.db #0x6b	; 107	'k'
    0000006D 8D                     140 	.db #0x8d	; 141
    0000006E 83                     141 	.db #0x83	; 131
    0000006F 8D                     142 	.db #0x8d	; 141
    00000070 83                     143 	.db #0x83	; 131
    00000071 69                     144 	.db #0x69	; 105	'i'
    00000072 6B                     145 	.db #0x6b	; 107	'k'
    00000073 12                     146 	.db #0x12	; 18
    00000074 16                     147 	.db #0x16	; 22
    00000075 0C                     148 	.db #0x0c	; 12
    00000076 0C                     149 	.db #0x0c	; 12
    00000077 30                     150 	.db #0x30	; 48	'0'
    00000078 30                     151 	.db #0x30	; 48	'0'
    00000079 48                     152 	.db #0x48	; 72	'H'
    0000007A 68                     153 	.db #0x68	; 104	'h'
    0000007B 96                     154 	.db #0x96	; 150
    0000007C D6                     155 	.db #0xd6	; 214
    0000007D B1                     156 	.db #0xb1	; 177
    0000007E C1                     157 	.db #0xc1	; 193
    0000007F B1                     158 	.db #0xb1	; 177
    00000080 C1                     159 	.db #0xc1	; 193
    00000081 96                     160 	.db #0x96	; 150
    00000082 D6                     161 	.db #0xd6	; 214
    00000083 48                     162 	.db #0x48	; 72	'H'
    00000084 68                     163 	.db #0x68	; 104	'h'
    00000085 30                     164 	.db #0x30	; 48	'0'
    00000086 30                     165 	.db #0x30	; 48	'0'
    00000087                        166 _HeartTiles:
    00000087 66                     167 	.db #0x66	; 102	'f'
    00000088 66                     168 	.db #0x66	; 102	'f'
    00000089 D9                     169 	.db #0xd9	; 217
    0000008A FF                     170 	.db #0xff	; 255
    0000008B B1                     171 	.db #0xb1	; 177
    0000008C C3                     172 	.db #0xc3	; 195
    0000008D B1                     173 	.db #0xb1	; 177
    0000008E C3                     174 	.db #0xc3	; 195
    0000008F 7E                     175 	.db #0x7e	; 126
    00000090 42                     176 	.db #0x42	; 66	'B'
    00000091 3C                     177 	.db #0x3c	; 60
    00000092 24                     178 	.db #0x24	; 36
    00000093 18                     179 	.db #0x18	; 24
    00000094 18                     180 	.db #0x18	; 24
    00000095 00                     181 	.db #0x00	; 0
    00000096 00                     182 	.db #0x00	; 0
    00000097                        183 _EmptyTile:
    00000097 00                     184 	.db #0x00	; 0
    00000098 00                     185 	.db #0x00	; 0
    00000099 00                     186 	.db #0x00	; 0
    0000009A 00                     187 	.db #0x00	; 0
    0000009B 00                     188 	.db #0x00	; 0
    0000009C 00                     189 	.db #0x00	; 0
    0000009D 00                     190 	.db #0x00	; 0
    0000009E 00                     191 	.db #0x00	; 0
    0000009F 00                     192 	.db #0x00	; 0
    000000A0 00                     193 	.db #0x00	; 0
    000000A1 00                     194 	.db #0x00	; 0
    000000A2 00                     195 	.db #0x00	; 0
    000000A3 00                     196 	.db #0x00	; 0
    000000A4 00                     197 	.db #0x00	; 0
    000000A5 00                     198 	.db #0x00	; 0
    000000A6 00                     199 	.db #0x00	; 0
    000000A7                        200 _SnakeBodyTiles:
    000000A7 3C                     201 	.db #0x3c	; 60
    000000A8 18                     202 	.db #0x18	; 24
    000000A9 66                     203 	.db #0x66	; 102	'f'
    000000AA 3C                     204 	.db #0x3c	; 60
    000000AB C3                     205 	.db #0xc3	; 195
    000000AC 66                     206 	.db #0x66	; 102	'f'
    000000AD 81                     207 	.db #0x81	; 129
    000000AE C3                     208 	.db #0xc3	; 195
    000000AF 81                     209 	.db #0x81	; 129
    000000B0 C3                     210 	.db #0xc3	; 195
    000000B1 C3                     211 	.db #0xc3	; 195
    000000B2 66                     212 	.db #0x66	; 102	'f'
    000000B3 66                     213 	.db #0x66	; 102	'f'
    000000B4 3C                     214 	.db #0x3c	; 60
    000000B5 3C                     215 	.db #0x3c	; 60
    000000B6 18                     216 	.db #0x18	; 24
    000000B7                        217 _DigitTiles:
    000000B7 18                     218 	.db #0x18	; 24
    000000B8 18                     219 	.db #0x18	; 24
    000000B9 7E                     220 	.db #0x7e	; 126
    000000BA 7E                     221 	.db #0x7e	; 126
    000000BB 7E                     222 	.db #0x7e	; 126
    000000BC 7E                     223 	.db #0x7e	; 126
    000000BD 66                     224 	.db #0x66	; 102	'f'
    000000BE 66                     225 	.db #0x66	; 102	'f'
    000000BF 66                     226 	.db #0x66	; 102	'f'
    000000C0 66                     227 	.db #0x66	; 102	'f'
    000000C1 66                     228 	.db #0x66	; 102	'f'
    000000C2 66                     229 	.db #0x66	; 102	'f'
    000000C3 7E                     230 	.db #0x7e	; 126
    000000C4 7E                     231 	.db #0x7e	; 126
    000000C5 18                     232 	.db #0x18	; 24
    000000C6 18                     233 	.db #0x18	; 24
    000000C7 1C                     234 	.db #0x1c	; 28
    000000C8 1C                     235 	.db #0x1c	; 28
    000000C9 7C                     236 	.db #0x7c	; 124
    000000CA 7C                     237 	.db #0x7c	; 124
    000000CB 1C                     238 	.db #0x1c	; 28
    000000CC 1C                     239 	.db #0x1c	; 28
    000000CD 1C                     240 	.db #0x1c	; 28
    000000CE 1C                     241 	.db #0x1c	; 28
    000000CF 1C                     242 	.db #0x1c	; 28
    000000D0 1C                     243 	.db #0x1c	; 28
    000000D1 1C                     244 	.db #0x1c	; 28
    000000D2 1C                     245 	.db #0x1c	; 28
    000000D3 1C                     246 	.db #0x1c	; 28
    000000D4 1C                     247 	.db #0x1c	; 28
    000000D5 7E                     248 	.db #0x7e	; 126
    000000D6 7E                     249 	.db #0x7e	; 126
    000000D7 1C                     250 	.db #0x1c	; 28
    000000D8 1C                     251 	.db #0x1c	; 28
    000000D9 7E                     252 	.db #0x7e	; 126
    000000DA 7E                     253 	.db #0x7e	; 126
    000000DB 66                     254 	.db #0x66	; 102	'f'
    000000DC 66                     255 	.db #0x66	; 102	'f'
    000000DD 06                     256 	.db #0x06	; 6
    000000DE 06                     257 	.db #0x06	; 6
    000000DF 3E                     258 	.db #0x3e	; 62
    000000E0 3E                     259 	.db #0x3e	; 62
    000000E1 7C                     260 	.db #0x7c	; 124
    000000E2 7C                     261 	.db #0x7c	; 124
    000000E3 70                     262 	.db #0x70	; 112	'p'
    000000E4 70                     263 	.db #0x70	; 112	'p'
    000000E5 7E                     264 	.db #0x7e	; 126
    000000E6 7E                     265 	.db #0x7e	; 126
    000000E7 18                     266 	.db #0x18	; 24
    000000E8 18                     267 	.db #0x18	; 24
    000000E9 7E                     268 	.db #0x7e	; 126
    000000EA 7E                     269 	.db #0x7e	; 126
    000000EB 66                     270 	.db #0x66	; 102	'f'
    000000EC 66                     271 	.db #0x66	; 102	'f'
    000000ED 06                     272 	.db #0x06	; 6
    000000EE 06                     273 	.db #0x06	; 6
    000000EF 1C                     274 	.db #0x1c	; 28
    000000F0 1C                     275 	.db #0x1c	; 28
    000000F1 06                     276 	.db #0x06	; 6
    000000F2 06                     277 	.db #0x06	; 6
    000000F3 66                     278 	.db #0x66	; 102	'f'
    000000F4 66                     279 	.db #0x66	; 102	'f'
    000000F5 3E                     280 	.db #0x3e	; 62
    000000F6 3E                     281 	.db #0x3e	; 62
    000000F7 60                     282 	.db #0x60	; 96
    000000F8 60                     283 	.db #0x60	; 96
    000000F9 60                     284 	.db #0x60	; 96
    000000FA 60                     285 	.db #0x60	; 96
    000000FB 66                     286 	.db #0x66	; 102	'f'
    000000FC 66                     287 	.db #0x66	; 102	'f'
    000000FD 66                     288 	.db #0x66	; 102	'f'
    000000FE 66                     289 	.db #0x66	; 102	'f'
    000000FF 7E                     290 	.db #0x7e	; 126
    00000100 7E                     291 	.db #0x7e	; 126
    00000101 7E                     292 	.db #0x7e	; 126
    00000102 7E                     293 	.db #0x7e	; 126
    00000103 0C                     294 	.db #0x0c	; 12
    00000104 0C                     295 	.db #0x0c	; 12
    00000105 0C                     296 	.db #0x0c	; 12
    00000106 0C                     297 	.db #0x0c	; 12
    00000107 7E                     298 	.db #0x7e	; 126
    00000108 7E                     299 	.db #0x7e	; 126
    00000109 7E                     300 	.db #0x7e	; 126
    0000010A 7E                     301 	.db #0x7e	; 126
    0000010B 60                     302 	.db #0x60	; 96
    0000010C 60                     303 	.db #0x60	; 96
    0000010D 7C                     304 	.db #0x7c	; 124
    0000010E 7C                     305 	.db #0x7c	; 124
    0000010F 7E                     306 	.db #0x7e	; 126
    00000110 7E                     307 	.db #0x7e	; 126
    00000111 06                     308 	.db #0x06	; 6
    00000112 06                     309 	.db #0x06	; 6
    00000113 66                     310 	.db #0x66	; 102	'f'
    00000114 66                     311 	.db #0x66	; 102	'f'
    00000115 7E                     312 	.db #0x7e	; 126
    00000116 7E                     313 	.db #0x7e	; 126
    00000117 3C                     314 	.db #0x3c	; 60
    00000118 3C                     315 	.db #0x3c	; 60
    00000119 7E                     316 	.db #0x7e	; 126
    0000011A 7E                     317 	.db #0x7e	; 126
    0000011B 66                     318 	.db #0x66	; 102	'f'
    0000011C 66                     319 	.db #0x66	; 102	'f'
    0000011D 60                     320 	.db #0x60	; 96
    0000011E 60                     321 	.db #0x60	; 96
    0000011F 7C                     322 	.db #0x7c	; 124
    00000120 7C                     323 	.db #0x7c	; 124
    00000121 7E                     324 	.db #0x7e	; 126
    00000122 7E                     325 	.db #0x7e	; 126
    00000123 6E                     326 	.db #0x6e	; 110	'n'
    00000124 6E                     327 	.db #0x6e	; 110	'n'
    00000125 3C                     328 	.db #0x3c	; 60
    00000126 3C                     329 	.db #0x3c	; 60
    00000127 7E                     330 	.db #0x7e	; 126
    00000128 7E                     331 	.db #0x7e	; 126
    00000129 7E                     332 	.db #0x7e	; 126
    0000012A 7E                     333 	.db #0x7e	; 126
    0000012B 0E                     334 	.db #0x0e	; 14
    0000012C 0E                     335 	.db #0x0e	; 14
    0000012D 1C                     336 	.db #0x1c	; 28
    0000012E 1C                     337 	.db #0x1c	; 28
    0000012F 3E                     338 	.db #0x3e	; 62
    00000130 3E                     339 	.db #0x3e	; 62
    00000131 18                     340 	.db #0x18	; 24
    00000132 18                     341 	.db #0x18	; 24
    00000133 38                     342 	.db #0x38	; 56	'8'
    00000134 38                     343 	.db #0x38	; 56	'8'
    00000135 30                     344 	.db #0x30	; 48	'0'
    00000136 30                     345 	.db #0x30	; 48	'0'
    00000137 18                     346 	.db #0x18	; 24
    00000138 18                     347 	.db #0x18	; 24
    00000139 7E                     348 	.db #0x7e	; 126
    0000013A 7E                     349 	.db #0x7e	; 126
    0000013B 66                     350 	.db #0x66	; 102	'f'
    0000013C 66                     351 	.db #0x66	; 102	'f'
    0000013D 3C                     352 	.db #0x3c	; 60
    0000013E 3C                     353 	.db #0x3c	; 60
    0000013F 3C                     354 	.db #0x3c	; 60
    00000140 3C                     355 	.db #0x3c	; 60
    00000141 66                     356 	.db #0x66	; 102	'f'
    00000142 66                     357 	.db #0x66	; 102	'f'
    00000143 66                     358 	.db #0x66	; 102	'f'
    00000144 66                     359 	.db #0x66	; 102	'f'
    00000145 3C                     360 	.db #0x3c	; 60
    00000146 3C                     361 	.db #0x3c	; 60
    00000147 3C                     362 	.db #0x3c	; 60
    00000148 3C                     363 	.db #0x3c	; 60
    00000149 7E                     364 	.db #0x7e	; 126
    0000014A 7E                     365 	.db #0x7e	; 126
    0000014B 66                     366 	.db #0x66	; 102	'f'
    0000014C 66                     367 	.db #0x66	; 102	'f'
    0000014D 7E                     368 	.db #0x7e	; 126
    0000014E 7E                     369 	.db #0x7e	; 126
    0000014F 3E                     370 	.db #0x3e	; 62
    00000150 3E                     371 	.db #0x3e	; 62
    00000151 06                     372 	.db #0x06	; 6
    00000152 06                     373 	.db #0x06	; 6
    00000153 7E                     374 	.db #0x7e	; 126
    00000154 7E                     375 	.db #0x7e	; 126
    00000155 3C                     376 	.db #0x3c	; 60
    00000156 3C                     377 	.db #0x3c	; 60
    00000157                        378 _BackgroundTile:
    00000157 55                     379 	.db #0x55	; 85	'U'
    00000158 AA                     380 	.db #0xaa	; 170
    00000159 AA                     381 	.db #0xaa	; 170
    0000015A 55                     382 	.db #0x55	; 85	'U'
    0000015B 55                     383 	.db #0x55	; 85	'U'
    0000015C AA                     384 	.db #0xaa	; 170
    0000015D AA                     385 	.db #0xaa	; 170
    0000015E 55                     386 	.db #0x55	; 85	'U'
    0000015F 55                     387 	.db #0x55	; 85	'U'
    00000160 AA                     388 	.db #0xaa	; 170
    00000161 AA                     389 	.db #0xaa	; 170
    00000162 55                     390 	.db #0x55	; 85	'U'
    00000163 55                     391 	.db #0x55	; 85	'U'
    00000164 AA                     392 	.db #0xaa	; 170
    00000165 AA                     393 	.db #0xaa	; 170
    00000166 55                     394 	.db #0x55	; 85	'U'
                                    395 ;src/games/hoppy_snake/init_snake_game.c:31: static void init_snake_sprites(void)
                                    396 ;	---------------------------------
                                    397 ; Function init_snake_sprites
                                    398 ; ---------------------------------
    00000167                        399 _init_snake_sprites:
                                    400 ;src/games/hoppy_snake/init_snake_game.c:33: SPRITES_8x8;
    00000167 F0r00            [12]  401 	ldh	a, (_LCDC_REG + 0)
    00000169 E6 FB            [ 8]  402 	and	a, #0xfb
    0000016B E0r00            [12]  403 	ldh	(_LCDC_REG + 0), a
                                    404 ;src/games/hoppy_snake/init_snake_game.c:34: set_sprite_data(0, 4, SnakeHeadTiles);
    0000016D 11r47r00         [12]  405 	ld	de, #_SnakeHeadTiles
    00000170 D5               [16]  406 	push	de
    00000171 21 00 04         [12]  407 	ld	hl, #0x400
    00000174 E5               [16]  408 	push	hl
    00000175 CDr00r00         [24]  409 	call	_set_sprite_data
    00000178 E8 04            [16]  410 	add	sp, #4
                                    411 ;/opt/gbdk/include/gb/gb.h:1887: shadow_OAM[nb].tile=tile;
    0000017A 21r02r00         [12]  412 	ld	hl, #(_shadow_OAM + 2)
    0000017D 36 00            [12]  413 	ld	(hl), #0x00
    0000017F 21r06r00         [12]  414 	ld	hl, #(_shadow_OAM + 6)
    00000182 36 01            [12]  415 	ld	(hl), #0x01
    00000184 21r0Ar00         [12]  416 	ld	hl, #(_shadow_OAM + 10)
    00000187 36 02            [12]  417 	ld	(hl), #0x02
    00000189 21r0Er00         [12]  418 	ld	hl, #(_shadow_OAM + 14)
    0000018C 36 03            [12]  419 	ld	(hl), #0x03
                                    420 ;src/games/hoppy_snake/init_snake_game.c:39: SHOW_SPRITES;
    0000018E F0r00            [12]  421 	ldh	a, (_LCDC_REG + 0)
    00000190 F6 02            [ 8]  422 	or	a, #0x02
    00000192 E0r00            [12]  423 	ldh	(_LCDC_REG + 0), a
                                    424 ;src/games/hoppy_snake/init_snake_game.c:40: }
    00000194 C9               [16]  425 	ret
                                    426 ;src/games/hoppy_snake/init_snake_game.c:42: int init_snake_game(snake_game_t *snake_game)
                                    427 ;	---------------------------------
                                    428 ; Function init_snake_game
                                    429 ; ---------------------------------
    00000195                        430 _init_snake_game::
    00000195 E8 FA            [16]  431 	add	sp, #-6
    00000197 F8 04            [12]  432 	ldhl	sp,	#4
    00000199 7B               [ 4]  433 	ld	a, e
    0000019A 22               [ 8]  434 	ld	(hl+), a
    0000019B 72               [ 8]  435 	ld	(hl), d
                                    436 ;src/games/hoppy_snake/init_snake_game.c:45: coords_t snake_coords = {{BOARD_HEIGHT / 2, BOARD_WIDTH / 2}};
    0000019C F8 00            [12]  437 	ldhl	sp,	#0
    0000019E 3E 08            [ 8]  438 	ld	a, #0x08
    000001A0 22               [ 8]  439 	ld	(hl+), a
    000001A1 AF               [ 4]  440 	xor	a, a
    000001A2 22               [ 8]  441 	ld	(hl+), a
    000001A3 3E 0A            [ 8]  442 	ld	a, #0x0a
    000001A5 22               [ 8]  443 	ld	(hl+), a
    000001A6 AF               [ 4]  444 	xor	a, a
    000001A7 77               [ 8]  445 	ld	(hl), a
                                    446 ;src/games/hoppy_snake/init_snake_game.c:47: clear_all_sprites();
    000001A8 CDr00r00         [24]  447 	call	_clear_all_sprites
                                    448 ;src/games/hoppy_snake/init_snake_game.c:48: init_snake_background();
    000001AB CDr00r00         [24]  449 	call	_init_snake_background
                                    450 ;src/games/hoppy_snake/init_snake_game.c:49: init_snake_sprites();
    000001AE CDr67r01         [24]  451 	call	_init_snake_sprites
                                    452 ;src/games/hoppy_snake/init_snake_game.c:50: init_bkg(0);
    000001B1 AF               [ 4]  453 	xor	a, a
    000001B2 F5               [16]  454 	push	af
    000001B3 33               [ 8]  455 	inc	sp
    000001B4 CDr00r00         [24]  456 	call	_init_bkg
    000001B7 33               [ 8]  457 	inc	sp
                                    458 ;src/games/hoppy_snake/init_snake_game.c:51: vsync();
    000001B8 CDr00r00         [24]  459 	call	_vsync
                                    460 ;src/games/hoppy_snake/init_snake_game.c:52: init_snake_score(&(snake_game->score));
    000001BB F8 04            [12]  461 	ldhl	sp,	#4
    000001BD 2A               [ 8]  462 	ld	a, (hl+)
    000001BE 4F               [ 4]  463 	ld	c, a
    000001BF 46               [ 8]  464 	ld	b, (hl)
    000001C0 21 5E 01         [12]  465 	ld	hl, #0x015e
    000001C3 09               [ 8]  466 	add	hl, bc
    000001C4 5D               [ 4]  467 	ld	e, l
    000001C5 54               [ 4]  468 	ld	d, h
    000001C6 CDr00r00         [24]  469 	call	_init_snake_score
                                    470 ;src/games/hoppy_snake/init_snake_game.c:53: initarand((uint16_t)&snake_game);
    000001C9 F8 04            [12]  471 	ldhl	sp,	#4
    000001CB E5               [16]  472 	push	hl
    000001CC CDr00r00         [24]  473 	call	_initarand
    000001CF E1               [12]  474 	pop	hl
                                    475 ;src/games/hoppy_snake/init_snake_game.c:54: memset(snake_game, SNAKE_VOID, sizeof(snake_game_t));
    000001D0 F8 04            [12]  476 	ldhl	sp,	#4
    000001D2 2A               [ 8]  477 	ld	a, (hl+)
    000001D3 4F               [ 4]  478 	ld	c, a
    000001D4 46               [ 8]  479 	ld	b, (hl)
    000001D5 11 5F 01         [12]  480 	ld	de, #0x015f
    000001D8 D5               [16]  481 	push	de
    000001D9 11 01 00         [12]  482 	ld	de, #0x0001
    000001DC D5               [16]  483 	push	de
    000001DD C5               [16]  484 	push	bc
    000001DE CDr00r00         [24]  485 	call	_memset
    000001E1 E8 06            [16]  486 	add	sp, #6
                                    487 ;src/games/hoppy_snake/init_snake_game.c:55: set_coords(&(snake_game->head_coords), snake_coords);
    000001E3 F8 04            [12]  488 	ldhl	sp,	#4
    000001E5 2A               [ 8]  489 	ld	a, (hl+)
    000001E6 4F               [ 4]  490 	ld	c, a
    000001E7 46               [ 8]  491 	ld	b, (hl)
    000001E8 21 56 01         [12]  492 	ld	hl, #0x0156
    000001EB 09               [ 8]  493 	add	hl, bc
    000001EC 5D               [ 4]  494 	ld	e, l
    000001ED 54               [ 4]  495 	ld	d, h
    000001EE 21 03 00         [12]  496 	ld	hl,#0x3
    000001F1 39               [ 8]  497 	add	hl,sp
    000001F2 3A               [ 8]  498 	ld	a, (hl-)
    000001F3 47               [ 4]  499 	ld	b, a
    000001F4 3A               [ 8]  500 	ld	a, (hl-)
    000001F5 4F               [ 4]  501 	ld	c, a
    000001F6 C5               [16]  502 	push	bc
    000001F7 3A               [ 8]  503 	ld	a, (hl-)
    000001F8 47               [ 4]  504 	ld	b, a
    000001F9 4E               [ 8]  505 	ld	c, (hl)
    000001FA C5               [16]  506 	push	bc
    000001FB CDr00r00         [24]  507 	call	_set_coords
                                    508 ;src/games/hoppy_snake/init_snake_game.c:56: set_coords(&(snake_game->tail_tip_coords), snake_game->head_coords);
    000001FE F8 04            [12]  509 	ldhl	sp,	#4
    00000200 2A               [ 8]  510 	ld	a, (hl+)
    00000201 4F               [ 4]  511 	ld	c, a
    00000202 46               [ 8]  512 	ld	b, (hl)
    00000203 21 59 01         [12]  513 	ld	hl,#0x159
    00000206 09               [ 8]  514 	add	hl,bc
    00000207 79               [ 4]  515 	ld	a, c
    00000208 C6 5A            [ 8]  516 	add	a, #0x5a
    0000020A 5F               [ 4]  517 	ld	e, a
    0000020B 78               [ 4]  518 	ld	a, b
    0000020C CE 01            [ 8]  519 	adc	a, #0x01
    0000020E 57               [ 4]  520 	ld	d, a
    0000020F 3A               [ 8]  521 	ld	a, (hl-)
    00000210 47               [ 4]  522 	ld	b, a
    00000211 3A               [ 8]  523 	ld	a, (hl-)
    00000212 4F               [ 4]  524 	ld	c, a
    00000213 C5               [16]  525 	push	bc
    00000214 3A               [ 8]  526 	ld	a, (hl-)
    00000215 47               [ 4]  527 	ld	b, a
    00000216 4E               [ 8]  528 	ld	c, (hl)
    00000217 C5               [16]  529 	push	bc
    00000218 CDr00r00         [24]  530 	call	_set_coords
                                    531 ;src/games/hoppy_snake/init_snake_game.c:57: snake_game->unflold = (SNAKE_START_SIZE - 1);
    0000021B F8 04            [12]  532 	ldhl	sp,	#4
    0000021D 2A               [ 8]  533 	ld	a, (hl+)
    0000021E 4F               [ 4]  534 	ld	c, a
    0000021F 46               [ 8]  535 	ld	b, (hl)
    00000220 21 54 01         [12]  536 	ld	hl, #0x0154
    00000223 09               [ 8]  537 	add	hl, bc
    00000224 3E 02            [ 8]  538 	ld	a, #0x02
    00000226 22               [ 8]  539 	ld	(hl+), a
    00000227 36 00            [12]  540 	ld	(hl), #0x00
                                    541 ;src/games/hoppy_snake/init_snake_game.c:58: snake_head = get_tile_at(&(snake_game->board), snake_game->head_coords);
    00000229 F8 04            [12]  542 	ldhl	sp,	#4
    0000022B 2A               [ 8]  543 	ld	a, (hl+)
    0000022C 5F               [ 4]  544 	ld	e, a
    0000022D 56               [ 8]  545 	ld	d, (hl)
    0000022E 21 59 01         [12]  546 	ld	hl,#0x159
    00000231 19               [ 8]  547 	add	hl,de
    00000232 3A               [ 8]  548 	ld	a, (hl-)
    00000233 47               [ 4]  549 	ld	b, a
    00000234 3A               [ 8]  550 	ld	a, (hl-)
    00000235 4F               [ 4]  551 	ld	c, a
    00000236 C5               [16]  552 	push	bc
    00000237 3A               [ 8]  553 	ld	a, (hl-)
    00000238 47               [ 4]  554 	ld	b, a
    00000239 4E               [ 8]  555 	ld	c, (hl)
    0000023A C5               [16]  556 	push	bc
    0000023B CDr00r00         [24]  557 	call	_get_tile_at
                                    558 ;src/games/hoppy_snake/init_snake_game.c:59: *snake_head = SNAKE_START_DIRECTION;
    0000023E 3E 04            [ 8]  559 	ld	a, #0x04
    00000240 02               [ 8]  560 	ld	(bc), a
                                    561 ;src/games/hoppy_snake/init_snake_game.c:60: place_fish(snake_game);
    00000241 F8 04            [12]  562 	ldhl	sp,	#4
    00000243 2A               [ 8]  563 	ld	a, (hl+)
    00000244 5F               [ 4]  564 	ld	e, a
    00000245 56               [ 8]  565 	ld	d, (hl)
    00000246 CDr00r00         [24]  566 	call	_place_fish
                                    567 ;src/games/hoppy_snake/init_snake_game.c:61: snake_game->score = 0;
    00000249 F8 04            [12]  568 	ldhl	sp,	#4
    0000024B 2A               [ 8]  569 	ld	a, (hl+)
    0000024C 4F               [ 4]  570 	ld	c, a
    0000024D 46               [ 8]  571 	ld	b, (hl)
    0000024E 21 5E 01         [12]  572 	ld	hl, #0x015e
    00000251 09               [ 8]  573 	add	hl, bc
                                    574 ;src/games/hoppy_snake/init_snake_game.c:62: return SUCCESS;
    00000252 01 00 00         [12]  575 	ld	bc, #0x0000
    00000255 71               [ 8]  576 	ld	(hl), c
                                    577 ;src/games/hoppy_snake/init_snake_game.c:63: }
    00000256 E8 06            [16]  578 	add	sp, #6
    00000258 C9               [16]  579 	ret
                                    580 	.area _CODE
                                    581 	.area _INITIALIZER
                                    582 	.area _CABS (ABS)
