                                      1 ;--------------------------------------------------------
                                      2 ; File Created by SDCC : free open source ISO C Compiler
                                      3 ; Version 4.5.1 #15267 (Linux)
                                      4 ;--------------------------------------------------------
                                      5 	.module place_fish
                                      6 	
                                      7 ;--------------------------------------------------------
                                      8 ; Public variables in this module
                                      9 ;--------------------------------------------------------
                                     10 	.globl _rand
                                     11 	.globl _set_bkg_tiles
                                     12 	.globl _place_fish
                                     13 ;--------------------------------------------------------
                                     14 ; special function registers
                                     15 ;--------------------------------------------------------
                                     16 	.area _HRAM
                                     17 ;--------------------------------------------------------
                                     18 ; ram data
                                     19 ;--------------------------------------------------------
                                     20 	.area _DATA
                                     21 ;--------------------------------------------------------
                                     22 ; ram data
                                     23 ;--------------------------------------------------------
                                     24 	.area _INITIALIZED
                                     25 ;--------------------------------------------------------
                                     26 ; absolute external ram data
                                     27 ;--------------------------------------------------------
                                     28 	.area _DABS (ABS)
                                     29 ;--------------------------------------------------------
                                     30 ; global & static initialisations
                                     31 ;--------------------------------------------------------
                                     32 	.area _HOME
                                     33 	.area _GSINIT
                                     34 	.area _GSFINAL
                                     35 	.area _GSINIT
                                     36 ;--------------------------------------------------------
                                     37 ; Home
                                     38 ;--------------------------------------------------------
                                     39 	.area _HOME
                                     40 	.area _HOME
                                     41 ;--------------------------------------------------------
                                     42 ; code
                                     43 ;--------------------------------------------------------
                                     44 	.area _CODE
                                     45 ;src/games/hoppy_snake/place_fish.c:18: static size_t get_fish_index(snake_board_t *game_board)
                                     46 ;	---------------------------------
                                     47 ; Function get_fish_index
                                     48 ; ---------------------------------
    00000000                         49 _get_fish_index:
    00000000 E8 FC            [16]   50 	add	sp, #-4
    00000002 D5               [16]   51 	push	de
                                     52 ;src/games/hoppy_snake/place_fish.c:23: new_fish_index = ((size_t)rand()) % BOARD_SIZE;
    00000003 CDr00r00         [24]   53 	call	_rand
    00000006 AF               [ 4]   54 	xor	a, a
    00000007 01 54 01         [12]   55 	ld	bc, #0x0154
    0000000A 57               [ 4]   56 	ld	d, a
                                     57 ;src/games/hoppy_snake/place_fish.c:24: for (size_t i = 0; i <= new_fish_index; ++i) {
    0000000B CDr00r00         [24]   58 	call	__moduint
    0000000E AF               [ 4]   59 	xor	a, a
    0000000F F8 02            [12]   60 	ldhl	sp,	#2
    00000011 22               [ 8]   61 	ld	(hl+), a
    00000012 22               [ 8]   62 	ld	(hl+), a
    00000013 AF               [ 4]   63 	xor	a, a
    00000014 22               [ 8]   64 	ld	(hl+), a
    00000015 77               [ 8]   65 	ld	(hl), a
    00000016                         66 00110$:
    00000016 F8 02            [12]   67 	ldhl	sp,	#2
    00000018 79               [ 4]   68 	ld	a, c
    00000019 96               [ 8]   69 	sub	a, (hl)
    0000001A 23               [ 8]   70 	inc	hl
    0000001B 78               [ 4]   71 	ld	a, b
    0000001C 9E               [ 8]   72 	sbc	a, (hl)
    0000001D 38 61            [12]   73 	jr	C, 00108$
                                     74 ;src/games/hoppy_snake/place_fish.c:25: if (i >= BOARD_SIZE && skip_counter == BOARD_SIZE)
    0000001F F8 02            [12]   75 	ldhl	sp,	#2
    00000021 2A               [ 8]   76 	ld	a, (hl+)
    00000022 D6 54            [ 8]   77 	sub	a, #0x54
    00000024 7E               [ 8]   78 	ld	a, (hl)
    00000025 DE 01            [ 8]   79 	sbc	a, #0x01
    00000027 3E 00            [ 8]   80 	ld	a, #0x00
    00000029 17               [ 4]   81 	rla
    0000002A 5F               [ 4]   82 	ld	e, a
    0000002B CB 43            [ 8]   83 	bit	0, e
    0000002D 20 10            [12]   84 	jr	NZ, 00102$
    0000002F 23               [ 8]   85 	inc	hl
    00000030 7E               [ 8]   86 	ld	a, (hl)
    00000031 D6 54            [ 8]   87 	sub	a, #0x54
    00000033 20 0A            [12]   88 	jr	NZ, 00102$
    00000035 23               [ 8]   89 	inc	hl
    00000036 7E               [ 8]   90 	ld	a, (hl)
    00000037 3D               [ 4]   91 	dec	a
    00000038 20 05            [12]   92 	jr	NZ, 00102$
                                     93 ;src/games/hoppy_snake/place_fish.c:26: return FAILURE;
    0000003A 01 FF FF         [12]   94 	ld	bc, #0xffff
    0000003D 18 41            [12]   95 	jr	00112$
    0000003F                         96 00102$:
                                     97 ;src/games/hoppy_snake/place_fish.c:27: if (i >= BOARD_SIZE) {
    0000003F CB 43            [ 8]   98 	bit	0, e
    00000041 20 1E            [12]   99 	jr	NZ, 00105$
                                    100 ;src/games/hoppy_snake/place_fish.c:28: i = 0;
    00000043 AF               [ 4]  101 	xor	a, a
    00000044 F8 02            [12]  102 	ldhl	sp,	#2
    00000046 22               [ 8]  103 	ld	(hl+), a
    00000047 77               [ 8]  104 	ld	(hl), a
                                    105 ;src/games/hoppy_snake/place_fish.c:29: new_fish_index = rand() % (BOARD_SIZE - skip_counter);
    00000048 CDr00r00         [24]  106 	call	_rand
    0000004B 43               [ 4]  107 	ld	b, e
    0000004C 11 54 01         [12]  108 	ld	de, #0x0154
    0000004F F8 04            [12]  109 	ldhl	sp,	#4
    00000051 2A               [ 8]  110 	ld	a,	(hl+)
    00000052 66               [ 8]  111 	ld	h, (hl)
    00000053 6F               [ 4]  112 	ld	l, a
    00000054 7B               [ 4]  113 	ld	a, e
    00000055 95               [ 4]  114 	sub	a, l
    00000056 5F               [ 4]  115 	ld	e, a
    00000057 7A               [ 4]  116 	ld	a, d
    00000058 9C               [ 4]  117 	sbc	a, h
    00000059 4B               [ 4]  118 	ld	c, e
    0000005A 58               [ 4]  119 	ld	e, b
    0000005B 16 00            [ 8]  120 	ld	d, #0x00
    0000005D 47               [ 4]  121 	ld	b, a
    0000005E CDr00r00         [24]  122 	call	__moduint
    00000061                        123 00105$:
                                    124 ;src/games/hoppy_snake/place_fish.c:31: if ((*game_board)[i] != SNAKE_VOID) {
    00000061 D1               [12]  125 	pop	de
    00000062 D5               [16]  126 	push	de
    00000063 F8 02            [12]  127 	ldhl	sp,	#2
    00000065 2A               [ 8]  128 	ld	a,	(hl+)
    00000066 66               [ 8]  129 	ld	h, (hl)
    00000067 6F               [ 4]  130 	ld	l, a
    00000068 19               [ 8]  131 	add	hl, de
    00000069 5D               [ 4]  132 	ld	e, l
    0000006A 54               [ 4]  133 	ld	d, h
    0000006B 1A               [ 8]  134 	ld	a, (de)
    0000006C 3D               [ 4]  135 	dec	a
    0000006D 28 08            [12]  136 	jr	Z, 00111$
                                    137 ;src/games/hoppy_snake/place_fish.c:32: skip_counter++;
    0000006F F8 04            [12]  138 	ldhl	sp,	#4
    00000071 34               [12]  139 	inc	(hl)
    00000072 20 02            [12]  140 	jr	NZ, 00159$
    00000074 23               [ 8]  141 	inc	hl
    00000075 34               [12]  142 	inc	(hl)
    00000076                        143 00159$:
                                    144 ;src/games/hoppy_snake/place_fish.c:33: new_fish_index++;
    00000076 03               [ 8]  145 	inc	bc
    00000077                        146 00111$:
                                    147 ;src/games/hoppy_snake/place_fish.c:24: for (size_t i = 0; i <= new_fish_index; ++i) {
    00000077 F8 02            [12]  148 	ldhl	sp,	#2
    00000079 34               [12]  149 	inc	(hl)
    0000007A 20 9A            [12]  150 	jr	NZ, 00110$
    0000007C 23               [ 8]  151 	inc	hl
    0000007D 34               [12]  152 	inc	(hl)
    0000007E 18 96            [12]  153 	jr	00110$
    00000080                        154 00108$:
                                    155 ;src/games/hoppy_snake/place_fish.c:36: return new_fish_index;
    00000080                        156 00112$:
                                    157 ;src/games/hoppy_snake/place_fish.c:37: }
    00000080 E8 06            [16]  158 	add	sp, #6
    00000082 C9               [16]  159 	ret
                                    160 ;src/games/hoppy_snake/place_fish.c:39: int place_fish(snake_game_t *game)
                                    161 ;	---------------------------------
                                    162 ; Function place_fish
                                    163 ; ---------------------------------
    00000083                        164 _place_fish::
    00000083 3B               [ 8]  165 	dec	sp
                                    166 ;src/games/hoppy_snake/place_fish.c:41: uint8_t heart_tile_index = SNAKE_BGHEART_ASSET;
    00000084 F8 00            [12]  167 	ldhl	sp,	#0
    00000086 36 02            [12]  168 	ld	(hl), #0x02
                                    169 ;src/games/hoppy_snake/place_fish.c:42: size_t new_fish_index = get_fish_index(&(game->board));
    00000088 7B               [ 4]  170 	ld	a, e
    00000089 4A               [ 4]  171 	ld	c, d
    0000008A D5               [16]  172 	push	de
    0000008B 5F               [ 4]  173 	ld	e, a
    0000008C 51               [ 4]  174 	ld	d, c
    0000008D CDr00r00         [24]  175 	call	_get_fish_index
                                    176 ;src/games/hoppy_snake/place_fish.c:44: game->board[new_fish_index] = FISH;
    00000090 E1               [12]  177 	pop	hl
    00000091 09               [ 8]  178 	add	hl, bc
    00000092 36 02            [12]  179 	ld	(hl), #0x02
                                    180 ;src/games/hoppy_snake/place_fish.c:46: (uint8_t)new_fish_index / BOARD_WIDTH, 1, 1, &heart_tile_index);
    00000094 C5               [16]  181 	push	bc
    00000095 1E 14            [ 8]  182 	ld	e, #0x14
    00000097 79               [ 4]  183 	ld	a, c
    00000098 CDr00r00         [24]  184 	call	__divuchar
    0000009B 51               [ 4]  185 	ld	d, c
    0000009C C1               [12]  186 	pop	bc
                                    187 ;src/games/hoppy_snake/place_fish.c:45: set_bkg_tiles((uint8_t)new_fish_index % BOARD_WIDTH,
    0000009D D5               [16]  188 	push	de
    0000009E 1E 14            [ 8]  189 	ld	e, #0x14
    000000A0 79               [ 4]  190 	ld	a, c
    000000A1 CDr00r00         [24]  191 	call	__moduchar
    000000A4 D1               [12]  192 	pop	de
    000000A5 21 00 00         [12]  193 	ld	hl, #0
    000000A8 39               [ 8]  194 	add	hl, sp
    000000A9 E5               [16]  195 	push	hl
    000000AA 21 01 01         [12]  196 	ld	hl, #0x101
    000000AD E5               [16]  197 	push	hl
    000000AE 59               [ 4]  198 	ld	e, c
    000000AF D5               [16]  199 	push	de
    000000B0 CDr00r00         [24]  200 	call	_set_bkg_tiles
    000000B3 E8 06            [16]  201 	add	sp, #6
                                    202 ;src/games/hoppy_snake/place_fish.c:47: return SUCCESS;
    000000B5 01 00 00         [12]  203 	ld	bc, #0x0000
                                    204 ;src/games/hoppy_snake/place_fish.c:48: }
    000000B8 33               [ 8]  205 	inc	sp
    000000B9 C9               [16]  206 	ret
                                    207 	.area _CODE
                                    208 	.area _INITIALIZER
                                    209 	.area _CABS (ABS)
