                                      1 ;--------------------------------------------------------
                                      2 ; File Created by SDCC : free open source ISO C Compiler
                                      3 ; Version 4.5.1 #15267 (Linux)
                                      4 ;--------------------------------------------------------
                                      5 	.module snake_game_loop
                                      6 	
                                      7 ;--------------------------------------------------------
                                      8 ; Public variables in this module
                                      9 ;--------------------------------------------------------
                                     10 	.globl _snake_game_loop
                                     11 	.globl _increment_score
                                     12 	.globl _snake_key_handler
                                     13 	.globl _snake_step
                                     14 	.globl _init_snake_game
                                     15 	.globl _place_fish
                                     16 	.globl _vsync
                                     17 	.globl _joypad
                                     18 ;--------------------------------------------------------
                                     19 ; special function registers
                                     20 ;--------------------------------------------------------
                                     21 	.area _HRAM
                                     22 ;--------------------------------------------------------
                                     23 ; ram data
                                     24 ;--------------------------------------------------------
                                     25 	.area _DATA
                                     26 ;--------------------------------------------------------
                                     27 ; ram data
                                     28 ;--------------------------------------------------------
                                     29 	.area _INITIALIZED
                                     30 ;--------------------------------------------------------
                                     31 ; absolute external ram data
                                     32 ;--------------------------------------------------------
                                     33 	.area _DABS (ABS)
                                     34 ;--------------------------------------------------------
                                     35 ; global & static initialisations
                                     36 ;--------------------------------------------------------
                                     37 	.area _HOME
                                     38 	.area _GSINIT
                                     39 	.area _GSFINAL
                                     40 	.area _GSINIT
                                     41 ;--------------------------------------------------------
                                     42 ; Home
                                     43 ;--------------------------------------------------------
                                     44 	.area _HOME
                                     45 	.area _HOME
                                     46 ;--------------------------------------------------------
                                     47 ; code
                                     48 ;--------------------------------------------------------
                                     49 	.area _CODE
                                     50 ;src/games/hoppy_snake/snake_game_loop.c:19: static uint8_t delay_and_get_event(size_t delay_size)
                                     51 ;	---------------------------------
                                     52 ; Function delay_and_get_event
                                     53 ; ---------------------------------
    00000000                         54 _delay_and_get_event:
    00000000 4B               [ 4]   55 	ld	c, e
    00000001 42               [ 4]   56 	ld	b, d
                                     57 ;src/games/hoppy_snake/snake_game_loop.c:22: uint8_t last_key_pressed = 0x00u;
    00000002 2E 00            [ 8]   58 	ld	l, #0x00
                                     59 ;src/games/hoppy_snake/snake_game_loop.c:29: return last_key_pressed;
    00000004                         60 00105$:
                                     61 ;src/games/hoppy_snake/snake_game_loop.c:24: for (; delay_size > 0; --delay_size) {
    00000004 78               [ 4]   62 	ld	a, b
    00000005 B1               [ 4]   63 	or	a, c
    00000006 28 0C            [12]   64 	jr	Z, 00103$
                                     65 ;src/games/hoppy_snake/snake_game_loop.c:25: event = joypad();
    00000008 CDr00r00         [24]   66 	call	_joypad
                                     67 ;src/games/hoppy_snake/snake_game_loop.c:26: if (event & SNAKE_KEYMASK)
    0000000B 5F               [ 4]   68 	ld	e, a
    0000000C E6 0F            [ 8]   69 	and	a, #0x0f
    0000000E 28 01            [12]   70 	jr	Z, 00106$
                                     71 ;src/games/hoppy_snake/snake_game_loop.c:27: last_key_pressed = event;
    00000010 6B               [ 4]   72 	ld	l, e
    00000011                         73 00106$:
                                     74 ;src/games/hoppy_snake/snake_game_loop.c:24: for (; delay_size > 0; --delay_size) {
    00000011 0B               [ 8]   75 	dec	bc
    00000012 18 F0            [12]   76 	jr	00105$
    00000014                         77 00103$:
                                     78 ;src/games/hoppy_snake/snake_game_loop.c:29: return last_key_pressed;
    00000014 7D               [ 4]   79 	ld	a, l
                                     80 ;src/games/hoppy_snake/snake_game_loop.c:30: }
    00000015 C9               [16]   81 	ret
                                     82 ;src/games/hoppy_snake/snake_game_loop.c:32: uint8_t snake_game_loop(void)
                                     83 ;	---------------------------------
                                     84 ; Function snake_game_loop
                                     85 ; ---------------------------------
    00000016                         86 _snake_game_loop::
    00000016 21 9E FE         [12]   87 	ld	hl, #-354
    00000019 39               [ 8]   88 	add	hl, sp
    0000001A F9               [ 8]   89 	ld	sp, hl
                                     90 ;src/games/hoppy_snake/snake_game_loop.c:35: snake_game_key_t game_event = NO_EVENT;
    0000001B 21 5F 01         [12]   91 	ld	hl, #351
    0000001E 39               [ 8]   92 	add	hl, sp
    0000001F 36 00            [12]   93 	ld	(hl), #0x00
                                     94 ;src/games/hoppy_snake/snake_game_loop.c:38: init_snake_game(&snake_game);
    00000021 21 00 00         [12]   95 	ld	hl, #0
    00000024 39               [ 8]   96 	add	hl, sp
    00000025 E5               [16]   97 	push	hl
    00000026 7D               [ 4]   98 	ld	a, l
    00000027 21 62 01         [12]   99 	ld	hl, #354
    0000002A 39               [ 8]  100 	add	hl, sp
    0000002B 77               [ 8]  101 	ld	(hl), a
    0000002C E1               [12]  102 	pop	hl
    0000002D 7C               [ 4]  103 	ld	a, h
    0000002E 21 61 01         [12]  104 	ld	hl, #353
    00000031 39               [ 8]  105 	add	hl, sp
    00000032 32               [ 8]  106 	ld	(hl-), a
    00000033 2A               [ 8]  107 	ld	a, (hl+)
    00000034 5F               [ 4]  108 	ld	e, a
    00000035 56               [ 8]  109 	ld	d, (hl)
    00000036 CDr00r00         [24]  110 	call	_init_snake_game
                                    111 ;src/games/hoppy_snake/snake_game_loop.c:39: while (game_event != GAME_OVER) {
    00000039                        112 00106$:
    00000039 21 5F 01         [12]  113 	ld	hl, #351
    0000003C 39               [ 8]  114 	add	hl, sp
    0000003D 7E               [ 8]  115 	ld	a, (hl)
    0000003E D6 02            [ 8]  116 	sub	a, #0x02
    00000040 28 67            [12]  117 	jr	Z, 00108$
                                    118 ;src/games/hoppy_snake/snake_game_loop.c:40: if (game_event == FISH_EATEN && place_fish(&snake_game) == FAILURE)
    00000042 21 5F 01         [12]  119 	ld	hl, #351
    00000045 39               [ 8]  120 	add	hl, sp
    00000046 7E               [ 8]  121 	ld	a, (hl)
    00000047 3D               [ 4]  122 	dec	a
    00000048 3E 01            [ 8]  123 	ld	a, #0x01
    0000004A 28 01            [12]  124 	jr	Z, 00148$
    0000004C AF               [ 4]  125 	xor	a, a
    0000004D                        126 00148$:
    0000004D 5F               [ 4]  127 	ld	e, a
    0000004E B7               [ 4]  128 	or	a, a
    0000004F 28 11            [12]  129 	jr	Z, 00102$
    00000051 D5               [16]  130 	push	de
    00000052 21 62 01         [12]  131 	ld	hl, #354
    00000055 39               [ 8]  132 	add	hl, sp
    00000056 2A               [ 8]  133 	ld	a, (hl+)
    00000057 5F               [ 4]  134 	ld	e, a
    00000058 56               [ 8]  135 	ld	d, (hl)
    00000059 CDr00r00         [24]  136 	call	_place_fish
    0000005C D1               [12]  137 	pop	de
    0000005D 79               [ 4]  138 	ld	a, c
    0000005E A0               [ 4]  139 	and	a, b
                                    140 ;src/games/hoppy_snake/snake_game_loop.c:41: return SUCCESS;
    0000005F 3C               [ 4]  141 	inc	a
    00000060 28 4C            [12]  142 	jr	Z, 00109$
    00000062                        143 00102$:
                                    144 ;src/games/hoppy_snake/snake_game_loop.c:42: if (game_event == FISH_EATEN)
    00000062 7B               [ 4]  145 	ld	a, e
    00000063 B7               [ 4]  146 	or	a, a
    00000064 28 09            [12]  147 	jr	Z, 00105$
                                    148 ;src/games/hoppy_snake/snake_game_loop.c:43: increment_score(&(snake_game.score));
    00000066 21 5E 01         [12]  149 	ld	hl, #350
    00000069 39               [ 8]  150 	add	hl, sp
    0000006A 5D               [ 4]  151 	ld	e, l
    0000006B 54               [ 4]  152 	ld	d, h
    0000006C CDr00r00         [24]  153 	call	_increment_score
    0000006F                        154 00105$:
                                    155 ;src/games/hoppy_snake/snake_game_loop.c:44: event = delay_and_get_event(SNAKE_FRAME_LENGTH);
    0000006F 11 40 06         [12]  156 	ld	de, #0x0640
    00000072 CDr00r00         [24]  157 	call	_delay_and_get_event
    00000075 4F               [ 4]  158 	ld	c, a
                                    159 ;src/games/hoppy_snake/snake_game_loop.c:45: SHOW_BKG;
    00000076 F0r00            [12]  160 	ldh	a, (_LCDC_REG + 0)
    00000078 F6 01            [ 8]  161 	or	a, #0x01
    0000007A E0r00            [12]  162 	ldh	(_LCDC_REG + 0), a
                                    163 ;src/games/hoppy_snake/snake_game_loop.c:46: vsync();
    0000007C CDr00r00         [24]  164 	call	_vsync
                                    165 ;src/games/hoppy_snake/snake_game_loop.c:38: init_snake_game(&snake_game);
    0000007F 21 00 00         [12]  166 	ld	hl, #0
    00000082 39               [ 8]  167 	add	hl, sp
    00000083 E5               [16]  168 	push	hl
    00000084 7D               [ 4]  169 	ld	a, l
    00000085 21 62 01         [12]  170 	ld	hl, #354
    00000088 39               [ 8]  171 	add	hl, sp
    00000089 77               [ 8]  172 	ld	(hl), a
    0000008A E1               [12]  173 	pop	hl
    0000008B 7C               [ 4]  174 	ld	a, h
    0000008C 21 61 01         [12]  175 	ld	hl, #353
    0000008F 39               [ 8]  176 	add	hl, sp
                                    177 ;src/games/hoppy_snake/snake_game_loop.c:47: snake_key_handler(&snake_game, event);
    00000090 32               [ 8]  178 	ld	(hl-), a
    00000091 79               [ 4]  179 	ld	a, c
    00000092 5E               [ 8]  180 	ld	e, (hl)
    00000093 23               [ 8]  181 	inc	hl
    00000094 56               [ 8]  182 	ld	d, (hl)
    00000095 CDr00r00         [24]  183 	call	_snake_key_handler
                                    184 ;src/games/hoppy_snake/snake_game_loop.c:48: game_event = snake_step(&snake_game);
    00000098 21 60 01         [12]  185 	ld	hl, #352
    0000009B 39               [ 8]  186 	add	hl, sp
    0000009C 2A               [ 8]  187 	ld	a, (hl+)
    0000009D 5F               [ 4]  188 	ld	e, a
    0000009E 56               [ 8]  189 	ld	d, (hl)
    0000009F CDr00r00         [24]  190 	call	_snake_step
    000000A2 21 5F 01         [12]  191 	ld	hl, #351
    000000A5 39               [ 8]  192 	add	hl, sp
    000000A6 77               [ 8]  193 	ld	(hl), a
    000000A7 18 90            [12]  194 	jr	00106$
    000000A9                        195 00108$:
                                    196 ;src/games/hoppy_snake/snake_game_loop.c:50: return snake_game.score;
    000000A9 21 5E 01         [12]  197 	ld	hl, #350
    000000AC 39               [ 8]  198 	add	hl, sp
    000000AD 7E               [ 8]  199 	ld	a, (hl)
    000000AE                        200 00109$:
                                    201 ;src/games/hoppy_snake/snake_game_loop.c:51: }
    000000AE 21 62 01         [12]  202 	ld	hl, #354
    000000B1 39               [ 8]  203 	add	hl, sp
    000000B2 F9               [ 8]  204 	ld	sp, hl
    000000B3 C9               [16]  205 	ret
                                    206 	.area _CODE
                                    207 	.area _INITIALIZER
                                    208 	.area _CABS (ABS)
