                                      1 ;--------------------------------------------------------
                                      2 ; File Created by SDCC : free open source ISO C Compiler
                                      3 ; Version 4.5.1 #15267 (Linux)
                                      4 ;--------------------------------------------------------
                                      5 	.module snake_step
                                      6 	
                                      7 ;--------------------------------------------------------
                                      8 ; Public variables in this module
                                      9 ;--------------------------------------------------------
                                     10 	.globl _get_head_sprite
                                     11 	.globl _get_member_next
                                     12 	.globl _get_coords_next
                                     13 	.globl _get_tile_at
                                     14 	.globl _set_coords
                                     15 	.globl _set_bkg_tiles
                                     16 	.globl _snake_step
                                     17 ;--------------------------------------------------------
                                     18 ; special function registers
                                     19 ;--------------------------------------------------------
                                     20 	.area _HRAM
                                     21 ;--------------------------------------------------------
                                     22 ; ram data
                                     23 ;--------------------------------------------------------
                                     24 	.area _DATA
                                     25 ;--------------------------------------------------------
                                     26 ; ram data
                                     27 ;--------------------------------------------------------
                                     28 	.area _INITIALIZED
                                     29 ;--------------------------------------------------------
                                     30 ; absolute external ram data
                                     31 ;--------------------------------------------------------
                                     32 	.area _DABS (ABS)
                                     33 ;--------------------------------------------------------
                                     34 ; global & static initialisations
                                     35 ;--------------------------------------------------------
                                     36 	.area _HOME
                                     37 	.area _GSINIT
                                     38 	.area _GSFINAL
                                     39 	.area _GSINIT
                                     40 ;--------------------------------------------------------
                                     41 ; Home
                                     42 ;--------------------------------------------------------
                                     43 	.area _HOME
                                     44 	.area _HOME
                                     45 ;--------------------------------------------------------
                                     46 ; code
                                     47 ;--------------------------------------------------------
                                     48 	.area _CODE
                                     49 ;src/games/hoppy_snake/snake_step.c:15: static void display_head(coords_t coords, tile_data_t direction)
                                     50 ;	---------------------------------
                                     51 ; Function display_head
                                     52 ; ---------------------------------
    00000000                         53 _display_head:
                                     54 ;src/games/hoppy_snake/snake_step.c:17: size_t x = coords.values[1];
    00000000 F8 04            [12]   55 	ldhl	sp,	#4
                                     56 ;src/games/hoppy_snake/snake_step.c:18: size_t y = coords.values[0];
    00000002 3A               [ 8]   57 	ld	a, (hl-)
    00000003 2B               [ 8]   58 	dec	hl
    00000004 4F               [ 4]   59 	ld	c, a
    00000005 7E               [ 8]   60 	ld	a, (hl)
                                     61 ;src/games/hoppy_snake/snake_step.c:22: y * 8 + GAMEBOY_PADDING_Y
    00000006 87               [ 4]   62 	add	a, a
    00000007 87               [ 4]   63 	add	a, a
    00000008 87               [ 4]   64 	add	a, a
    00000009 C6 10            [ 8]   65 	add	a, #0x10
    0000000B 47               [ 4]   66 	ld	b, a
                                     67 ;src/games/hoppy_snake/snake_step.c:21: x * 8 + GAMEBOY_PADDING_X,
    0000000C 79               [ 4]   68 	ld	a, c
    0000000D 87               [ 4]   69 	add	a, a
    0000000E 87               [ 4]   70 	add	a, a
    0000000F 87               [ 4]   71 	add	a, a
    00000010 C6 08            [ 8]   72 	add	a, #0x08
    00000012 4F               [ 4]   73 	ld	c, a
                                     74 ;src/games/hoppy_snake/snake_step.c:20: move_sprite(get_head_sprite(direction),
    00000013 C5               [16]   75 	push	bc
    00000014 F8 08            [12]   76 	ldhl	sp,	#8
    00000016 7E               [ 8]   77 	ld	a, (hl)
    00000017 CDr00r00         [24]   78 	call	_get_head_sprite
    0000001A 5F               [ 4]   79 	ld	e, a
    0000001B C1               [12]   80 	pop	bc
                                     81 ;/opt/gbdk/include/gb/gb.h:1973: OAM_item_t * itm = &shadow_OAM[nb];
    0000001C 6B               [ 4]   82 	ld	l, e
    0000001D 26 00            [ 8]   83 	ld	h, #0x00
    0000001F 29               [ 8]   84 	add	hl, hl
    00000020 29               [ 8]   85 	add	hl, hl
    00000021 11r00r00         [12]   86 	ld	de, #_shadow_OAM
    00000024 19               [ 8]   87 	add	hl, de
                                     88 ;/opt/gbdk/include/gb/gb.h:1974: itm->y=y, itm->x=x;
    00000025 70               [ 8]   89 	ld	(hl), b
    00000026 23               [ 8]   90 	inc	hl
    00000027 71               [ 8]   91 	ld	(hl), c
                                     92 ;src/games/hoppy_snake/snake_step.c:23: );
                                     93 ;src/games/hoppy_snake/snake_step.c:24: }
    00000028 E1               [12]   94 	pop	hl
    00000029 E8 05            [16]   95 	add	sp, #5
    0000002B E9               [ 4]   96 	jp	(hl)
                                     97 ;src/games/hoppy_snake/snake_step.c:26: static void snake_step_vram(coords_t *destination_coords,
                                     98 ;	---------------------------------
                                     99 ; Function snake_step_vram
                                    100 ; ---------------------------------
    0000002C                        101 _snake_step_vram:
    0000002C 3B               [ 8]  102 	dec	sp
    0000002D 3B               [ 8]  103 	dec	sp
                                    104 ;src/games/hoppy_snake/snake_step.c:29: uint8_t body_tile_index = SNAKE_BGBODY_ASSET;
    0000002E F8 00            [12]  105 	ldhl	sp,	#0
                                    106 ;src/games/hoppy_snake/snake_step.c:30: uint8_t empty_tile_index = SNAKE_BGEMPTY_ASSET;
    00000030 3E 01            [ 8]  107 	ld	a, #0x01
    00000032 22               [ 8]  108 	ld	(hl+), a
    00000033 36 00            [12]  109 	ld	(hl), #0x00
                                    110 ;src/games/hoppy_snake/snake_step.c:32: display_head(*destination_coords, *tile_to_move);
    00000035 0A               [ 8]  111 	ld	a, (bc)
    00000036 D5               [16]  112 	push	de
    00000037 F5               [16]  113 	push	af
    00000038 33               [ 8]  114 	inc	sp
    00000039 6B               [ 4]  115 	ld	l, e
    0000003A 62               [ 4]  116 	ld	h, d
    0000003B 23               [ 8]  117 	inc	hl
    0000003C 23               [ 8]  118 	inc	hl
    0000003D 23               [ 8]  119 	inc	hl
    0000003E 3A               [ 8]  120 	ld	a, (hl-)
    0000003F 47               [ 4]  121 	ld	b, a
    00000040 3A               [ 8]  122 	ld	a, (hl-)
    00000041 4F               [ 4]  123 	ld	c, a
    00000042 C5               [16]  124 	push	bc
    00000043 3A               [ 8]  125 	ld	a, (hl-)
    00000044 47               [ 4]  126 	ld	b, a
    00000045 4E               [ 8]  127 	ld	c, (hl)
    00000046 C5               [16]  128 	push	bc
    00000047 CDr00r00         [24]  129 	call	_display_head
    0000004A D1               [12]  130 	pop	de
                                    131 ;src/games/hoppy_snake/snake_step.c:34: destination_coords->values[0], 1, 1, &empty_tile_index);
    0000004B F8 01            [12]  132 	ldhl	sp,	#1
    0000004D 4D               [ 4]  133 	ld	c, l
    0000004E 44               [ 4]  134 	ld	b, h
    0000004F 1A               [ 8]  135 	ld	a, (de)
                                    136 ;src/games/hoppy_snake/snake_step.c:33: set_bkg_tiles(destination_coords->values[1],
    00000050 6B               [ 4]  137 	ld	l, e
    00000051 62               [ 4]  138 	ld	h, d
    00000052 23               [ 8]  139 	inc	hl
    00000053 23               [ 8]  140 	inc	hl
    00000054 56               [ 8]  141 	ld	d, (hl)
    00000055 C5               [16]  142 	push	bc
    00000056 26 01            [ 8]  143 	ld	h, #0x01
    00000058 E5               [16]  144 	push	hl
    00000059 33               [ 8]  145 	inc	sp
    0000005A 26 01            [ 8]  146 	ld	h, #0x01
    0000005C E5               [16]  147 	push	hl
    0000005D 33               [ 8]  148 	inc	sp
    0000005E F5               [16]  149 	push	af
    0000005F 33               [ 8]  150 	inc	sp
    00000060 D5               [16]  151 	push	de
    00000061 33               [ 8]  152 	inc	sp
    00000062 CDr00r00         [24]  153 	call	_set_bkg_tiles
    00000065 E8 06            [16]  154 	add	sp, #6
                                    155 ;src/games/hoppy_snake/snake_step.c:36: head_coords->values[0], 1, 1, &body_tile_index);
    00000067 F8 00            [12]  156 	ldhl	sp,	#0
    00000069 4D               [ 4]  157 	ld	c, l
    0000006A 44               [ 4]  158 	ld	b, h
    0000006B F8 04            [12]  159 	ldhl	sp,	#4
    0000006D 2A               [ 8]  160 	ld	a, (hl+)
    0000006E 5F               [ 4]  161 	ld	e, a
    0000006F 56               [ 8]  162 	ld	d, (hl)
    00000070 1A               [ 8]  163 	ld	a, (de)
                                    164 ;src/games/hoppy_snake/snake_step.c:35: set_bkg_tiles(head_coords->values[1],
    00000071 6B               [ 4]  165 	ld	l, e
    00000072 62               [ 4]  166 	ld	h, d
    00000073 23               [ 8]  167 	inc	hl
    00000074 23               [ 8]  168 	inc	hl
    00000075 56               [ 8]  169 	ld	d, (hl)
    00000076 C5               [16]  170 	push	bc
    00000077 26 01            [ 8]  171 	ld	h, #0x01
    00000079 E5               [16]  172 	push	hl
    0000007A 33               [ 8]  173 	inc	sp
    0000007B 26 01            [ 8]  174 	ld	h, #0x01
    0000007D E5               [16]  175 	push	hl
    0000007E 33               [ 8]  176 	inc	sp
    0000007F F5               [16]  177 	push	af
    00000080 33               [ 8]  178 	inc	sp
    00000081 D5               [16]  179 	push	de
    00000082 33               [ 8]  180 	inc	sp
    00000083 CDr00r00         [24]  181 	call	_set_bkg_tiles
                                    182 ;src/games/hoppy_snake/snake_step.c:37: }
    00000086 E8 08            [16]  183 	add	sp, #8
    00000088 E1               [12]  184 	pop	hl
    00000089 F1               [12]  185 	pop	af
    0000008A E9               [ 4]  186 	jp	(hl)
                                    187 ;src/games/hoppy_snake/snake_step.c:39: static int move_snake_head(snake_game_t *game_data)
                                    188 ;	---------------------------------
                                    189 ; Function move_snake_head
                                    190 ; ---------------------------------
    0000008B                        191 _move_snake_head:
    0000008B E8 F4            [16]  192 	add	sp, #-12
                                    193 ;src/games/hoppy_snake/snake_step.c:41: tile_data_t *tile_to_move = get_tile_at(&(game_data->board),
    0000008D D5               [16]  194 	push	de
    0000008E 21 56 01         [12]  195 	ld	hl, #0x0156
    00000091 19               [ 8]  196 	add	hl, de
    00000092 D1               [12]  197 	pop	de
    00000093 E5               [16]  198 	push	hl
    00000094 7D               [ 4]  199 	ld	a, l
    00000095 F8 06            [12]  200 	ldhl	sp,	#6
    00000097 77               [ 8]  201 	ld	(hl), a
    00000098 E1               [12]  202 	pop	hl
    00000099 7C               [ 4]  203 	ld	a, h
    0000009A F8 05            [12]  204 	ldhl	sp,	#5
    0000009C 22               [ 8]  205 	ld	(hl+), a
    0000009D 7B               [ 4]  206 	ld	a, e
    0000009E 22               [ 8]  207 	ld	(hl+), a
    0000009F 72               [ 8]  208 	ld	(hl), d
    000000A0 D5               [16]  209 	push	de
    000000A1 F8 06            [12]  210 	ldhl	sp,	#6
    000000A3 2A               [ 8]  211 	ld	a, (hl+)
    000000A4 66               [ 8]  212 	ld	h, (hl)
    000000A5 6F               [ 4]  213 	ld	l, a
    000000A6 23               [ 8]  214 	inc	hl
    000000A7 23               [ 8]  215 	inc	hl
    000000A8 23               [ 8]  216 	inc	hl
    000000A9 3A               [ 8]  217 	ld	a, (hl-)
    000000AA 47               [ 4]  218 	ld	b, a
    000000AB 3A               [ 8]  219 	ld	a, (hl-)
    000000AC 4F               [ 4]  220 	ld	c, a
    000000AD C5               [16]  221 	push	bc
    000000AE 3A               [ 8]  222 	ld	a, (hl-)
    000000AF 47               [ 4]  223 	ld	b, a
    000000B0 4E               [ 8]  224 	ld	c, (hl)
    000000B1 C5               [16]  225 	push	bc
    000000B2 F8 0C            [12]  226 	ldhl	sp,	#12
    000000B4 2A               [ 8]  227 	ld	a, (hl+)
    000000B5 5F               [ 4]  228 	ld	e, a
    000000B6 56               [ 8]  229 	ld	d, (hl)
    000000B7 CDr00r00         [24]  230 	call	_get_tile_at
    000000BA F8 0A            [12]  231 	ldhl	sp,	#10
    000000BC 79               [ 4]  232 	ld	a, c
    000000BD 22               [ 8]  233 	ld	(hl+), a
    000000BE 70               [ 8]  234 	ld	(hl), b
    000000BF D1               [12]  235 	pop	de
                                    236 ;src/games/hoppy_snake/snake_step.c:43: coords_t destination_coords = game_data->head_coords;
    000000C0 21 56 01         [12]  237 	ld	hl, #0x0156
    000000C3 19               [ 8]  238 	add	hl, de
    000000C4 4D               [ 4]  239 	ld	c, l
    000000C5 44               [ 4]  240 	ld	b, h
    000000C6 D5               [16]  241 	push	de
    000000C7 21 04 00         [12]  242 	ld	hl, #0x0004
    000000CA E5               [16]  243 	push	hl
    000000CB 21 04 00         [12]  244 	ld	hl, #4
    000000CE 39               [ 8]  245 	add	hl, sp
    000000CF 5D               [ 4]  246 	ld	e, l
    000000D0 54               [ 4]  247 	ld	d, h
    000000D1 CDr00r00         [24]  248 	call	___memcpy
    000000D4 D1               [12]  249 	pop	de
                                    250 ;src/games/hoppy_snake/snake_step.c:44: tile_data_t *destination_tile = get_member_next(game_data,
    000000D5 F8 04            [12]  251 	ldhl	sp,	#4
    000000D7 2A               [ 8]  252 	ld	a, (hl+)
    000000D8 66               [ 8]  253 	ld	h, (hl)
    000000D9 6F               [ 4]  254 	ld	l, a
    000000DA 23               [ 8]  255 	inc	hl
    000000DB 23               [ 8]  256 	inc	hl
    000000DC 23               [ 8]  257 	inc	hl
    000000DD 3A               [ 8]  258 	ld	a, (hl-)
    000000DE 47               [ 4]  259 	ld	b, a
    000000DF 3A               [ 8]  260 	ld	a, (hl-)
    000000E0 4F               [ 4]  261 	ld	c, a
    000000E1 C5               [16]  262 	push	bc
    000000E2 3A               [ 8]  263 	ld	a, (hl-)
    000000E3 47               [ 4]  264 	ld	b, a
    000000E4 4E               [ 8]  265 	ld	c, (hl)
    000000E5 C5               [16]  266 	push	bc
    000000E6 CDr00r00         [24]  267 	call	_get_member_next
    000000E9 F8 0A            [12]  268 	ldhl	sp,	#10
    000000EB 79               [ 4]  269 	ld	a, c
    000000EC 22               [ 8]  270 	ld	(hl+), a
    000000ED 70               [ 8]  271 	ld	(hl), b
                                    272 ;src/games/hoppy_snake/snake_step.c:47: if (tile_to_move == NULL || destination_tile == NULL
    000000EE F8 09            [12]  273 	ldhl	sp,	#9
    000000F0 3A               [ 8]  274 	ld	a, (hl-)
    000000F1 B6               [ 8]  275 	or	a, (hl)
    000000F2 28 19            [12]  276 	jr	Z, 00101$
    000000F4 F8 0B            [12]  277 	ldhl	sp,	#11
    000000F6 3A               [ 8]  278 	ld	a, (hl-)
    000000F7 B6               [ 8]  279 	or	a, (hl)
    000000F8 28 13            [12]  280 	jr	Z, 00101$
                                    281 ;src/games/hoppy_snake/snake_step.c:49: &(game_data->board), &destination_coords) == FAILURE)
    000000FA 21 00 00         [12]  282 	ld	hl, #0
    000000FD 39               [ 8]  283 	add	hl, sp
    000000FE 4D               [ 4]  284 	ld	c, l
    000000FF 44               [ 4]  285 	ld	b, h
    00000100 F8 06            [12]  286 	ldhl	sp,	#6
    00000102 2A               [ 8]  287 	ld	a, (hl+)
    00000103 5F               [ 4]  288 	ld	e, a
    00000104 56               [ 8]  289 	ld	d, (hl)
    00000105 CDr00r00         [24]  290 	call	_get_coords_next
    00000108 79               [ 4]  291 	ld	a, c
    00000109 A0               [ 4]  292 	and	a, b
    0000010A 3C               [ 4]  293 	inc	a
    0000010B 20 05            [12]  294 	jr	NZ, 00102$
    0000010D                        295 00101$:
                                    296 ;src/games/hoppy_snake/snake_step.c:50: return FAILURE;
    0000010D 01 FF FF         [12]  297 	ld	bc, #0xffff
    00000110 18 4B            [12]  298 	jr	00108$
    00000112                        299 00102$:
                                    300 ;src/games/hoppy_snake/snake_step.c:51: if (*destination_tile != SNAKE_VOID && *destination_tile != FISH)
    00000112 F8 0A            [12]  301 	ldhl	sp,#10
    00000114 2A               [ 8]  302 	ld	a, (hl+)
    00000115 5F               [ 4]  303 	ld	e, a
    00000116 56               [ 8]  304 	ld	d, (hl)
    00000117 1A               [ 8]  305 	ld	a, (de)
    00000118 FE 01            [ 8]  306 	cp	a, #0x01
    0000011A 28 09            [12]  307 	jr	Z, 00106$
    0000011C D6 02            [ 8]  308 	sub	a, #0x02
    0000011E 28 05            [12]  309 	jr	Z, 00106$
                                    310 ;src/games/hoppy_snake/snake_step.c:52: return FAILURE;
    00000120 01 FF FF         [12]  311 	ld	bc, #0xffff
    00000123 18 38            [12]  312 	jr	00108$
    00000125                        313 00106$:
                                    314 ;src/games/hoppy_snake/snake_step.c:53: snake_step_vram(&destination_coords, tile_to_move,
    00000125 F8 04            [12]  315 	ldhl	sp,	#4
    00000127 2A               [ 8]  316 	ld	a, (hl+)
    00000128 5F               [ 4]  317 	ld	e, a
    00000129 56               [ 8]  318 	ld	d, (hl)
    0000012A D5               [16]  319 	push	de
    0000012B F8 0A            [12]  320 	ldhl	sp,	#10
    0000012D 2A               [ 8]  321 	ld	a, (hl+)
    0000012E 4F               [ 4]  322 	ld	c, a
    0000012F 46               [ 8]  323 	ld	b, (hl)
    00000130 21 02 00         [12]  324 	ld	hl, #2
    00000133 39               [ 8]  325 	add	hl, sp
    00000134 5D               [ 4]  326 	ld	e, l
    00000135 54               [ 4]  327 	ld	d, h
    00000136 CDr2Cr00         [24]  328 	call	_snake_step_vram
                                    329 ;src/games/hoppy_snake/snake_step.c:55: set_coords(&(game_data->head_coords), destination_coords);
    00000139 21 03 00         [12]  330 	ld	hl,#0x3
    0000013C 39               [ 8]  331 	add	hl,sp
    0000013D 3A               [ 8]  332 	ld	a, (hl-)
    0000013E 47               [ 4]  333 	ld	b, a
    0000013F 3A               [ 8]  334 	ld	a, (hl-)
    00000140 4F               [ 4]  335 	ld	c, a
    00000141 C5               [16]  336 	push	bc
    00000142 3A               [ 8]  337 	ld	a, (hl-)
    00000143 47               [ 4]  338 	ld	b, a
    00000144 4E               [ 8]  339 	ld	c, (hl)
    00000145 C5               [16]  340 	push	bc
    00000146 F8 08            [12]  341 	ldhl	sp,	#8
    00000148 2A               [ 8]  342 	ld	a, (hl+)
    00000149 5F               [ 4]  343 	ld	e, a
    0000014A 56               [ 8]  344 	ld	d, (hl)
    0000014B CDr00r00         [24]  345 	call	_set_coords
                                    346 ;src/games/hoppy_snake/snake_step.c:56: *destination_tile = *tile_to_move;
    0000014E F8 08            [12]  347 	ldhl	sp,#8
    00000150 2A               [ 8]  348 	ld	a, (hl+)
    00000151 5F               [ 4]  349 	ld	e, a
    00000152 2A               [ 8]  350 	ld	a, (hl+)
    00000153 57               [ 4]  351 	ld	d, a
    00000154 1A               [ 8]  352 	ld	a, (de)
    00000155 5E               [ 8]  353 	ld	e, (hl)
    00000156 23               [ 8]  354 	inc	hl
    00000157 66               [ 8]  355 	ld	h, (hl)
    00000158 6B               [ 4]  356 	ld	l, e
    00000159 77               [ 8]  357 	ld	(hl), a
                                    358 ;src/games/hoppy_snake/snake_step.c:57: return SUCCESS;
    0000015A 01 00 00         [12]  359 	ld	bc, #0x0000
    0000015D                        360 00108$:
                                    361 ;src/games/hoppy_snake/snake_step.c:58: }
    0000015D E8 0C            [16]  362 	add	sp, #12
    0000015F C9               [16]  363 	ret
                                    364 ;src/games/hoppy_snake/snake_step.c:60: static int process_snake_events(bool fish_eaten,
                                    365 ;	---------------------------------
                                    366 ; Function process_snake_events
                                    367 ; ---------------------------------
    00000160                        368 _process_snake_events:
    00000160 4F               [ 4]  369 	ld	c, a
                                    370 ;src/games/hoppy_snake/snake_step.c:63: if (move_snake_head_success_status == FAILURE)
    00000161 7B               [ 4]  371 	ld	a, e
    00000162 A2               [ 4]  372 	and	a, d
    00000163 3C               [ 4]  373 	inc	a
    00000164 20 04            [12]  374 	jr	NZ, 00102$
                                    375 ;src/games/hoppy_snake/snake_step.c:64: return GAME_OVER;
    00000166 01 02 00         [12]  376 	ld	bc, #0x0002
    00000169 C9               [16]  377 	ret
    0000016A                        378 00102$:
                                    379 ;src/games/hoppy_snake/snake_step.c:65: if (fish_eaten)
    0000016A CB 41            [ 8]  380 	bit	0, c
    0000016C 28 04            [12]  381 	jr	Z, 00104$
                                    382 ;src/games/hoppy_snake/snake_step.c:66: return FISH_EATEN;
    0000016E 01 01 00         [12]  383 	ld	bc, #0x0001
    00000171 C9               [16]  384 	ret
    00000172                        385 00104$:
                                    386 ;src/games/hoppy_snake/snake_step.c:67: return NO_EVENT;
    00000172 01 00 00         [12]  387 	ld	bc, #0x0000
                                    388 ;src/games/hoppy_snake/snake_step.c:68: }
    00000175 C9               [16]  389 	ret
                                    390 ;src/games/hoppy_snake/snake_step.c:70: static void move_snake_tail(size_t *unflold, coords_t *tail_coords,
                                    391 ;	---------------------------------
                                    392 ; Function move_snake_tail
                                    393 ; ---------------------------------
    00000176                        394 _move_snake_tail:
    00000176 E8 FD            [16]  395 	add	sp, #-3
    00000178 F8 01            [12]  396 	ldhl	sp,	#1
    0000017A 7B               [ 4]  397 	ld	a, e
    0000017B 22               [ 8]  398 	ld	(hl+), a
                                    399 ;src/games/hoppy_snake/snake_step.c:73: uint8_t empty_tile_index = SNAKE_BGEMPTY_ASSET;
    0000017C 7A               [ 4]  400 	ld	a, d
    0000017D 32               [ 8]  401 	ld	(hl-), a
    0000017E 2B               [ 8]  402 	dec	hl
                                    403 ;src/games/hoppy_snake/snake_step.c:75: if (*unflold) {
    0000017F AF               [ 4]  404 	xor	a, a
    00000180 22               [ 8]  405 	ld	(hl+), a
    00000181 2A               [ 8]  406 	ld	a, (hl+)
    00000182 5F               [ 4]  407 	ld	e, a
    00000183 56               [ 8]  408 	ld	d, (hl)
    00000184 1A               [ 8]  409 	ld	a, (de)
    00000185 6F               [ 4]  410 	ld	l, a
    00000186 13               [ 8]  411 	inc	de
    00000187 1A               [ 8]  412 	ld	a, (de)
    00000188 67               [ 4]  413 	ld	h, a
    00000189 B5               [ 4]  414 	or	a, l
    0000018A 28 0D            [12]  415 	jr	Z, 00102$
                                    416 ;src/games/hoppy_snake/snake_step.c:76: *unflold -= 1;
    0000018C 4D               [ 4]  417 	ld	c, l
    0000018D 44               [ 4]  418 	ld	b, h
    0000018E 0B               [ 8]  419 	dec	bc
    0000018F F8 01            [12]  420 	ldhl	sp,	#1
    00000191 2A               [ 8]  421 	ld	a, (hl+)
    00000192 66               [ 8]  422 	ld	h, (hl)
    00000193 6F               [ 4]  423 	ld	l, a
    00000194 71               [ 8]  424 	ld	(hl), c
    00000195 23               [ 8]  425 	inc	hl
    00000196 70               [ 8]  426 	ld	(hl), b
    00000197 18 36            [12]  427 	jr	00104$
    00000199                        428 00102$:
                                    429 ;src/games/hoppy_snake/snake_step.c:79: tail_coords->values[0], 1, 1, &empty_tile_index);
    00000199 0A               [ 8]  430 	ld	a, (bc)
                                    431 ;src/games/hoppy_snake/snake_step.c:78: set_bkg_tiles(tail_coords->values[1],
    0000019A 69               [ 4]  432 	ld	l, c
    0000019B 60               [ 4]  433 	ld	h, b
    0000019C 23               [ 8]  434 	inc	hl
    0000019D 23               [ 8]  435 	inc	hl
    0000019E 56               [ 8]  436 	ld	d, (hl)
    0000019F 21 00 00         [12]  437 	ld	hl, #0
    000001A2 39               [ 8]  438 	add	hl, sp
    000001A3 E5               [16]  439 	push	hl
    000001A4 26 01            [ 8]  440 	ld	h, #0x01
    000001A6 E5               [16]  441 	push	hl
    000001A7 33               [ 8]  442 	inc	sp
    000001A8 26 01            [ 8]  443 	ld	h, #0x01
    000001AA E5               [16]  444 	push	hl
    000001AB 33               [ 8]  445 	inc	sp
    000001AC F5               [16]  446 	push	af
    000001AD 33               [ 8]  447 	inc	sp
    000001AE D5               [16]  448 	push	de
    000001AF 33               [ 8]  449 	inc	sp
    000001B0 CDr00r00         [24]  450 	call	_set_bkg_tiles
    000001B3 E8 06            [16]  451 	add	sp, #6
                                    452 ;src/games/hoppy_snake/snake_step.c:80: *tail = SNAKE_VOID;
    000001B5 F8 07            [12]  453 	ldhl	sp,	#7
    000001B7 2A               [ 8]  454 	ld	a, (hl+)
    000001B8 5F               [ 4]  455 	ld	e, a
    000001B9 56               [ 8]  456 	ld	d, (hl)
    000001BA 3E 01            [ 8]  457 	ld	a, #0x01
    000001BC 12               [ 8]  458 	ld	(de), a
                                    459 ;src/games/hoppy_snake/snake_step.c:81: *tail_coords = *tail_next_coords;
    000001BD F8 05            [12]  460 	ldhl	sp,	#5
    000001BF 2A               [ 8]  461 	ld	a, (hl+)
    000001C0 5F               [ 4]  462 	ld	e, a
    000001C1 56               [ 8]  463 	ld	d, (hl)
    000001C2 69               [ 4]  464 	ld	l, c
    000001C3 60               [ 4]  465 	ld	h, b
    000001C4 01 04 00         [12]  466 	ld	bc, #0x0004
    000001C7 C5               [16]  467 	push	bc
    000001C8 4B               [ 4]  468 	ld	c, e
    000001C9 42               [ 4]  469 	ld	b, d
    000001CA 5D               [ 4]  470 	ld	e, l
    000001CB 54               [ 4]  471 	ld	d, h
    000001CC CDr00r00         [24]  472 	call	___memcpy
    000001CF                        473 00104$:
                                    474 ;src/games/hoppy_snake/snake_step.c:83: }
    000001CF E8 03            [16]  475 	add	sp, #3
    000001D1 E1               [12]  476 	pop	hl
    000001D2 E8 04            [16]  477 	add	sp, #4
    000001D4 E9               [ 4]  478 	jp	(hl)
                                    479 ;src/games/hoppy_snake/snake_step.c:85: snake_game_key_t snake_step(snake_game_t *game_data)
                                    480 ;	---------------------------------
                                    481 ; Function snake_step
                                    482 ; ---------------------------------
    000001D5                        483 _snake_step::
    000001D5 E8 F1            [16]  484 	add	sp, #-15
    000001D7 F8 0D            [12]  485 	ldhl	sp,	#13
    000001D9 7B               [ 4]  486 	ld	a, e
    000001DA 22               [ 8]  487 	ld	(hl+), a
                                    488 ;src/games/hoppy_snake/snake_step.c:87: tile_data_t *destination_tile = get_member_next(game_data,
    000001DB 7A               [ 4]  489 	ld	a, d
    000001DC 32               [ 8]  490 	ld	(hl-), a
    000001DD 2A               [ 8]  491 	ld	a, (hl+)
    000001DE 5F               [ 4]  492 	ld	e, a
    000001DF 56               [ 8]  493 	ld	d, (hl)
    000001E0 21 59 01         [12]  494 	ld	hl,#0x159
    000001E3 19               [ 8]  495 	add	hl,de
    000001E4 3A               [ 8]  496 	ld	a, (hl-)
    000001E5 47               [ 4]  497 	ld	b, a
    000001E6 3A               [ 8]  498 	ld	a, (hl-)
    000001E7 4F               [ 4]  499 	ld	c, a
    000001E8 C5               [16]  500 	push	bc
    000001E9 3A               [ 8]  501 	ld	a, (hl-)
    000001EA 47               [ 4]  502 	ld	b, a
    000001EB 4E               [ 8]  503 	ld	c, (hl)
    000001EC C5               [16]  504 	push	bc
    000001ED F8 11            [12]  505 	ldhl	sp,	#17
    000001EF 2A               [ 8]  506 	ld	a, (hl+)
    000001F0 5F               [ 4]  507 	ld	e, a
    000001F1 56               [ 8]  508 	ld	d, (hl)
    000001F2 CDr00r00         [24]  509 	call	_get_member_next
    000001F5 E1               [12]  510 	pop	hl
    000001F6 C5               [16]  511 	push	bc
                                    512 ;src/games/hoppy_snake/snake_step.c:90: tile_data_t *tail = get_tile_at(&(game_data->board),
    000001F7 F8 0D            [12]  513 	ldhl	sp,#13
    000001F9 2A               [ 8]  514 	ld	a, (hl+)
    000001FA 5F               [ 4]  515 	ld	e, a
    000001FB 56               [ 8]  516 	ld	d, (hl)
    000001FC 21 5A 01         [12]  517 	ld	hl, #0x015a
    000001FF 19               [ 8]  518 	add	hl, de
    00000200 E5               [16]  519 	push	hl
    00000201 7D               [ 4]  520 	ld	a, l
    00000202 F8 08            [12]  521 	ldhl	sp,	#8
    00000204 77               [ 8]  522 	ld	(hl), a
    00000205 E1               [12]  523 	pop	hl
    00000206 7C               [ 4]  524 	ld	a, h
    00000207 F8 07            [12]  525 	ldhl	sp,	#7
    00000209 77               [ 8]  526 	ld	(hl), a
    0000020A F8 0D            [12]  527 	ldhl	sp,	#13
    0000020C 3A               [ 8]  528 	ld	a, (hl-)
    0000020D 2B               [ 8]  529 	dec	hl
    0000020E 77               [ 8]  530 	ld	(hl), a
    0000020F F8 0E            [12]  531 	ldhl	sp,	#14
    00000211 3A               [ 8]  532 	ld	a, (hl-)
    00000212 2B               [ 8]  533 	dec	hl
    00000213 77               [ 8]  534 	ld	(hl), a
    00000214 F8 06            [12]  535 	ldhl	sp,	#6
    00000216 2A               [ 8]  536 	ld	a, (hl+)
    00000217 66               [ 8]  537 	ld	h, (hl)
    00000218 6F               [ 4]  538 	ld	l, a
    00000219 23               [ 8]  539 	inc	hl
    0000021A 23               [ 8]  540 	inc	hl
    0000021B 23               [ 8]  541 	inc	hl
    0000021C 3A               [ 8]  542 	ld	a, (hl-)
    0000021D 47               [ 4]  543 	ld	b, a
    0000021E 3A               [ 8]  544 	ld	a, (hl-)
    0000021F 4F               [ 4]  545 	ld	c, a
    00000220 C5               [16]  546 	push	bc
    00000221 3A               [ 8]  547 	ld	a, (hl-)
    00000222 47               [ 4]  548 	ld	b, a
    00000223 4E               [ 8]  549 	ld	c, (hl)
    00000224 C5               [16]  550 	push	bc
    00000225 F8 0F            [12]  551 	ldhl	sp,	#15
    00000227 2A               [ 8]  552 	ld	a, (hl+)
    00000228 5F               [ 4]  553 	ld	e, a
    00000229 56               [ 8]  554 	ld	d, (hl)
    0000022A CDr00r00         [24]  555 	call	_get_tile_at
    0000022D F8 08            [12]  556 	ldhl	sp,	#8
    0000022F 79               [ 4]  557 	ld	a, c
    00000230 22               [ 8]  558 	ld	(hl+), a
    00000231 70               [ 8]  559 	ld	(hl), b
                                    560 ;src/games/hoppy_snake/snake_step.c:92: coords_t tail_next_coords = game_data->tail_tip_coords;
    00000232 F8 0D            [12]  561 	ldhl	sp,#13
    00000234 2A               [ 8]  562 	ld	a, (hl+)
    00000235 5F               [ 4]  563 	ld	e, a
    00000236 56               [ 8]  564 	ld	d, (hl)
    00000237 21 5A 01         [12]  565 	ld	hl, #0x015a
    0000023A 19               [ 8]  566 	add	hl, de
    0000023B 4D               [ 4]  567 	ld	c, l
    0000023C 44               [ 4]  568 	ld	b, h
    0000023D 11 04 00         [12]  569 	ld	de, #0x0004
    00000240 D5               [16]  570 	push	de
    00000241 21 04 00         [12]  571 	ld	hl, #4
    00000244 39               [ 8]  572 	add	hl, sp
    00000245 5D               [ 4]  573 	ld	e, l
    00000246 54               [ 4]  574 	ld	d, h
    00000247 CDr00r00         [24]  575 	call	___memcpy
                                    576 ;src/games/hoppy_snake/snake_step.c:94: if (destination_tile == NULL ||
    0000024A F8 01            [12]  577 	ldhl	sp,	#1
    0000024C 3A               [ 8]  578 	ld	a, (hl-)
    0000024D B6               [ 8]  579 	or	a, (hl)
    0000024E 28 13            [12]  580 	jr	Z, 00101$
                                    581 ;src/games/hoppy_snake/snake_step.c:95: get_coords_next(&(game_data->board), &(tail_next_coords)) == FAILURE)
    00000250 21 02 00         [12]  582 	ld	hl, #2
    00000253 39               [ 8]  583 	add	hl, sp
    00000254 4D               [ 4]  584 	ld	c, l
    00000255 44               [ 4]  585 	ld	b, h
    00000256 F8 0B            [12]  586 	ldhl	sp,	#11
    00000258 2A               [ 8]  587 	ld	a, (hl+)
    00000259 5F               [ 4]  588 	ld	e, a
    0000025A 56               [ 8]  589 	ld	d, (hl)
    0000025B CDr00r00         [24]  590 	call	_get_coords_next
    0000025E 79               [ 4]  591 	ld	a, c
    0000025F A0               [ 4]  592 	and	a, b
    00000260 3C               [ 4]  593 	inc	a
    00000261 20 04            [12]  594 	jr	NZ, 00102$
    00000263                        595 00101$:
                                    596 ;src/games/hoppy_snake/snake_step.c:96: return GAME_OVER;
    00000263 3E 02            [ 8]  597 	ld	a, #0x02
    00000265 18 56            [12]  598 	jr	00106$
    00000267                        599 00102$:
                                    600 ;src/games/hoppy_snake/snake_step.c:97: fish_eaten = (*destination_tile == FISH);
    00000267 D1               [12]  601 	pop	de
    00000268 D5               [16]  602 	push	de
    00000269 1A               [ 8]  603 	ld	a, (de)
    0000026A D6 02            [ 8]  604 	sub	a, #0x02
    0000026C 3E 01            [ 8]  605 	ld	a, #0x01
    0000026E 28 01            [12]  606 	jr	Z, 00125$
    00000270 AF               [ 4]  607 	xor	a, a
    00000271                        608 00125$:
    00000271 F8 0C            [12]  609 	ldhl	sp,	#12
    00000273 77               [ 8]  610 	ld	(hl), a
    00000274 3A               [ 8]  611 	ld	a, (hl-)
    00000275 2B               [ 8]  612 	dec	hl
                                    613 ;src/games/hoppy_snake/snake_step.c:98: if (!fish_eaten)
    00000276 22               [ 8]  614 	ld	(hl+), a
    00000277 23               [ 8]  615 	inc	hl
    00000278 CB 46            [12]  616 	bit	0, (hl)
    0000027A 20 2A            [12]  617 	jr	NZ, 00105$
                                    618 ;src/games/hoppy_snake/snake_step.c:99: move_snake_tail(&(game_data->unflold), &(game_data->tail_tip_coords),
    0000027C 23               [ 8]  619 	inc	hl
    0000027D 2A               [ 8]  620 	ld	a, (hl+)
    0000027E 5F               [ 4]  621 	ld	e, a
    0000027F 56               [ 8]  622 	ld	d, (hl)
    00000280 21 54 01         [12]  623 	ld	hl, #0x0154
    00000283 19               [ 8]  624 	add	hl, de
    00000284 E5               [16]  625 	push	hl
    00000285 7D               [ 4]  626 	ld	a, l
    00000286 F8 0D            [12]  627 	ldhl	sp,	#13
    00000288 77               [ 8]  628 	ld	(hl), a
    00000289 E1               [12]  629 	pop	hl
    0000028A 7C               [ 4]  630 	ld	a, h
    0000028B F8 0C            [12]  631 	ldhl	sp,	#12
    0000028D 77               [ 8]  632 	ld	(hl), a
    0000028E F8 08            [12]  633 	ldhl	sp,	#8
    00000290 2A               [ 8]  634 	ld	a, (hl+)
    00000291 5F               [ 4]  635 	ld	e, a
    00000292 56               [ 8]  636 	ld	d, (hl)
    00000293 D5               [16]  637 	push	de
    00000294 21 04 00         [12]  638 	ld	hl, #4
    00000297 39               [ 8]  639 	add	hl, sp
    00000298 E5               [16]  640 	push	hl
    00000299 F8 0A            [12]  641 	ldhl	sp,	#10
    0000029B 2A               [ 8]  642 	ld	a, (hl+)
    0000029C 4F               [ 4]  643 	ld	c, a
    0000029D 46               [ 8]  644 	ld	b, (hl)
    0000029E F8 0F            [12]  645 	ldhl	sp,	#15
    000002A0 2A               [ 8]  646 	ld	a, (hl+)
    000002A1 5F               [ 4]  647 	ld	e, a
    000002A2 56               [ 8]  648 	ld	d, (hl)
    000002A3 CDr76r01         [24]  649 	call	_move_snake_tail
    000002A6                        650 00105$:
                                    651 ;src/games/hoppy_snake/snake_step.c:101: SHOW_BKG;
    000002A6 F0r00            [12]  652 	ldh	a, (_LCDC_REG + 0)
    000002A8 F6 01            [ 8]  653 	or	a, #0x01
    000002AA E0r00            [12]  654 	ldh	(_LCDC_REG + 0), a
                                    655 ;src/games/hoppy_snake/snake_step.c:102: return process_snake_events(fish_eaten, move_snake_head(game_data));
    000002AC F8 0D            [12]  656 	ldhl	sp,	#13
    000002AE 2A               [ 8]  657 	ld	a, (hl+)
    000002AF 5F               [ 4]  658 	ld	e, a
    000002B0 56               [ 8]  659 	ld	d, (hl)
    000002B1 CDr8Br00         [24]  660 	call	_move_snake_head
    000002B4 59               [ 4]  661 	ld	e, c
    000002B5 50               [ 4]  662 	ld	d, b
    000002B6 F8 0A            [12]  663 	ldhl	sp,	#10
    000002B8 7E               [ 8]  664 	ld	a, (hl)
    000002B9 CDr60r01         [24]  665 	call	_process_snake_events
    000002BC 79               [ 4]  666 	ld	a, c
    000002BD                        667 00106$:
                                    668 ;src/games/hoppy_snake/snake_step.c:103: }
    000002BD E8 0F            [16]  669 	add	sp, #15
    000002BF C9               [16]  670 	ret
                                    671 	.area _CODE
                                    672 	.area _INITIALIZER
                                    673 	.area _CABS (ABS)
