                                      1 ;--------------------------------------------------------
                                      2 ; File Created by SDCC : free open source ISO C Compiler
                                      3 ; Version 4.5.1 #15267 (Linux)
                                      4 ;--------------------------------------------------------
                                      5 	.module snake_board_t
                                      6 	
                                      7 ;--------------------------------------------------------
                                      8 ; Public variables in this module
                                      9 ;--------------------------------------------------------
                                     10 	.globl _get_tile_at
                                     11 ;--------------------------------------------------------
                                     12 ; special function registers
                                     13 ;--------------------------------------------------------
                                     14 	.area _HRAM
                                     15 ;--------------------------------------------------------
                                     16 ; ram data
                                     17 ;--------------------------------------------------------
                                     18 	.area _DATA
                                     19 ;--------------------------------------------------------
                                     20 ; ram data
                                     21 ;--------------------------------------------------------
                                     22 	.area _INITIALIZED
                                     23 ;--------------------------------------------------------
                                     24 ; absolute external ram data
                                     25 ;--------------------------------------------------------
                                     26 	.area _DABS (ABS)
                                     27 ;--------------------------------------------------------
                                     28 ; global & static initialisations
                                     29 ;--------------------------------------------------------
                                     30 	.area _HOME
                                     31 	.area _GSINIT
                                     32 	.area _GSFINAL
                                     33 	.area _GSINIT
                                     34 ;--------------------------------------------------------
                                     35 ; Home
                                     36 ;--------------------------------------------------------
                                     37 	.area _HOME
                                     38 	.area _HOME
                                     39 ;--------------------------------------------------------
                                     40 ; code
                                     41 ;--------------------------------------------------------
                                     42 	.area _CODE
                                     43 ;src/games/hoppy_snake/snake_board_t.c:11: tile_data_t *get_tile_at(snake_board_t *snake_board, coords_t cds)
                                     44 ;	---------------------------------
                                     45 ; Function get_tile_at
                                     46 ; ---------------------------------
    00000000                         47 _get_tile_at::
    00000000 E8 FC            [16]   48 	add	sp, #-4
    00000002 F8 02            [12]   49 	ldhl	sp,	#2
    00000004 7B               [ 4]   50 	ld	a, e
    00000005 22               [ 8]   51 	ld	(hl+), a
    00000006 72               [ 8]   52 	ld	(hl), d
                                     53 ;src/games/hoppy_snake/snake_board_t.c:14: (cds.values[0] >= BOARD_HEIGHT)
    00000007 F8 06            [12]   54 	ldhl	sp,	#6
    00000009 2A               [ 8]   55 	ld	a, (hl+)
    0000000A 4F               [ 4]   56 	ld	c, a
    0000000B 46               [ 8]   57 	ld	b, (hl)
    0000000C 79               [ 4]   58 	ld	a, c
    0000000D D6 11            [ 8]   59 	sub	a, #0x11
    0000000F 78               [ 4]   60 	ld	a, b
    00000010 DE 00            [ 8]   61 	sbc	a, #0x00
    00000012 30 13            [12]   62 	jr	NC, 00101$
                                     63 ;src/games/hoppy_snake/snake_board_t.c:15: || (cds.values[1] >= BOARD_WIDTH)
    00000014 23               [ 8]   64 	inc	hl
    00000015 7E               [ 8]   65 	ld	a, (hl)
    00000016 F8 00            [12]   66 	ldhl	sp,	#0
    00000018 77               [ 8]   67 	ld	(hl), a
    00000019 F8 09            [12]   68 	ldhl	sp,	#9
    0000001B 7E               [ 8]   69 	ld	a, (hl)
    0000001C F8 01            [12]   70 	ldhl	sp,	#1
    0000001E 32               [ 8]   71 	ld	(hl-), a
    0000001F 2A               [ 8]   72 	ld	a, (hl+)
    00000020 D6 14            [ 8]   73 	sub	a, #0x14
    00000022 7E               [ 8]   74 	ld	a, (hl)
    00000023 DE 00            [ 8]   75 	sbc	a, #0x00
    00000025 38 05            [12]   76 	jr	C, 00102$
    00000027                         77 00101$:
                                     78 ;src/games/hoppy_snake/snake_board_t.c:17: return NULL;
    00000027 01 00 00         [12]   79 	ld	bc, #0x0000
    0000002A 18 16            [12]   80 	jr	00104$
    0000002C                         81 00102$:
                                     82 ;src/games/hoppy_snake/snake_board_t.c:21: cds.values[0] * BOARD_WIDTH
    0000002C 69               [ 4]   83 	ld	l, c
    0000002D 60               [ 4]   84 	ld	h, b
    0000002E 29               [ 8]   85 	add	hl, hl
    0000002F 29               [ 8]   86 	add	hl, hl
    00000030 09               [ 8]   87 	add	hl, bc
    00000031 29               [ 8]   88 	add	hl, hl
    00000032 29               [ 8]   89 	add	hl, hl
    00000033 4D               [ 4]   90 	ld	c, l
    00000034 44               [ 4]   91 	ld	b, h
                                     92 ;src/games/hoppy_snake/snake_board_t.c:22: + cds.values[1]
    00000035 E1               [12]   93 	pop	hl
    00000036 E5               [16]   94 	push	hl
    00000037 09               [ 8]   95 	add	hl, bc
    00000038 4D               [ 4]   96 	ld	c, l
    00000039 44               [ 4]   97 	ld	b, h
    0000003A F8 02            [12]   98 	ldhl	sp,	#2
    0000003C 2A               [ 8]   99 	ld	a,	(hl+)
    0000003D 66               [ 8]  100 	ld	h, (hl)
    0000003E 6F               [ 4]  101 	ld	l, a
    0000003F 09               [ 8]  102 	add	hl, bc
    00000040 4D               [ 4]  103 	ld	c, l
    00000041 44               [ 4]  104 	ld	b, h
    00000042                        105 00104$:
                                    106 ;src/games/hoppy_snake/snake_board_t.c:25: }
    00000042 E8 04            [16]  107 	add	sp, #4
    00000044 E1               [12]  108 	pop	hl
    00000045 E8 04            [16]  109 	add	sp, #4
    00000047 E9               [ 4]  110 	jp	(hl)
                                    111 	.area _CODE
                                    112 	.area _INITIALIZER
                                    113 	.area _CABS (ABS)
