                                      1 ;--------------------------------------------------------
                                      2 ; File Created by SDCC : free open source ISO C Compiler
                                      3 ; Version 4.5.1 #15267 (Linux)
                                      4 ;--------------------------------------------------------
                                      5 	.module snake_score
                                      6 	
                                      7 ;--------------------------------------------------------
                                      8 ; Public variables in this module
                                      9 ;--------------------------------------------------------
                                     10 	.globl _get_bkg_xy_addr
                                     11 	.globl _set_vram_byte
                                     12 	.globl _set_score
                                     13 	.globl _init_snake_score
                                     14 	.globl _increment_score
                                     15 ;--------------------------------------------------------
                                     16 ; special function registers
                                     17 ;--------------------------------------------------------
                                     18 	.area _HRAM
                                     19 ;--------------------------------------------------------
                                     20 ; ram data
                                     21 ;--------------------------------------------------------
                                     22 	.area _DATA
                                     23 ;--------------------------------------------------------
                                     24 ; ram data
                                     25 ;--------------------------------------------------------
                                     26 	.area _INITIALIZED
                                     27 ;--------------------------------------------------------
                                     28 ; absolute external ram data
                                     29 ;--------------------------------------------------------
                                     30 	.area _DABS (ABS)
                                     31 ;--------------------------------------------------------
                                     32 ; global & static initialisations
                                     33 ;--------------------------------------------------------
                                     34 	.area _HOME
                                     35 	.area _GSINIT
                                     36 	.area _GSFINAL
                                     37 	.area _GSINIT
                                     38 ;--------------------------------------------------------
                                     39 ; Home
                                     40 ;--------------------------------------------------------
                                     41 	.area _HOME
                                     42 	.area _HOME
                                     43 ;--------------------------------------------------------
                                     44 ; code
                                     45 ;--------------------------------------------------------
                                     46 	.area _CODE
                                     47 ;src/games/hoppy_snake/snake_score.c:13: static void show_score(char snake_score)
                                     48 ;	---------------------------------
                                     49 ; Function show_score
                                     50 ; ---------------------------------
    00000000                         51 _show_score:
    00000000 E8 FA            [16]   52 	add	sp, #-6
    00000002 F8 01            [12]   53 	ldhl	sp,	#1
    00000004 77               [ 8]   54 	ld	(hl), a
                                     55 ;src/games/hoppy_snake/snake_score.c:15: uint8_t *vram = get_bkg_xy_addr(0 + SNAKE_SCORE_W - 1, BOARD_HEIGHT);
    00000005 1E 11            [ 8]   56 	ld	e, #0x11
    00000007 3E 02            [ 8]   57 	ld	a, #0x02
    00000009 CDr00r00         [24]   58 	call	_get_bkg_xy_addr
    0000000C F8 03            [12]   59 	ldhl	sp,	#3
    0000000E 79               [ 4]   60 	ld	a, c
    0000000F 22               [ 8]   61 	ld	(hl+), a
    00000010 70               [ 8]   62 	ld	(hl), b
                                     63 ;src/games/hoppy_snake/snake_score.c:18: for (char i = SNAKE_SCORE_W - 1; i >= 0; --i) {
    00000011 F8 05            [12]   64 	ldhl	sp,	#5
    00000013 36 02            [12]   65 	ld	(hl), #0x02
    00000015                         66 00103$:
    00000015 F8 05            [12]   67 	ldhl	sp,	#5
    00000017 7E               [ 8]   68 	ld	a, (hl)
    00000018 CB 7F            [ 8]   69 	bit	7, a
    0000001A 20 3C            [12]   70 	jr	NZ, 00105$
                                     71 ;src/games/hoppy_snake/snake_score.c:19: nth_digit = snake_score % 10;
    0000001C F8 01            [12]   72 	ldhl	sp,	#1
    0000001E 7E               [ 8]   73 	ld	a, (hl)
    0000001F 5F               [ 4]   74 	ld	e, a
    00000020 07               [ 4]   75 	rlca
    00000021 9F               [ 4]   76 	sbc	a, a
    00000022 57               [ 4]   77 	ld	d, a
    00000023 D5               [16]   78 	push	de
    00000024 01 0A 00         [12]   79 	ld	bc, #0x000a
    00000027 CDr00r00         [24]   80 	call	__modsint
    0000002A D1               [12]   81 	pop	de
    0000002B F8 02            [12]   82 	ldhl	sp,	#2
    0000002D 71               [ 8]   83 	ld	(hl), c
                                     84 ;src/games/hoppy_snake/snake_score.c:20: snake_score = snake_score / 10;
    0000002E 01 0A 00         [12]   85 	ld	bc, #0x000a
    00000031 CDr00r00         [24]   86 	call	__divsint
    00000034 E1               [12]   87 	pop	hl
    00000035 C5               [16]   88 	push	bc
    00000036 F8 00            [12]   89 	ldhl	sp,	#0
    00000038 2A               [ 8]   90 	ld	a, (hl+)
                                     91 ;src/games/hoppy_snake/snake_score.c:21: set_vram_byte(vram--, SNAKE_BGSCORE_ASSET + nth_digit);
    00000039 22               [ 8]   92 	ld	(hl+), a
    0000003A 34               [12]   93 	inc	(hl)
    0000003B 34               [12]   94 	inc	(hl)
    0000003C 34               [12]   95 	inc	(hl)
    0000003D 34               [12]   96 	inc	(hl)
    0000003E 23               [ 8]   97 	inc	hl
    0000003F 2A               [ 8]   98 	ld	a, (hl+)
    00000040 4F               [ 4]   99 	ld	c, a
    00000041 3A               [ 8]  100 	ld	a, (hl-)
    00000042 47               [ 4]  101 	ld	b, a
    00000043 2A               [ 8]  102 	ld	a, (hl+)
    00000044 5F               [ 4]  103 	ld	e, a
    00000045 3A               [ 8]  104 	ld	a, (hl-)
    00000046 57               [ 4]  105 	ld	d, a
    00000047 1B               [ 8]  106 	dec	de
    00000048 7B               [ 4]  107 	ld	a, e
    00000049 22               [ 8]  108 	ld	(hl+), a
    0000004A 7A               [ 4]  109 	ld	a, d
    0000004B 32               [ 8]  110 	ld	(hl-), a
    0000004C 2B               [ 8]  111 	dec	hl
    0000004D 7E               [ 8]  112 	ld	a, (hl)
    0000004E 59               [ 4]  113 	ld	e, c
    0000004F 50               [ 4]  114 	ld	d, b
    00000050 CDr00r00         [24]  115 	call	_set_vram_byte
                                    116 ;src/games/hoppy_snake/snake_score.c:18: for (char i = SNAKE_SCORE_W - 1; i >= 0; --i) {
    00000053 F8 05            [12]  117 	ldhl	sp,	#5
    00000055 35               [12]  118 	dec	(hl)
    00000056 18 BD            [12]  119 	jr	00103$
    00000058                        120 00105$:
                                    121 ;src/games/hoppy_snake/snake_score.c:23: }
    00000058 E8 06            [16]  122 	add	sp, #6
    0000005A C9               [16]  123 	ret
                                    124 ;src/games/hoppy_snake/snake_score.c:25: void set_score(char *original_score, char new_score)
                                    125 ;	---------------------------------
                                    126 ; Function set_score
                                    127 ; ---------------------------------
    0000005B                        128 _set_score::
                                    129 ;src/games/hoppy_snake/snake_score.c:27: *original_score = new_score;
    0000005B 12               [ 8]  130 	ld	(de), a
                                    131 ;src/games/hoppy_snake/snake_score.c:28: show_score(*original_score);
                                    132 ;src/games/hoppy_snake/snake_score.c:29: }
    0000005C C3r00r00         [16]  133 	jp	_show_score
                                    134 ;src/games/hoppy_snake/snake_score.c:31: void init_snake_score(char *snake_score)
                                    135 ;	---------------------------------
                                    136 ; Function init_snake_score
                                    137 ; ---------------------------------
    0000005F                        138 _init_snake_score::
                                    139 ;src/games/hoppy_snake/snake_score.c:33: uint8_t *vram = get_bkg_xy_addr(SNAKE_SCORE_W, BOARD_HEIGHT);
    0000005F D5               [16]  140 	push	de
    00000060 1E 11            [ 8]  141 	ld	e, #0x11
    00000062 3E 03            [ 8]  142 	ld	a, #0x03
    00000064 CDr00r00         [24]  143 	call	_get_bkg_xy_addr
    00000067 D1               [12]  144 	pop	de
                                    145 ;src/games/hoppy_snake/snake_score.c:35: set_score(snake_score, 0);
    00000068 C5               [16]  146 	push	bc
    00000069 AF               [ 4]  147 	xor	a, a
    0000006A CDr5Br00         [24]  148 	call	_set_score
    0000006D C1               [12]  149 	pop	bc
                                    150 ;src/games/hoppy_snake/snake_score.c:36: for (char i = SNAKE_SCORE_W; i < BOARD_WIDTH; ++i)
    0000006E 2E 03            [ 8]  151 	ld	l, #0x03
    00000070                        152 00103$:
    00000070 7D               [ 4]  153 	ld	a, l
    00000071 D6 14            [ 8]  154 	sub	a, #0x14
    00000073 D0               [20]  155 	ret	NC
                                    156 ;src/games/hoppy_snake/snake_score.c:37: set_vram_byte(vram++, SNAKE_BGBACKGROUND_ASSET);
    00000074 59               [ 4]  157 	ld	e, c
    00000075 50               [ 4]  158 	ld	d, b
    00000076 03               [ 8]  159 	inc	bc
    00000077 E5               [16]  160 	push	hl
    00000078 3E 03            [ 8]  161 	ld	a, #0x03
    0000007A CDr00r00         [24]  162 	call	_set_vram_byte
    0000007D E1               [12]  163 	pop	hl
                                    164 ;src/games/hoppy_snake/snake_score.c:36: for (char i = SNAKE_SCORE_W; i < BOARD_WIDTH; ++i)
    0000007E 2C               [ 4]  165 	inc	l
                                    166 ;src/games/hoppy_snake/snake_score.c:38: }
    0000007F 18 EF            [12]  167 	jr	00103$
                                    168 ;src/games/hoppy_snake/snake_score.c:40: void increment_score(char *original_score)
                                    169 ;	---------------------------------
                                    170 ; Function increment_score
                                    171 ; ---------------------------------
    00000081                        172 _increment_score::
                                    173 ;src/games/hoppy_snake/snake_score.c:42: set_score(original_score, *original_score + 1);
    00000081 1A               [ 8]  174 	ld	a, (de)
    00000082 3C               [ 4]  175 	inc	a
                                    176 ;src/games/hoppy_snake/snake_score.c:43: }
    00000083 C3r5Br00         [16]  177 	jp	_set_score
                                    178 	.area _CODE
                                    179 	.area _INITIALIZER
                                    180 	.area _CABS (ABS)
