                                      1 ;--------------------------------------------------------
                                      2 ; File Created by SDCC : free open source ISO C Compiler
                                      3 ; Version 4.5.1 #15267 (Linux)
                                      4 ;--------------------------------------------------------
                                      5 	.module hoppy_game
                                      6 	
                                      7 ;--------------------------------------------------------
                                      8 ; Public variables in this module
                                      9 ;--------------------------------------------------------
                                     10 	.globl _init_save_data
                                     11 	.globl _clear_all_sprites
                                     12 	.globl _draw_menu
                                     13 	.globl _draw_text
                                     14 	.globl _menu_font_load
                                     15 	.globl _init_bkg
                                     16 	.globl _set_sprite_data
                                     17 	.globl _delay
                                     18 	.globl _init_menu
                                     19 ;--------------------------------------------------------
                                     20 ; special function registers
                                     21 ;--------------------------------------------------------
                                     22 	.area _HRAM
                                     23 ;--------------------------------------------------------
                                     24 ; ram data
                                     25 ;--------------------------------------------------------
                                     26 	.area _DATA
                                     27 ;--------------------------------------------------------
                                     28 ; ram data
                                     29 ;--------------------------------------------------------
                                     30 	.area _INITIALIZED
                                     31 ;--------------------------------------------------------
                                     32 ; absolute external ram data
                                     33 ;--------------------------------------------------------
                                     34 	.area _DABS (ABS)
                                     35 ;--------------------------------------------------------
                                     36 ; global & static initialisations
                                     37 ;--------------------------------------------------------
                                     38 	.area _HOME
                                     39 	.area _GSINIT
                                     40 	.area _GSFINAL
                                     41 	.area _GSINIT
                                     42 ;--------------------------------------------------------
                                     43 ; Home
                                     44 ;--------------------------------------------------------
                                     45 	.area _HOME
                                     46 	.area _HOME
                                     47 ;--------------------------------------------------------
                                     48 ; code
                                     49 ;--------------------------------------------------------
                                     50 	.area _CODE
                                     51 ;src/menu/hoppy_game.c:15: static void display_main_screen(void)
                                     52 ;	---------------------------------
                                     53 ; Function display_main_screen
                                     54 ; ---------------------------------
    00000000                         55 _display_main_screen:
                                     56 ;src/menu/hoppy_game.c:17: init_bkg(0);
    00000000 AF               [ 4]   57 	xor	a, a
    00000001 F5               [16]   58 	push	af
    00000002 33               [ 8]   59 	inc	sp
    00000003 CDr00r00         [24]   60 	call	_init_bkg
    00000006 33               [ 8]   61 	inc	sp
                                     62 ;src/menu/hoppy_game.c:18: draw_text(5, 8, "HOPPY GAME");
    00000007 11r83r00         [12]   63 	ld	de, #___str_0
    0000000A D5               [16]   64 	push	de
    0000000B 1E 08            [ 8]   65 	ld	e, #0x08
    0000000D 3E 05            [ 8]   66 	ld	a, #0x05
    0000000F CDr00r00         [24]   67 	call	_draw_text
                                     68 ;src/menu/hoppy_game.c:19: SPRITES_8x16;
    00000012 F0r00            [12]   69 	ldh	a, (_LCDC_REG + 0)
    00000014 F6 04            [ 8]   70 	or	a, #0x04
    00000016 E0r00            [12]   71 	ldh	(_LCDC_REG + 0), a
                                     72 ;src/menu/hoppy_game.c:20: set_sprite_data(0, 4, SleepingHoppy);
    00000018 11r43r00         [12]   73 	ld	de, #_SleepingHoppy
    0000001B D5               [16]   74 	push	de
    0000001C 21 00 04         [12]   75 	ld	hl, #0x400
    0000001F E5               [16]   76 	push	hl
    00000020 CDr00r00         [24]   77 	call	_set_sprite_data
    00000023 E8 04            [16]   78 	add	sp, #4
                                     79 ;/opt/gbdk/include/gb/gb.h:1887: shadow_OAM[nb].tile=tile;
    00000025 21r02r00         [12]   80 	ld	hl, #(_shadow_OAM + 2)
                                     81 ;/opt/gbdk/include/gb/gb.h:1973: OAM_item_t * itm = &shadow_OAM[nb];
    00000028 AF               [ 4]   82 	xor	a, a
    00000029 32               [ 8]   83 	ld	(hl-), a
    0000002A 2B               [ 8]   84 	dec	hl
                                     85 ;/opt/gbdk/include/gb/gb.h:1974: itm->y=y, itm->x=x;
    0000002B 3E 5E            [ 8]   86 	ld	a, #0x5e
    0000002D 22               [ 8]   87 	ld	(hl+), a
    0000002E 36 53            [12]   88 	ld	(hl), #0x53
                                     89 ;/opt/gbdk/include/gb/gb.h:1887: shadow_OAM[nb].tile=tile;
    00000030 21r06r00         [12]   90 	ld	hl, #(_shadow_OAM + 6)
                                     91 ;/opt/gbdk/include/gb/gb.h:1973: OAM_item_t * itm = &shadow_OAM[nb];
    00000033 3E 02            [ 8]   92 	ld	a, #0x02
    00000035 32               [ 8]   93 	ld	(hl-), a
    00000036 2B               [ 8]   94 	dec	hl
                                     95 ;/opt/gbdk/include/gb/gb.h:1974: itm->y=y, itm->x=x;
    00000037 3E 5E            [ 8]   96 	ld	a, #0x5e
    00000039 22               [ 8]   97 	ld	(hl+), a
    0000003A 36 5B            [12]   98 	ld	(hl), #0x5b
                                     99 ;src/menu/hoppy_game.c:25: SHOW_SPRITES;
    0000003C F0r00            [12]  100 	ldh	a, (_LCDC_REG + 0)
    0000003E F6 02            [ 8]  101 	or	a, #0x02
    00000040 E0r00            [12]  102 	ldh	(_LCDC_REG + 0), a
                                    103 ;src/menu/hoppy_game.c:26: }
    00000042 C9               [16]  104 	ret
    00000043                        105 _SleepingHoppy:
    00000043 00                     106 	.db #0x00	; 0
    00000044 00                     107 	.db #0x00	; 0
    00000045 00                     108 	.db #0x00	; 0
    00000046 00                     109 	.db #0x00	; 0
    00000047 00                     110 	.db #0x00	; 0
    00000048 00                     111 	.db #0x00	; 0
    00000049 31                     112 	.db #0x31	; 49	'1'
    0000004A 31                     113 	.db #0x31	; 49	'1'
    0000004B 2A                     114 	.db #0x2a	; 42
    0000004C 3B                     115 	.db #0x3b	; 59
    0000004D 24                     116 	.db #0x24	; 36
    0000004E 3F                     117 	.db #0x3f	; 63
    0000004F 52                     118 	.db #0x52	; 82	'R'
    00000050 60                     119 	.db #0x60	; 96
    00000051 80                     120 	.db #0x80	; 128
    00000052 C0                     121 	.db #0xc0	; 192
    00000053 5B                     122 	.db #0x5b	; 91
    00000054 5B                     123 	.db #0x5b	; 91
    00000055 84                     124 	.db #0x84	; 132
    00000056 C4                     125 	.db #0xc4	; 196
    00000057 40                     126 	.db #0x40	; 64
    00000058 60                     127 	.db #0x60	; 96
    00000059 24                     128 	.db #0x24	; 36
    0000005A 3F                     129 	.db #0x3f	; 63
    0000005B 1B                     130 	.db #0x1b	; 27
    0000005C 1B                     131 	.db #0x1b	; 27
    0000005D 00                     132 	.db #0x00	; 0
    0000005E 00                     133 	.db #0x00	; 0
    0000005F 00                     134 	.db #0x00	; 0
    00000060 00                     135 	.db #0x00	; 0
    00000061 00                     136 	.db #0x00	; 0
    00000062 00                     137 	.db #0x00	; 0
    00000063 00                     138 	.db #0x00	; 0
    00000064 00                     139 	.db #0x00	; 0
    00000065 00                     140 	.db #0x00	; 0
    00000066 00                     141 	.db #0x00	; 0
    00000067 00                     142 	.db #0x00	; 0
    00000068 00                     143 	.db #0x00	; 0
    00000069 80                     144 	.db #0x80	; 128
    0000006A 80                     145 	.db #0x80	; 128
    0000006B 80                     146 	.db #0x80	; 128
    0000006C 80                     147 	.db #0x80	; 128
    0000006D BC                     148 	.db #0xbc	; 188
    0000006E BC                     149 	.db #0xbc	; 188
    0000006F C2                     150 	.db #0xc2	; 194
    00000070 FE                     151 	.db #0xfe	; 254
    00000071 C5                     152 	.db #0xc5	; 197
    00000072 43                     153 	.db #0x43	; 67	'C'
    00000073 21                     154 	.db #0x21	; 33
    00000074 63                     155 	.db #0x63	; 99	'c'
    00000075 41                     156 	.db #0x41	; 65	'A'
    00000076 43                     157 	.db #0x43	; 67	'C'
    00000077 A5                     158 	.db #0xa5	; 165
    00000078 63                     159 	.db #0x63	; 99	'c'
    00000079 42                     160 	.db #0x42	; 66	'B'
    0000007A FE                     161 	.db #0xfe	; 254
    0000007B FC                     162 	.db #0xfc	; 252
    0000007C FC                     163 	.db #0xfc	; 252
    0000007D 00                     164 	.db #0x00	; 0
    0000007E 00                     165 	.db #0x00	; 0
    0000007F 00                     166 	.db #0x00	; 0
    00000080 00                     167 	.db #0x00	; 0
    00000081 00                     168 	.db #0x00	; 0
    00000082 00                     169 	.db #0x00	; 0
    00000083                        170 ___str_0:
    00000083 48 4F 50 50 59 20 47   171 	.ascii "HOPPY GAME"
             41 4D 45
    0000008D 00                     172 	.db 0x00
                                    173 ;src/menu/hoppy_game.c:28: static void fade_in_out(uint8_t *palette)
                                    174 ;	---------------------------------
                                    175 ; Function fade_in_out
                                    176 ; ---------------------------------
    0000008E                        177 _fade_in_out:
    0000008E 3B               [ 8]  178 	dec	sp
    0000008F 4B               [ 4]  179 	ld	c, e
    00000090 42               [ 4]  180 	ld	b, d
                                    181 ;src/menu/hoppy_game.c:30: for (uint8_t i = 0; i < 4; i++) {
    00000091 F8 00            [12]  182 	ldhl	sp,	#0
    00000093 36 00            [12]  183 	ld	(hl), #0x00
    00000095                        184 00103$:
    00000095 F8 00            [12]  185 	ldhl	sp,	#0
    00000097 7E               [ 8]  186 	ld	a, (hl)
    00000098 D6 04            [ 8]  187 	sub	a, #0x04
    0000009A 30 19            [12]  188 	jr	NC, 00105$
                                    189 ;src/menu/hoppy_game.c:31: BGP_REG = palette[i];
    0000009C 6E               [ 8]  190 	ld	l, (hl)
    0000009D 26 00            [ 8]  191 	ld	h, #0x00
    0000009F 09               [ 8]  192 	add	hl, bc
    000000A0 5D               [ 4]  193 	ld	e, l
    000000A1 54               [ 4]  194 	ld	d, h
    000000A2 1A               [ 8]  195 	ld	a, (de)
    000000A3 E0r00            [12]  196 	ldh	(_BGP_REG + 0), a
                                    197 ;src/menu/hoppy_game.c:32: OBP0_REG = palette[i];
    000000A5 1A               [ 8]  198 	ld	a, (de)
    000000A6 E0r00            [12]  199 	ldh	(_OBP0_REG + 0), a
                                    200 ;src/menu/hoppy_game.c:33: delay(150);
    000000A8 C5               [16]  201 	push	bc
    000000A9 11 96 00         [12]  202 	ld	de, #0x0096
    000000AC CDr00r00         [24]  203 	call	_delay
    000000AF C1               [12]  204 	pop	bc
                                    205 ;src/menu/hoppy_game.c:30: for (uint8_t i = 0; i < 4; i++) {
    000000B0 F8 00            [12]  206 	ldhl	sp,	#0
    000000B2 34               [12]  207 	inc	(hl)
    000000B3 18 E0            [12]  208 	jr	00103$
    000000B5                        209 00105$:
                                    210 ;src/menu/hoppy_game.c:35: }
    000000B5 33               [ 8]  211 	inc	sp
    000000B6 C9               [16]  212 	ret
                                    213 ;src/menu/hoppy_game.c:37: void init_menu(uint8_t selected)
                                    214 ;	---------------------------------
                                    215 ; Function init_menu
                                    216 ; ---------------------------------
    000000B7                        217 _init_menu::
    000000B7 E8 F7            [16]  218 	add	sp, #-9
    000000B9 F8 08            [12]  219 	ldhl	sp,	#8
    000000BB 77               [ 8]  220 	ld	(hl), a
                                    221 ;src/menu/hoppy_game.c:39: uint8_t palette_in[] = { 0x00, 0x50, 0xA8, 0xE4 };
    000000BC F8 00            [12]  222 	ldhl	sp,	#0
    000000BE AF               [ 4]  223 	xor	a, a
    000000BF 22               [ 8]  224 	ld	(hl+), a
    000000C0 3E 50            [ 8]  225 	ld	a, #0x50
    000000C2 22               [ 8]  226 	ld	(hl+), a
    000000C3 3E A8            [ 8]  227 	ld	a, #0xa8
    000000C5 22               [ 8]  228 	ld	(hl+), a
                                    229 ;src/menu/hoppy_game.c:40: uint8_t palette_out[] = { 0xE4, 0xA8, 0x50, 0x00 };
    000000C6 3E E4            [ 8]  230 	ld	a,#0xe4
    000000C8 22               [ 8]  231 	ld	(hl+),a
    000000C9 22               [ 8]  232 	ld	(hl+), a
    000000CA 3E A8            [ 8]  233 	ld	a, #0xa8
    000000CC 22               [ 8]  234 	ld	(hl+), a
    000000CD 3E 50            [ 8]  235 	ld	a, #0x50
    000000CF 22               [ 8]  236 	ld	(hl+), a
    000000D0 36 00            [12]  237 	ld	(hl), #0x00
                                    238 ;src/menu/hoppy_game.c:42: init_save_data();
    000000D2 CDr00r00         [24]  239 	call	_init_save_data
                                    240 ;src/menu/hoppy_game.c:43: menu_font_load();
    000000D5 CDr00r00         [24]  241 	call	_menu_font_load
                                    242 ;src/menu/hoppy_game.c:44: SHOW_BKG;
    000000D8 F0r00            [12]  243 	ldh	a, (_LCDC_REG + 0)
    000000DA F6 01            [ 8]  244 	or	a, #0x01
    000000DC E0r00            [12]  245 	ldh	(_LCDC_REG + 0), a
                                    246 ;src/menu/hoppy_game.c:45: SCX_REG = 0;
    000000DE AF               [ 4]  247 	xor	a, a
    000000DF E0r00            [12]  248 	ldh	(_SCX_REG + 0), a
                                    249 ;src/menu/hoppy_game.c:46: display_main_screen();
    000000E1 CDr00r00         [24]  250 	call	_display_main_screen
                                    251 ;src/menu/hoppy_game.c:47: fade_in_out(palette_in);
    000000E4 21 00 00         [12]  252 	ld	hl, #0
    000000E7 39               [ 8]  253 	add	hl, sp
    000000E8 5D               [ 4]  254 	ld	e, l
    000000E9 54               [ 4]  255 	ld	d, h
    000000EA CDr8Er00         [24]  256 	call	_fade_in_out
                                    257 ;src/menu/hoppy_game.c:48: delay(3000);
    000000ED 11 B8 0B         [12]  258 	ld	de, #0x0bb8
    000000F0 CDr00r00         [24]  259 	call	_delay
                                    260 ;src/menu/hoppy_game.c:49: fade_in_out(palette_out);
    000000F3 21 04 00         [12]  261 	ld	hl, #4
    000000F6 39               [ 8]  262 	add	hl, sp
    000000F7 5D               [ 4]  263 	ld	e, l
    000000F8 54               [ 4]  264 	ld	d, h
    000000F9 CDr8Er00         [24]  265 	call	_fade_in_out
                                    266 ;src/menu/hoppy_game.c:50: HIDE_SPRITES;
    000000FC F0r00            [12]  267 	ldh	a, (_LCDC_REG + 0)
    000000FE E6 FD            [ 8]  268 	and	a, #0xfd
    00000100 E0r00            [12]  269 	ldh	(_LCDC_REG + 0), a
                                    270 ;src/menu/hoppy_game.c:51: clear_all_sprites();
    00000102 CDr00r00         [24]  271 	call	_clear_all_sprites
                                    272 ;src/menu/hoppy_game.c:52: BGP_REG = 0x00;
    00000105 AF               [ 4]  273 	xor	a, a
    00000106 E0r00            [12]  274 	ldh	(_BGP_REG + 0), a
                                    275 ;src/menu/hoppy_game.c:53: OBP0_REG = 0x00;
    00000108 AF               [ 4]  276 	xor	a, a
    00000109 E0r00            [12]  277 	ldh	(_OBP0_REG + 0), a
                                    278 ;src/menu/hoppy_game.c:54: draw_menu(selected);
    0000010B F8 08            [12]  279 	ldhl	sp,	#8
    0000010D 7E               [ 8]  280 	ld	a, (hl)
    0000010E CDr00r00         [24]  281 	call	_draw_menu
                                    282 ;src/menu/hoppy_game.c:55: fade_in_out(palette_in);
    00000111 21 00 00         [12]  283 	ld	hl, #0
    00000114 39               [ 8]  284 	add	hl, sp
    00000115 5D               [ 4]  285 	ld	e, l
    00000116 54               [ 4]  286 	ld	d, h
    00000117 CDr8Er00         [24]  287 	call	_fade_in_out
                                    288 ;src/menu/hoppy_game.c:56: }
    0000011A E8 09            [16]  289 	add	sp, #9
    0000011C C9               [16]  290 	ret
                                    291 	.area _CODE
                                    292 	.area _INITIALIZER
                                    293 	.area _CABS (ABS)
