                                      1 ;--------------------------------------------------------
                                      2 ; File Created by SDCC : free open source ISO C Compiler
                                      3 ; Version 4.5.1 #15267 (Linux)
                                      4 ;--------------------------------------------------------
                                      5 	.module menu
                                      6 	
                                      7 ;--------------------------------------------------------
                                      8 ; Public variables in this module
                                      9 ;--------------------------------------------------------
                                     10 	.globl _flappy_update
                                     11 	.globl _flappy_init
                                     12 	.globl _flappy_get_state
                                     13 	.globl _game_over_screen
                                     14 	.globl _clear_all_sprites
                                     15 	.globl _checkerboard_wipe_transition
                                     16 	.globl _run_hoppy
                                     17 	.globl _set_bkg_tiles
                                     18 	.globl _display_off
                                     19 	.globl _vsync
                                     20 	.globl _draw_text
                                     21 	.globl _snake_game_loop
                                     22 	.globl _draw_menu
                                     23 	.globl _handle_menu_input
                                     24 	.globl _launch_selected_game
                                     25 	.globl _run_flappy
                                     26 	.globl _run_snake
                                     27 ;--------------------------------------------------------
                                     28 ; special function registers
                                     29 ;--------------------------------------------------------
                                     30 	.area _HRAM
                                     31 ;--------------------------------------------------------
                                     32 ; ram data
                                     33 ;--------------------------------------------------------
                                     34 	.area _DATA
                                     35 ;--------------------------------------------------------
                                     36 ; ram data
                                     37 ;--------------------------------------------------------
                                     38 	.area _INITIALIZED
                                     39 ;--------------------------------------------------------
                                     40 ; absolute external ram data
                                     41 ;--------------------------------------------------------
                                     42 	.area _DABS (ABS)
                                     43 ;--------------------------------------------------------
                                     44 ; global & static initialisations
                                     45 ;--------------------------------------------------------
                                     46 	.area _HOME
                                     47 	.area _GSINIT
                                     48 	.area _GSFINAL
                                     49 	.area _GSINIT
                                     50 ;--------------------------------------------------------
                                     51 ; Home
                                     52 ;--------------------------------------------------------
                                     53 	.area _HOME
                                     54 	.area _HOME
                                     55 ;--------------------------------------------------------
                                     56 ; code
                                     57 ;--------------------------------------------------------
                                     58 	.area _CODE
                                     59 ;src/menu/menu.c:16: void draw_menu(uint8_t selected)
                                     60 ;	---------------------------------
                                     61 ; Function draw_menu
                                     62 ; ---------------------------------
    00000000                         63 _draw_menu::
    00000000 E8 F8            [16]   64 	add	sp, #-8
    00000002 4F               [ 4]   65 	ld	c, a
                                     66 ;src/menu/menu.c:18: const char *menu_labels[] = {
    00000003 F8 00            [12]   67 	ldhl	sp,	#0
    00000005 3Er9D            [ 8]   68 	ld	a, #<(___str_0)
    00000007 22               [ 8]   69 	ld	(hl+), a
    00000008 3Es00            [ 8]   70 	ld	a, #>(___str_0)
    0000000A 22               [ 8]   71 	ld	(hl+), a
    0000000B 3ErA9            [ 8]   72 	ld	a, #<(___str_1)
    0000000D 22               [ 8]   73 	ld	(hl+), a
    0000000E 3Es00            [ 8]   74 	ld	a, #>(___str_1)
    00000010 22               [ 8]   75 	ld	(hl+), a
    00000011 3ErB4            [ 8]   76 	ld	a, #<(___str_2)
    00000013 22               [ 8]   77 	ld	(hl+), a
                                     78 ;src/menu/menu.c:21: uint8_t empty = 0;
    00000014 3Es00            [ 8]   79 	ld	a, #>(___str_2)
    00000016 22               [ 8]   80 	ld	(hl+), a
                                     81 ;src/menu/menu.c:23: for (uint8_t y = 0; y < 18; y++)
    00000017 AF               [ 4]   82 	xor	a, a
    00000018 22               [ 8]   83 	ld	(hl+), a
    00000019 77               [ 8]   84 	ld	(hl), a
    0000001A                         85 00111$:
    0000001A F8 07            [12]   86 	ldhl	sp,	#7
    0000001C 7E               [ 8]   87 	ld	a, (hl)
    0000001D D6 12            [ 8]   88 	sub	a, #0x12
    0000001F 30 23            [12]   89 	jr	NC, 00102$
                                     90 ;src/menu/menu.c:24: for (uint8_t x = 0; x < 20; x++)
    00000021 1E 00            [ 8]   91 	ld	e, #0x00
    00000023                         92 00108$:
    00000023 7B               [ 4]   93 	ld	a, e
    00000024 D6 14            [ 8]   94 	sub	a, #0x14
    00000026 30 17            [12]   95 	jr	NC, 00112$
                                     96 ;src/menu/menu.c:25: set_bkg_tiles(x, y, 1, 1, &empty);
    00000028 D5               [16]   97 	push	de
    00000029 21 08 00         [12]   98 	ld	hl, #8
    0000002C 39               [ 8]   99 	add	hl, sp
    0000002D E5               [16]  100 	push	hl
    0000002E 21 01 01         [12]  101 	ld	hl, #0x101
    00000031 E5               [16]  102 	push	hl
    00000032 F8 0D            [12]  103 	ldhl	sp,	#13
    00000034 56               [ 8]  104 	ld	d, (hl)
    00000035 D5               [16]  105 	push	de
    00000036 CDr00r00         [24]  106 	call	_set_bkg_tiles
    00000039 E8 06            [16]  107 	add	sp, #6
    0000003B D1               [12]  108 	pop	de
                                    109 ;src/menu/menu.c:24: for (uint8_t x = 0; x < 20; x++)
    0000003C 1C               [ 4]  110 	inc	e
    0000003D 18 E4            [12]  111 	jr	00108$
    0000003F                        112 00112$:
                                    113 ;src/menu/menu.c:23: for (uint8_t y = 0; y < 18; y++)
    0000003F F8 07            [12]  114 	ldhl	sp,	#7
    00000041 34               [12]  115 	inc	(hl)
    00000042 18 D6            [12]  116 	jr	00111$
    00000044                        117 00102$:
                                    118 ;src/menu/menu.c:26: draw_text(5, 5, "SELECT GAME");
    00000044 C5               [16]  119 	push	bc
    00000045 11rBEr00         [12]  120 	ld	de, #___str_3
    00000048 D5               [16]  121 	push	de
    00000049 3E 05            [ 8]  122 	ld	a,#0x05
    0000004B 5F               [ 4]  123 	ld	e,a
    0000004C CDr00r00         [24]  124 	call	_draw_text
    0000004F C1               [12]  125 	pop	bc
                                    126 ;src/menu/menu.c:27: for (uint8_t i = 0; i < MENU_ITEMS; i++) {
    00000050 06 00            [ 8]  127 	ld	b, #0x00
    00000052                        128 00114$:
    00000052 78               [ 4]  129 	ld	a, b
    00000053 D6 03            [ 8]  130 	sub	a, #0x03
    00000055 30 43            [12]  131 	jr	NC, 00116$
                                    132 ;src/menu/menu.c:29: draw_text(3, 8 + i * 2, ">");
    00000057 78               [ 4]  133 	ld	a, b
    00000058 87               [ 4]  134 	add	a, a
    00000059 C6 08            [ 8]  135 	add	a, #0x08
    0000005B F8 07            [12]  136 	ldhl	sp,	#7
    0000005D 77               [ 8]  137 	ld	(hl), a
                                    138 ;src/menu/menu.c:28: if (i == selected)
    0000005E 79               [ 4]  139 	ld	a, c
    0000005F 90               [ 4]  140 	sub	a, b
    00000060 20 0E            [12]  141 	jr	NZ, 00104$
                                    142 ;src/menu/menu.c:29: draw_text(3, 8 + i * 2, ">");
    00000062 C5               [16]  143 	push	bc
    00000063 11rCAr00         [12]  144 	ld	de, #___str_4
    00000066 D5               [16]  145 	push	de
    00000067 5E               [ 8]  146 	ld	e, (hl)
    00000068 3E 03            [ 8]  147 	ld	a, #0x03
    0000006A CDr00r00         [24]  148 	call	_draw_text
    0000006D C1               [12]  149 	pop	bc
    0000006E 18 0E            [12]  150 	jr	00105$
    00000070                        151 00104$:
                                    152 ;src/menu/menu.c:31: draw_text(3, 8 + i * 2, " ");
    00000070 C5               [16]  153 	push	bc
    00000071 11rCCr00         [12]  154 	ld	de, #___str_5
    00000074 D5               [16]  155 	push	de
    00000075 F8 0B            [12]  156 	ldhl	sp,	#11
    00000077 5E               [ 8]  157 	ld	e, (hl)
    00000078 3E 03            [ 8]  158 	ld	a, #0x03
    0000007A CDr00r00         [24]  159 	call	_draw_text
    0000007D C1               [12]  160 	pop	bc
    0000007E                        161 00105$:
                                    162 ;src/menu/menu.c:32: draw_text(5, 8 + i * 2, menu_labels[i]);
    0000007E 68               [ 4]  163 	ld	l, b
    0000007F 26 00            [ 8]  164 	ld	h, #0x00
    00000081 29               [ 8]  165 	add	hl, hl
    00000082 5D               [ 4]  166 	ld	e, l
    00000083 54               [ 4]  167 	ld	d, h
    00000084 21 00 00         [12]  168 	ld	hl, #0
    00000087 39               [ 8]  169 	add	hl, sp
    00000088 19               [ 8]  170 	add	hl, de
    00000089 2A               [ 8]  171 	ld	a,	(hl+)
    0000008A 66               [ 8]  172 	ld	h, (hl)
    0000008B 6F               [ 4]  173 	ld	l, a
    0000008C C5               [16]  174 	push	bc
    0000008D E5               [16]  175 	push	hl
    0000008E F8 0B            [12]  176 	ldhl	sp,	#11
    00000090 5E               [ 8]  177 	ld	e, (hl)
    00000091 3E 05            [ 8]  178 	ld	a, #0x05
    00000093 CDr00r00         [24]  179 	call	_draw_text
    00000096 C1               [12]  180 	pop	bc
                                    181 ;src/menu/menu.c:27: for (uint8_t i = 0; i < MENU_ITEMS; i++) {
    00000097 04               [ 4]  182 	inc	b
    00000098 18 B8            [12]  183 	jr	00114$
    0000009A                        184 00116$:
                                    185 ;src/menu/menu.c:34: }
    0000009A E8 08            [16]  186 	add	sp, #8
    0000009C C9               [16]  187 	ret
    0000009D                        188 ___str_0:
    0000009D 48 4F 50 50 59 20 53   189 	.ascii "HOPPY SNAKE"
             4E 41 4B 45
    000000A8 00                     190 	.db 0x00
    000000A9                        191 ___str_1:
    000000A9 48 4F 50 50 59 20 42   192 	.ascii "HOPPY BIRD"
             49 52 44
    000000B3 00                     193 	.db 0x00
    000000B4                        194 ___str_2:
    000000B4 48 4F 50 50 59 20 52   195 	.ascii "HOPPY RUN"
             55 4E
    000000BD 00                     196 	.db 0x00
    000000BE                        197 ___str_3:
    000000BE 53 45 4C 45 43 54 20   198 	.ascii "SELECT GAME"
             47 41 4D 45
    000000C9 00                     199 	.db 0x00
    000000CA                        200 ___str_4:
    000000CA 3E                     201 	.ascii ">"
    000000CB 00                     202 	.db 0x00
    000000CC                        203 ___str_5:
    000000CC 20                     204 	.ascii " "
    000000CD 00                     205 	.db 0x00
                                    206 ;src/menu/menu.c:36: void handle_menu_input(uint8_t *selected, uint8_t keys, uint8_t prev_keys)
                                    207 ;	---------------------------------
                                    208 ; Function handle_menu_input
                                    209 ; ---------------------------------
    000000CE                        210 _handle_menu_input::
    000000CE 4F               [ 4]  211 	ld	c, a
                                    212 ;src/menu/menu.c:38: uint8_t pressed = keys & ~prev_keys;
    000000CF F8 02            [12]  213 	ldhl	sp,	#2
    000000D1 7E               [ 8]  214 	ld	a, (hl)
    000000D2 2F               [ 4]  215 	cpl
    000000D3 A1               [ 4]  216 	and	a, c
    000000D4 67               [ 4]  217 	ld	h, a
                                    218 ;src/menu/menu.c:40: if (pressed & J_DOWN) {
    000000D5 CB 5C            [ 8]  219 	bit	3, h
    000000D7 28 1C            [12]  220 	jr	Z, 00102$
                                    221 ;src/menu/menu.c:41: *selected = (*selected + 1) % MENU_ITEMS;
    000000D9 1A               [ 8]  222 	ld	a, (de)
    000000DA 4F               [ 4]  223 	ld	c, a
    000000DB 06 00            [ 8]  224 	ld	b, #0x00
    000000DD 03               [ 8]  225 	inc	bc
    000000DE 69               [ 4]  226 	ld	l, c
    000000DF 78               [ 4]  227 	ld	a, b
    000000E0 E5               [16]  228 	push	hl
    000000E1 D5               [16]  229 	push	de
    000000E2 01 03 00         [12]  230 	ld	bc, #0x0003
    000000E5 5D               [ 4]  231 	ld	e, l
    000000E6 57               [ 4]  232 	ld	d, a
    000000E7 CDr00r00         [24]  233 	call	__modsint
    000000EA D1               [12]  234 	pop	de
    000000EB E1               [12]  235 	pop	hl
    000000EC 79               [ 4]  236 	ld	a, c
    000000ED 12               [ 8]  237 	ld	(de), a
                                    238 ;src/menu/menu.c:42: draw_menu(*selected);
    000000EE E5               [16]  239 	push	hl
    000000EF D5               [16]  240 	push	de
    000000F0 CDr00r00         [24]  241 	call	_draw_menu
    000000F3 D1               [12]  242 	pop	de
    000000F4 E1               [12]  243 	pop	hl
    000000F5                        244 00102$:
                                    245 ;src/menu/menu.c:44: if (pressed & J_UP) {
    000000F5 CB 54            [ 8]  246 	bit	2, h
    000000F7 28 15            [12]  247 	jr	Z, 00105$
                                    248 ;src/menu/menu.c:45: *selected = (*selected + MENU_ITEMS - 1) % MENU_ITEMS;
    000000F9 1A               [ 8]  249 	ld	a, (de)
    000000FA 26 00            [ 8]  250 	ld	h, #0x00
    000000FC 6F               [ 4]  251 	ld	l, a
    000000FD 23               [ 8]  252 	inc	hl
    000000FE 23               [ 8]  253 	inc	hl
    000000FF D5               [16]  254 	push	de
    00000100 01 03 00         [12]  255 	ld	bc, #0x0003
    00000103 5D               [ 4]  256 	ld	e, l
    00000104 54               [ 4]  257 	ld	d, h
    00000105 CDr00r00         [24]  258 	call	__modsint
    00000108 D1               [12]  259 	pop	de
    00000109 79               [ 4]  260 	ld	a, c
    0000010A 12               [ 8]  261 	ld	(de), a
                                    262 ;src/menu/menu.c:46: draw_menu(*selected);
    0000010B CDr00r00         [24]  263 	call	_draw_menu
    0000010E                        264 00105$:
                                    265 ;src/menu/menu.c:48: }
    0000010E E1               [12]  266 	pop	hl
    0000010F 33               [ 8]  267 	inc	sp
    00000110 E9               [ 4]  268 	jp	(hl)
                                    269 ;src/menu/menu.c:50: void launch_selected_game(uint8_t selected)
                                    270 ;	---------------------------------
                                    271 ; Function launch_selected_game
                                    272 ; ---------------------------------
    00000111                        273 _launch_selected_game::
    00000111 E8 E7            [16]  274 	add	sp, #-25
    00000113 F8 14            [12]  275 	ldhl	sp,	#20
    00000115 77               [ 8]  276 	ld	(hl), a
                                    277 ;src/menu/menu.c:52: menu_t game_labels[] = {
    00000116 AF               [ 4]  278 	xor	a, a
    00000117 F8 00            [12]  279 	ldhl	sp,	#0
    00000119 22               [ 8]  280 	ld	(hl+), a
    0000011A 22               [ 8]  281 	ld	(hl+), a
    0000011B 3ErEB            [ 8]  282 	ld	a, #<(_run_snake)
    0000011D 22               [ 8]  283 	ld	(hl+), a
    0000011E 3Es01            [ 8]  284 	ld	a, #>(_run_snake)
    00000120 22               [ 8]  285 	ld	(hl+), a
    00000121 3E 01            [ 8]  286 	ld	a, #0x01
    00000123 22               [ 8]  287 	ld	(hl+), a
    00000124 AF               [ 4]  288 	xor	a, a
    00000125 22               [ 8]  289 	ld	(hl+), a
    00000126 3ErE3            [ 8]  290 	ld	a, #<(_run_flappy)
    00000128 22               [ 8]  291 	ld	(hl+), a
    00000129 3Es01            [ 8]  292 	ld	a, #>(_run_flappy)
    0000012B 22               [ 8]  293 	ld	(hl+), a
    0000012C 3E 02            [ 8]  294 	ld	a, #0x02
    0000012E 22               [ 8]  295 	ld	(hl+), a
    0000012F AF               [ 4]  296 	xor	a, a
    00000130 22               [ 8]  297 	ld	(hl+), a
    00000131 3Er00            [ 8]  298 	ld	a, #<(_run_hoppy)
    00000133 22               [ 8]  299 	ld	(hl+), a
    00000134 3Es00            [ 8]  300 	ld	a, #>(_run_hoppy)
    00000136 22               [ 8]  301 	ld	(hl+), a
    00000137 AF               [ 4]  302 	xor	a, a
    00000138 22               [ 8]  303 	ld	(hl+), a
    00000139 22               [ 8]  304 	ld	(hl+), a
    0000013A AF               [ 4]  305 	xor	a, a
    0000013B 22               [ 8]  306 	ld	(hl+), a
    0000013C 77               [ 8]  307 	ld	(hl), a
                                    308 ;src/menu/menu.c:57: clear_all_sprites();
    0000013D CDr00r00         [24]  309 	call	_clear_all_sprites
                                    310 ;src/menu/menu.c:58: for (uint32_t i = 0; game_labels[i].func != NULL; i++) {
    00000140 AF               [ 4]  311 	xor	a, a
    00000141 F8 15            [12]  312 	ldhl	sp,	#21
    00000143 22               [ 8]  313 	ld	(hl+), a
    00000144 22               [ 8]  314 	ld	(hl+), a
    00000145 22               [ 8]  315 	ld	(hl+), a
    00000146 77               [ 8]  316 	ld	(hl), a
    00000147                        317 00105$:
    00000147 F8 15            [12]  318 	ldhl	sp,	#21
    00000149 2A               [ 8]  319 	ld	a, (hl+)
    0000014A 4F               [ 4]  320 	ld	c, a
    0000014B 46               [ 8]  321 	ld	b, (hl)
    0000014C CB 21            [ 8]  322 	sla	c
    0000014E CB 10            [ 8]  323 	rl	b
    00000150 CB 21            [ 8]  324 	sla	c
    00000152 CB 10            [ 8]  325 	rl	b
    00000154 21 00 00         [12]  326 	ld	hl, #0
    00000157 39               [ 8]  327 	add	hl, sp
    00000158 09               [ 8]  328 	add	hl, bc
    00000159 E5               [16]  329 	push	hl
    0000015A 7D               [ 4]  330 	ld	a, l
    0000015B F8 14            [12]  331 	ldhl	sp,	#20
    0000015D 77               [ 8]  332 	ld	(hl), a
    0000015E E1               [12]  333 	pop	hl
    0000015F 7C               [ 4]  334 	ld	a, h
    00000160 F8 13            [12]  335 	ldhl	sp,	#19
    00000162 32               [ 8]  336 	ld	(hl-), a
    00000163 2A               [ 8]  337 	ld	a, (hl+)
    00000164 4F               [ 4]  338 	ld	c, a
    00000165 46               [ 8]  339 	ld	b, (hl)
    00000166 03               [ 8]  340 	inc	bc
    00000167 03               [ 8]  341 	inc	bc
    00000168 69               [ 4]  342 	ld	l, c
    00000169 60               [ 4]  343 	ld	h, b
    0000016A 23               [ 8]  344 	inc	hl
    0000016B 3A               [ 8]  345 	ld	a,	(hl-)
    0000016C 6E               [ 8]  346 	ld	l, (hl)
    0000016D B5               [ 4]  347 	or	a, l
    0000016E 28 40            [12]  348 	jr	Z, 00107$
                                    349 ;src/menu/menu.c:59: if ((int)selected == game_labels[i].id) {
    00000170 F8 14            [12]  350 	ldhl	sp,	#20
    00000172 7E               [ 8]  351 	ld	a, (hl)
    00000173 F8 10            [12]  352 	ldhl	sp,	#16
    00000175 22               [ 8]  353 	ld	(hl+), a
    00000176 AF               [ 4]  354 	xor	a, a
    00000177 22               [ 8]  355 	ld	(hl+), a
    00000178 2A               [ 8]  356 	ld	a, (hl+)
    00000179 5F               [ 4]  357 	ld	e, a
    0000017A 3A               [ 8]  358 	ld	a, (hl-)
    0000017B 57               [ 4]  359 	ld	d, a
    0000017C 1A               [ 8]  360 	ld	a, (de)
    0000017D 22               [ 8]  361 	ld	(hl+), a
    0000017E 13               [ 8]  362 	inc	de
    0000017F 1A               [ 8]  363 	ld	a, (de)
    00000180 77               [ 8]  364 	ld	(hl), a
    00000181 F8 10            [12]  365 	ldhl	sp,	#16
    00000183 2A               [ 8]  366 	ld	a, (hl+)
    00000184 23               [ 8]  367 	inc	hl
    00000185 96               [ 8]  368 	sub	a, (hl)
    00000186 20 17            [12]  369 	jr	NZ, 00106$
    00000188 23               [ 8]  370 	inc	hl
    00000189 AF               [ 4]  371 	xor	a, a
    0000018A 96               [ 8]  372 	sub	a, (hl)
    0000018B 20 12            [12]  373 	jr	NZ, 00106$
                                    374 ;src/menu/menu.c:60: checkerboard_wipe_transition();
    0000018D C5               [16]  375 	push	bc
    0000018E CDr00r00         [24]  376 	call	_checkerboard_wipe_transition
                                    377 ;src/menu/menu.c:61: clear_all_sprites();
    00000191 CDr00r00         [24]  378 	call	_clear_all_sprites
                                    379 ;src/menu/menu.c:62: game_labels[i].func();
    00000194 E1               [12]  380 	pop	hl
    00000195 2A               [ 8]  381 	ld	a, (hl+)
    00000196 4F               [ 4]  382 	ld	c, a
    00000197 46               [ 8]  383 	ld	b, (hl)
    00000198 69               [ 4]  384 	ld	l, c
    00000199 60               [ 4]  385 	ld	h, b
    0000019A CDr00r00         [24]  386 	call	___sdcc_call_hl
                                    387 ;src/menu/menu.c:63: break;
    0000019D 18 11            [12]  388 	jr	00107$
    0000019F                        389 00106$:
                                    390 ;src/menu/menu.c:58: for (uint32_t i = 0; game_labels[i].func != NULL; i++) {
    0000019F F8 15            [12]  391 	ldhl	sp,	#21
    000001A1 34               [12]  392 	inc	(hl)
    000001A2 20 A3            [12]  393 	jr	NZ, 00105$
    000001A4 23               [ 8]  394 	inc	hl
    000001A5 34               [12]  395 	inc	(hl)
    000001A6 20 9F            [12]  396 	jr	NZ, 00105$
    000001A8 23               [ 8]  397 	inc	hl
    000001A9 34               [12]  398 	inc	(hl)
    000001AA 20 9B            [12]  399 	jr	NZ, 00105$
    000001AC 23               [ 8]  400 	inc	hl
    000001AD 34               [12]  401 	inc	(hl)
    000001AE 18 97            [12]  402 	jr	00105$
    000001B0                        403 00107$:
                                    404 ;src/menu/menu.c:66: }
    000001B0 E8 19            [16]  405 	add	sp, #25
    000001B2 C9               [16]  406 	ret
                                    407 ;src/menu/menu.c:68: static bool flappy_play_round(void)
                                    408 ;	---------------------------------
                                    409 ; Function flappy_play_round
                                    410 ; ---------------------------------
    000001B3                        411 _flappy_play_round:
    000001B3 3B               [ 8]  412 	dec	sp
                                    413 ;src/menu/menu.c:70: uint8_t saved_lcdc = LCDC_REG;
    000001B4 F0r00            [12]  414 	ldh	a, (_LCDC_REG + 0)
    000001B6 F8 00            [12]  415 	ldhl	sp,	#0
    000001B8 77               [ 8]  416 	ld	(hl), a
                                    417 ;src/menu/menu.c:73: flappy_init();
    000001B9 CDr00r00         [24]  418 	call	_flappy_init
                                    419 ;src/menu/menu.c:74: while (1) {
    000001BC                        420 00104$:
                                    421 ;src/menu/menu.c:75: vsync();
    000001BC CDr00r00         [24]  422 	call	_vsync
                                    423 ;src/menu/menu.c:76: if (flappy_update())
    000001BF CDr00r00         [24]  424 	call	_flappy_update
    000001C2 B7               [ 4]  425 	or	a, a
    000001C3 28 F7            [12]  426 	jr	Z, 00104$
                                    427 ;src/menu/menu.c:79: DISPLAY_OFF;
    000001C5 CDr00r00         [24]  428 	call	_display_off
                                    429 ;src/menu/menu.c:80: LCDC_REG = saved_lcdc;
    000001C8 F8 00            [12]  430 	ldhl	sp,	#0
    000001CA 7E               [ 8]  431 	ld	a, (hl)
    000001CB E0r00            [12]  432 	ldh	(_LCDC_REG + 0), a
                                    433 ;src/menu/menu.c:81: DISPLAY_ON;
    000001CD F0r00            [12]  434 	ldh	a, (_LCDC_REG + 0)
    000001CF F6 80            [ 8]  435 	or	a, #0x80
    000001D1 E0r00            [12]  436 	ldh	(_LCDC_REG + 0), a
                                    437 ;src/menu/menu.c:82: result = game_over_screen(GAME_FLAPPY, flappy_get_state()->score);
    000001D3 CDr00r00         [24]  438 	call	_flappy_get_state
    000001D6 03               [ 8]  439 	inc	bc
    000001D7 03               [ 8]  440 	inc	bc
    000001D8 03               [ 8]  441 	inc	bc
    000001D9 0A               [ 8]  442 	ld	a, (bc)
    000001DA 5F               [ 4]  443 	ld	e, a
    000001DB 3E 01            [ 8]  444 	ld	a, #0x01
    000001DD 33               [ 8]  445 	inc	sp
    000001DE C3r00r00         [16]  446 	jp	_game_over_screen
                                    447 ;src/menu/menu.c:83: return result;
                                    448 ;src/menu/menu.c:84: }
    000001E1 33               [ 8]  449 	inc	sp
    000001E2 C9               [16]  450 	ret
                                    451 ;src/menu/menu.c:86: void run_flappy(void)
                                    452 ;	---------------------------------
                                    453 ; Function run_flappy
                                    454 ; ---------------------------------
    000001E3                        455 _run_flappy::
                                    456 ;src/menu/menu.c:88: while (flappy_play_round());
    000001E3                        457 00101$:
    000001E3 CDrB3r01         [24]  458 	call	_flappy_play_round
    000001E6 CB 47            [ 8]  459 	bit	0,a
    000001E8 20 F9            [12]  460 	jr	NZ, 00101$
                                    461 ;src/menu/menu.c:89: }
    000001EA C9               [16]  462 	ret
                                    463 ;src/menu/menu.c:91: void run_snake(void)
                                    464 ;	---------------------------------
                                    465 ; Function run_snake
                                    466 ; ---------------------------------
    000001EB                        467 _run_snake::
                                    468 ;src/menu/menu.c:95: while (1) {
    000001EB                        469 00104$:
                                    470 ;src/menu/menu.c:96: score = snake_game_loop();
    000001EB CDr00r00         [24]  471 	call	_snake_game_loop
                                    472 ;src/menu/menu.c:97: if (!game_over_screen(GAME_SNAKE, score))
    000001EE 5F               [ 4]  473 	ld	e, a
    000001EF AF               [ 4]  474 	xor	a, a
    000001F0 CDr00r00         [24]  475 	call	_game_over_screen
    000001F3 CB 47            [ 8]  476 	bit	0,a
    000001F5 20 F4            [12]  477 	jr	NZ, 00104$
                                    478 ;src/menu/menu.c:98: return;
                                    479 ;src/menu/menu.c:100: }
    000001F7 C9               [16]  480 	ret
                                    481 	.area _CODE
                                    482 	.area _INITIALIZER
                                    483 	.area _CABS (ABS)
