                                      1 ;--------------------------------------------------------
                                      2 ; File Created by SDCC : free open source ISO C Compiler
                                      3 ; Version 4.5.1 #15267 (Linux)
                                      4 ;--------------------------------------------------------
                                      5 	.module flappy_pipe
                                      6 	
                                      7 ;--------------------------------------------------------
                                      8 ; Public variables in this module
                                      9 ;--------------------------------------------------------
                                     10 	.globl _fill_bkg_rect
                                     11 	.globl _init_pipes
                                     12 	.globl _update_pipes
                                     13 	.globl _pipe_hit_check
                                     14 	.globl _pipe_score_check
                                     15 ;--------------------------------------------------------
                                     16 ; special function registers
                                     17 ;--------------------------------------------------------
                                     18 	.area _HRAM
                                     19 ;--------------------------------------------------------
                                     20 ; ram data
                                     21 ;--------------------------------------------------------
                                     22 	.area _DATA
    00000000                         23 _pipe_get_state_state_10000_134:
    00000000                         24 	.ds 7
                                     25 ;--------------------------------------------------------
                                     26 ; ram data
                                     27 ;--------------------------------------------------------
                                     28 	.area _INITIALIZED
                                     29 ;--------------------------------------------------------
                                     30 ; absolute external ram data
                                     31 ;--------------------------------------------------------
                                     32 	.area _DABS (ABS)
                                     33 ;--------------------------------------------------------
                                     34 ; global & static initialisations
                                     35 ;--------------------------------------------------------
                                     36 	.area _HOME
                                     37 	.area _GSINIT
                                     38 	.area _GSFINAL
                                     39 	.area _GSINIT
                                     40 ;--------------------------------------------------------
                                     41 ; Home
                                     42 ;--------------------------------------------------------
                                     43 	.area _HOME
                                     44 	.area _HOME
                                     45 ;--------------------------------------------------------
                                     46 ; code
                                     47 ;--------------------------------------------------------
                                     48 	.area _CODE
                                     49 ;src/games/hoppy_bird/flappy_pipe.c:11: static pipe_state_t *pipe_get_state(void)
                                     50 ;	---------------------------------
                                     51 ; Function pipe_get_state
                                     52 ; ---------------------------------
    00000000                         53 _pipe_get_state:
                                     54 ;src/games/hoppy_bird/flappy_pipe.c:15: return &state;
    00000000 01r00r00         [12]   55 	ld	bc, #_pipe_get_state_state_10000_134
                                     56 ;src/games/hoppy_bird/flappy_pipe.c:16: }
    00000003 C9               [16]   57 	ret
                                     58 ;src/games/hoppy_bird/flappy_pipe.c:18: static uint8_t lcg_next(pipe_state_t *s)
                                     59 ;	---------------------------------
                                     60 ; Function lcg_next
                                     61 ; ---------------------------------
    00000004                         62 _lcg_next:
                                     63 ;src/games/hoppy_bird/flappy_pipe.c:20: s->rng = s->rng * 109 + 89;
    00000004 21 04 00         [12]   64 	ld	hl, #0x0004
    00000007 19               [ 8]   65 	add	hl, de
    00000008 4D               [ 4]   66 	ld	c, l
    00000009 44               [ 4]   67 	ld	b, h
    0000000A 0A               [ 8]   68 	ld	a, (bc)
    0000000B 5F               [ 4]   69 	ld	e, a
    0000000C 87               [ 4]   70 	add	a, a
    0000000D 87               [ 4]   71 	add	a, a
    0000000E 87               [ 4]   72 	add	a, a
    0000000F 93               [ 4]   73 	sub	a, e
    00000010 87               [ 4]   74 	add	a, a
    00000011 87               [ 4]   75 	add	a, a
    00000012 93               [ 4]   76 	sub	a, e
    00000013 87               [ 4]   77 	add	a, a
    00000014 87               [ 4]   78 	add	a, a
    00000015 83               [ 4]   79 	add	a, e
    00000016 C6 59            [ 8]   80 	add	a, #0x59
                                     81 ;src/games/hoppy_bird/flappy_pipe.c:21: return s->rng;
    00000018 02               [ 8]   82 	ld	(bc), a
                                     83 ;src/games/hoppy_bird/flappy_pipe.c:22: }
    00000019 C9               [16]   84 	ret
                                     85 ;src/games/hoppy_bird/flappy_pipe.c:24: static void fill_sky_col(uint8_t col)
                                     86 ;	---------------------------------
                                     87 ; Function fill_sky_col
                                     88 ; ---------------------------------
    0000001A                         89 _fill_sky_col:
    0000001A 47               [ 4]   90 	ld	b, a
                                     91 ;src/games/hoppy_bird/flappy_pipe.c:26: fill_bkg_rect(col, 0, 1, GROUND_ROW, T_SKY);
    0000001B 21 10 00         [12]   92 	ld	hl, #0x10
    0000001E E5               [16]   93 	push	hl
    0000001F AF               [ 4]   94 	xor	a, a
    00000020 3C               [ 4]   95 	inc	a
    00000021 F5               [16]   96 	push	af
    00000022 C5               [16]   97 	push	bc
    00000023 33               [ 8]   98 	inc	sp
    00000024 CDr00r00         [24]   99 	call	_fill_bkg_rect
    00000027 E8 05            [16]  100 	add	sp, #5
                                    101 ;src/games/hoppy_bird/flappy_pipe.c:27: }
    00000029 C9               [16]  102 	ret
                                    103 ;src/games/hoppy_bird/flappy_pipe.c:29: static void fill_pipe_col(uint8_t col)
                                    104 ;	---------------------------------
                                    105 ; Function fill_pipe_col
                                    106 ; ---------------------------------
    0000002A                        107 _fill_pipe_col:
    0000002A 57               [ 4]  108 	ld	d, a
                                    109 ;src/games/hoppy_bird/flappy_pipe.c:31: pipe_state_t *s = pipe_get_state();
    0000002B D5               [16]  110 	push	de
    0000002C CDr00r00         [24]  111 	call	_pipe_get_state
    0000002F D1               [12]  112 	pop	de
                                    113 ;src/games/hoppy_bird/flappy_pipe.c:32: uint8_t bot = GROUND_ROW - s->cur_gap_y - PIPE_GAP;
    00000030 03               [ 8]  114 	inc	bc
    00000031 03               [ 8]  115 	inc	bc
    00000032 0A               [ 8]  116 	ld	a, (bc)
    00000033 67               [ 4]  117 	ld	h, a
    00000034 5C               [ 4]  118 	ld	e, h
    00000035 3E 0A            [ 8]  119 	ld	a, #0x0a
    00000037 93               [ 4]  120 	sub	a, e
    00000038 5F               [ 4]  121 	ld	e, a
                                    122 ;src/games/hoppy_bird/flappy_pipe.c:34: if (s->cur_gap_y > 0)
    00000039 7C               [ 4]  123 	ld	a, h
    0000003A B7               [ 4]  124 	or	a, a
    0000003B 28 12            [12]  125 	jr	Z, 00102$
                                    126 ;src/games/hoppy_bird/flappy_pipe.c:35: fill_bkg_rect(col, 0, 1, s->cur_gap_y, T_PIPE_BODY);
    0000003D D5               [16]  127 	push	de
    0000003E 3E 08            [ 8]  128 	ld	a, #0x08
    00000040 F5               [16]  129 	push	af
    00000041 33               [ 8]  130 	inc	sp
    00000042 E5               [16]  131 	push	hl
    00000043 33               [ 8]  132 	inc	sp
    00000044 AF               [ 4]  133 	xor	a, a
    00000045 3C               [ 4]  134 	inc	a
    00000046 F5               [16]  135 	push	af
    00000047 D5               [16]  136 	push	de
    00000048 33               [ 8]  137 	inc	sp
    00000049 CDr00r00         [24]  138 	call	_fill_bkg_rect
    0000004C E8 05            [16]  139 	add	sp, #5
    0000004E D1               [12]  140 	pop	de
    0000004F                        141 00102$:
                                    142 ;src/games/hoppy_bird/flappy_pipe.c:36: if (s->cur_gap_y > 0)
    0000004F 0A               [ 8]  143 	ld	a, (bc)
    00000050 B7               [ 4]  144 	or	a, a
    00000051 28 18            [12]  145 	jr	Z, 00104$
                                    146 ;src/games/hoppy_bird/flappy_pipe.c:37: fill_bkg_rect(col, s->cur_gap_y - 1, 1, 1, T_PIPE_CAP_FLIP);
    00000053 3D               [ 4]  147 	dec	a
    00000054 D5               [16]  148 	push	de
    00000055 26 04            [ 8]  149 	ld	h, #0x04
    00000057 E5               [16]  150 	push	hl
    00000058 33               [ 8]  151 	inc	sp
    00000059 26 01            [ 8]  152 	ld	h, #0x01
    0000005B E5               [16]  153 	push	hl
    0000005C 33               [ 8]  154 	inc	sp
    0000005D 26 01            [ 8]  155 	ld	h, #0x01
    0000005F E5               [16]  156 	push	hl
    00000060 33               [ 8]  157 	inc	sp
    00000061 F5               [16]  158 	push	af
    00000062 33               [ 8]  159 	inc	sp
    00000063 D5               [16]  160 	push	de
    00000064 33               [ 8]  161 	inc	sp
    00000065 CDr00r00         [24]  162 	call	_fill_bkg_rect
    00000068 E8 05            [16]  163 	add	sp, #5
    0000006A D1               [12]  164 	pop	de
    0000006B                        165 00104$:
                                    166 ;src/games/hoppy_bird/flappy_pipe.c:38: fill_bkg_rect(col, s->cur_gap_y, 1, PIPE_GAP, T_SKY);
    0000006B 0A               [ 8]  167 	ld	a, (bc)
    0000006C D5               [16]  168 	push	de
    0000006D 26 00            [ 8]  169 	ld	h, #0x00
    0000006F E5               [16]  170 	push	hl
    00000070 33               [ 8]  171 	inc	sp
    00000071 26 06            [ 8]  172 	ld	h, #0x06
    00000073 E5               [16]  173 	push	hl
    00000074 33               [ 8]  174 	inc	sp
    00000075 26 01            [ 8]  175 	ld	h, #0x01
    00000077 E5               [16]  176 	push	hl
    00000078 33               [ 8]  177 	inc	sp
    00000079 F5               [16]  178 	push	af
    0000007A 33               [ 8]  179 	inc	sp
    0000007B D5               [16]  180 	push	de
    0000007C 33               [ 8]  181 	inc	sp
    0000007D CDr00r00         [24]  182 	call	_fill_bkg_rect
    00000080 E8 05            [16]  183 	add	sp, #5
    00000082 D1               [12]  184 	pop	de
                                    185 ;src/games/hoppy_bird/flappy_pipe.c:39: if (bot > 0) {
    00000083 7B               [ 4]  186 	ld	a, e
    00000084 B7               [ 4]  187 	or	a, a
    00000085 C8               [20]  188 	ret	Z
                                    189 ;src/games/hoppy_bird/flappy_pipe.c:40: fill_bkg_rect(col, s->cur_gap_y + PIPE_GAP, 1, 1, T_PIPE_CAP);
    00000086 0A               [ 8]  190 	ld	a, (bc)
    00000087 C6 06            [ 8]  191 	add	a, #0x06
    00000089 D5               [16]  192 	push	de
    0000008A 26 03            [ 8]  193 	ld	h, #0x03
    0000008C E5               [16]  194 	push	hl
    0000008D 33               [ 8]  195 	inc	sp
    0000008E 26 01            [ 8]  196 	ld	h, #0x01
    00000090 E5               [16]  197 	push	hl
    00000091 33               [ 8]  198 	inc	sp
    00000092 26 01            [ 8]  199 	ld	h, #0x01
    00000094 E5               [16]  200 	push	hl
    00000095 33               [ 8]  201 	inc	sp
    00000096 F5               [16]  202 	push	af
    00000097 33               [ 8]  203 	inc	sp
    00000098 D5               [16]  204 	push	de
    00000099 33               [ 8]  205 	inc	sp
    0000009A CDr00r00         [24]  206 	call	_fill_bkg_rect
    0000009D E8 05            [16]  207 	add	sp, #5
    0000009F D1               [12]  208 	pop	de
                                    209 ;src/games/hoppy_bird/flappy_pipe.c:41: if (bot > 1)
    000000A0 3E 01            [ 8]  210 	ld	a, #0x01
    000000A2 93               [ 4]  211 	sub	a, e
    000000A3 D0               [20]  212 	ret	NC
                                    213 ;src/games/hoppy_bird/flappy_pipe.c:43: 1, bot - 1, T_PIPE_BODY);
    000000A4 1D               [ 4]  214 	dec	e
                                    215 ;src/games/hoppy_bird/flappy_pipe.c:42: fill_bkg_rect(col, s->cur_gap_y + PIPE_GAP + 1,
    000000A5 0A               [ 8]  216 	ld	a, (bc)
    000000A6 C6 07            [ 8]  217 	add	a, #0x07
    000000A8 26 08            [ 8]  218 	ld	h, #0x08
    000000AA E5               [16]  219 	push	hl
    000000AB 33               [ 8]  220 	inc	sp
    000000AC 63               [ 4]  221 	ld	h, e
    000000AD E5               [16]  222 	push	hl
    000000AE 33               [ 8]  223 	inc	sp
    000000AF 26 01            [ 8]  224 	ld	h, #0x01
    000000B1 E5               [16]  225 	push	hl
    000000B2 33               [ 8]  226 	inc	sp
    000000B3 F5               [16]  227 	push	af
    000000B4 33               [ 8]  228 	inc	sp
    000000B5 D5               [16]  229 	push	de
    000000B6 33               [ 8]  230 	inc	sp
    000000B7 CDr00r00         [24]  231 	call	_fill_bkg_rect
    000000BA E8 05            [16]  232 	add	sp, #5
                                    233 ;src/games/hoppy_bird/flappy_pipe.c:45: }
    000000BC C9               [16]  234 	ret
                                    235 ;src/games/hoppy_bird/flappy_pipe.c:47: static void advance_column(void)
                                    236 ;	---------------------------------
                                    237 ; Function advance_column
                                    238 ; ---------------------------------
    000000BD                        239 _advance_column:
    000000BD E8 FD            [16]  240 	add	sp, #-3
                                    241 ;src/games/hoppy_bird/flappy_pipe.c:49: pipe_state_t *s = pipe_get_state();
    000000BF CDr00r00         [24]  242 	call	_pipe_get_state
                                    243 ;src/games/hoppy_bird/flappy_pipe.c:50: uint8_t bg_col = ((s->scroll_x >> 3) + 21) & 31;
    000000C2 0A               [ 8]  244 	ld	a, (bc)
    000000C3 CB 37            [ 8]  245 	swap	a
    000000C5 07               [ 4]  246 	rlca
    000000C6 E6 1F            [ 8]  247 	and	a, #0x1f
    000000C8 C6 15            [ 8]  248 	add	a, #0x15
    000000CA E6 1F            [ 8]  249 	and	a, #0x1f
    000000CC F8 00            [12]  250 	ldhl	sp,	#0
    000000CE 77               [ 8]  251 	ld	(hl), a
                                    252 ;src/games/hoppy_bird/flappy_pipe.c:52: if (s->pipe_phase == PIPE_SPACING) {
    000000CF 69               [ 4]  253 	ld	l, c
    000000D0 60               [ 4]  254 	ld	h, b
    000000D1 23               [ 8]  255 	inc	hl
    000000D2 E5               [16]  256 	push	hl
    000000D3 7D               [ 4]  257 	ld	a, l
    000000D4 F8 03            [12]  258 	ldhl	sp,	#3
    000000D6 77               [ 8]  259 	ld	(hl), a
    000000D7 E1               [12]  260 	pop	hl
    000000D8 7C               [ 4]  261 	ld	a, h
    000000D9 F8 02            [12]  262 	ldhl	sp,	#2
    000000DB 32               [ 8]  263 	ld	(hl-), a
    000000DC 2A               [ 8]  264 	ld	a, (hl+)
    000000DD 5F               [ 4]  265 	ld	e, a
    000000DE 56               [ 8]  266 	ld	d, (hl)
    000000DF 1A               [ 8]  267 	ld	a, (de)
    000000E0 D6 16            [ 8]  268 	sub	a, #0x16
    000000E2 20 23            [12]  269 	jr	NZ, 00102$
                                    270 ;src/games/hoppy_bird/flappy_pipe.c:53: s->cur_gap_y = lcg_next(s) % (PIPE_MAX_GAP_Y - PIPE_MIN_GAP_Y + 1)
    000000E4 69               [ 4]  271 	ld	l, c
    000000E5 60               [ 4]  272 	ld	h, b
    000000E6 23               [ 8]  273 	inc	hl
    000000E7 23               [ 8]  274 	inc	hl
    000000E8 E5               [16]  275 	push	hl
    000000E9 C5               [16]  276 	push	bc
    000000EA 59               [ 4]  277 	ld	e, c
    000000EB 50               [ 4]  278 	ld	d, b
    000000EC CDr04r00         [24]  279 	call	_lcg_next
    000000EF 1E 09            [ 8]  280 	ld	e, #0x09
    000000F1 CDr00r00         [24]  281 	call	__moduchar
    000000F4 79               [ 4]  282 	ld	a, c
    000000F5 C1               [12]  283 	pop	bc
    000000F6 E1               [12]  284 	pop	hl
    000000F7 3C               [ 4]  285 	inc	a
    000000F8 77               [ 8]  286 	ld	(hl), a
                                    287 ;src/games/hoppy_bird/flappy_pipe.c:55: s->pipe_screen_x = 168;
    000000F9 21 05 00         [12]  288 	ld	hl, #0x0005
    000000FC 09               [ 8]  289 	add	hl, bc
    000000FD 3E A8            [ 8]  290 	ld	a, #0xa8
    000000FF 22               [ 8]  291 	ld	(hl+), a
    00000100 36 00            [12]  292 	ld	(hl), #0x00
                                    293 ;src/games/hoppy_bird/flappy_pipe.c:56: s->scored = 0;
    00000102 03               [ 8]  294 	inc	bc
    00000103 03               [ 8]  295 	inc	bc
    00000104 03               [ 8]  296 	inc	bc
    00000105 AF               [ 4]  297 	xor	a, a
    00000106 02               [ 8]  298 	ld	(bc), a
    00000107                        299 00102$:
                                    300 ;src/games/hoppy_bird/flappy_pipe.c:58: if (s->pipe_phase >= PIPE_SPACING)
    00000107 F8 01            [12]  301 	ldhl	sp,#1
    00000109 2A               [ 8]  302 	ld	a, (hl+)
    0000010A 5F               [ 4]  303 	ld	e, a
    0000010B 56               [ 8]  304 	ld	d, (hl)
    0000010C 1A               [ 8]  305 	ld	a, (de)
    0000010D D6 16            [ 8]  306 	sub	a, #0x16
    0000010F 38 08            [12]  307 	jr	C, 00104$
                                    308 ;src/games/hoppy_bird/flappy_pipe.c:59: fill_pipe_col(bg_col);
    00000111 2B               [ 8]  309 	dec	hl
    00000112 2B               [ 8]  310 	dec	hl
    00000113 7E               [ 8]  311 	ld	a, (hl)
    00000114 CDr2Ar00         [24]  312 	call	_fill_pipe_col
    00000117 18 06            [12]  313 	jr	00105$
    00000119                        314 00104$:
                                    315 ;src/games/hoppy_bird/flappy_pipe.c:61: fill_sky_col(bg_col);
    00000119 F8 00            [12]  316 	ldhl	sp,	#0
    0000011B 7E               [ 8]  317 	ld	a, (hl)
    0000011C CDr1Ar00         [24]  318 	call	_fill_sky_col
    0000011F                        319 00105$:
                                    320 ;src/games/hoppy_bird/flappy_pipe.c:62: s->pipe_phase++;
    0000011F F8 01            [12]  321 	ldhl	sp,#1
    00000121 2A               [ 8]  322 	ld	a, (hl+)
    00000122 5F               [ 4]  323 	ld	e, a
    00000123 3A               [ 8]  324 	ld	a, (hl-)
    00000124 57               [ 4]  325 	ld	d, a
    00000125 1A               [ 8]  326 	ld	a, (de)
    00000126 3C               [ 4]  327 	inc	a
    00000127 5E               [ 8]  328 	ld	e, (hl)
    00000128 23               [ 8]  329 	inc	hl
    00000129 66               [ 8]  330 	ld	h, (hl)
    0000012A 6B               [ 4]  331 	ld	l, e
    0000012B 77               [ 8]  332 	ld	(hl), a
                                    333 ;src/games/hoppy_bird/flappy_pipe.c:63: if (s->pipe_phase >= PIPE_WIDTH + PIPE_SPACING)
    0000012C D6 18            [ 8]  334 	sub	a, #0x18
    0000012E 38 07            [12]  335 	jr	C, 00108$
                                    336 ;src/games/hoppy_bird/flappy_pipe.c:64: s->pipe_phase = 0;
    00000130 F8 01            [12]  337 	ldhl	sp,	#1
    00000132 2A               [ 8]  338 	ld	a, (hl+)
    00000133 66               [ 8]  339 	ld	h, (hl)
    00000134 6F               [ 4]  340 	ld	l, a
    00000135 36 00            [12]  341 	ld	(hl), #0x00
    00000137                        342 00108$:
                                    343 ;src/games/hoppy_bird/flappy_pipe.c:65: }
    00000137 E8 03            [16]  344 	add	sp, #3
    00000139 C9               [16]  345 	ret
                                    346 ;src/games/hoppy_bird/flappy_pipe.c:67: void init_pipes(void)
                                    347 ;	---------------------------------
                                    348 ; Function init_pipes
                                    349 ; ---------------------------------
    0000013A                        350 _init_pipes::
                                    351 ;src/games/hoppy_bird/flappy_pipe.c:69: pipe_state_t *s = pipe_get_state();
    0000013A CDr00r00         [24]  352 	call	_pipe_get_state
                                    353 ;src/games/hoppy_bird/flappy_pipe.c:71: s->scroll_x = 0;
    0000013D AF               [ 4]  354 	xor	a, a
    0000013E 02               [ 8]  355 	ld	(bc), a
                                    356 ;src/games/hoppy_bird/flappy_pipe.c:72: s->pipe_phase = PIPE_SPACING - 9;
    0000013F 69               [ 4]  357 	ld	l, c
    00000140 60               [ 4]  358 	ld	h, b
    00000141 23               [ 8]  359 	inc	hl
    00000142 36 0D            [12]  360 	ld	(hl), #0x0d
                                    361 ;src/games/hoppy_bird/flappy_pipe.c:73: s->cur_gap_y = PIPE_MIN_GAP_Y + 3;
    00000144 69               [ 4]  362 	ld	l, c
    00000145 60               [ 4]  363 	ld	h, b
    00000146 23               [ 8]  364 	inc	hl
    00000147 23               [ 8]  365 	inc	hl
    00000148 36 04            [12]  366 	ld	(hl), #0x04
                                    367 ;src/games/hoppy_bird/flappy_pipe.c:74: s->pipe_screen_x = 200;
    0000014A 21 05 00         [12]  368 	ld	hl, #0x0005
    0000014D 09               [ 8]  369 	add	hl, bc
    0000014E 3E C8            [ 8]  370 	ld	a, #0xc8
    00000150 22               [ 8]  371 	ld	(hl+), a
    00000151 36 00            [12]  372 	ld	(hl), #0x00
                                    373 ;src/games/hoppy_bird/flappy_pipe.c:75: s->scored = 0;
    00000153 69               [ 4]  374 	ld	l, c
    00000154 60               [ 4]  375 	ld	h, b
    00000155 23               [ 8]  376 	inc	hl
    00000156 23               [ 8]  377 	inc	hl
    00000157 23               [ 8]  378 	inc	hl
    00000158 36 00            [12]  379 	ld	(hl), #0x00
                                    380 ;src/games/hoppy_bird/flappy_pipe.c:76: s->rng = DIV_REG;
    0000015A 21 04 00         [12]  381 	ld	hl, #0x0004
    0000015D 09               [ 8]  382 	add	hl, bc
    0000015E F0r00            [12]  383 	ldh	a, (_DIV_REG + 0)
    00000160 77               [ 8]  384 	ld	(hl), a
                                    385 ;src/games/hoppy_bird/flappy_pipe.c:77: SCX_REG = 0;
    00000161 AF               [ 4]  386 	xor	a, a
    00000162 E0r00            [12]  387 	ldh	(_SCX_REG + 0), a
                                    388 ;src/games/hoppy_bird/flappy_pipe.c:78: }
    00000164 C9               [16]  389 	ret
                                    390 ;src/games/hoppy_bird/flappy_pipe.c:80: void update_pipes(void)
                                    391 ;	---------------------------------
                                    392 ; Function update_pipes
                                    393 ; ---------------------------------
    00000165                        394 _update_pipes::
    00000165 3B               [ 8]  395 	dec	sp
    00000166 3B               [ 8]  396 	dec	sp
                                    397 ;src/games/hoppy_bird/flappy_pipe.c:82: pipe_state_t *s = pipe_get_state();
                                    398 ;src/games/hoppy_bird/flappy_pipe.c:84: s->scroll_x++;
    00000167 CDr00r00         [24]  399 	call	_pipe_get_state
    0000016A E1               [12]  400 	pop	hl
    0000016B C5               [16]  401 	push	bc
    0000016C D1               [12]  402 	pop	de
    0000016D D5               [16]  403 	push	de
    0000016E 1A               [ 8]  404 	ld	a, (de)
    0000016F 3C               [ 4]  405 	inc	a
    00000170 E1               [12]  406 	pop	hl
    00000171 E5               [16]  407 	push	hl
    00000172 77               [ 8]  408 	ld	(hl), a
                                    409 ;src/games/hoppy_bird/flappy_pipe.c:85: SCX_REG = s->scroll_x;
    00000173 E0r00            [12]  410 	ldh	(_SCX_REG + 0), a
                                    411 ;src/games/hoppy_bird/flappy_pipe.c:86: s->pipe_screen_x--;
    00000175 03               [ 8]  412 	inc	bc
    00000176 03               [ 8]  413 	inc	bc
    00000177 03               [ 8]  414 	inc	bc
    00000178 03               [ 8]  415 	inc	bc
    00000179 03               [ 8]  416 	inc	bc
    0000017A 69               [ 4]  417 	ld	l, c
    0000017B 60               [ 4]  418 	ld	h, b
    0000017C 2A               [ 8]  419 	ld	a,	(hl+)
    0000017D 66               [ 8]  420 	ld	h, (hl)
    0000017E 6F               [ 4]  421 	ld	l, a
    0000017F 2B               [ 8]  422 	dec	hl
    00000180 7D               [ 4]  423 	ld	a, l
    00000181 02               [ 8]  424 	ld	(bc), a
    00000182 03               [ 8]  425 	inc	bc
    00000183 7C               [ 4]  426 	ld	a, h
    00000184 02               [ 8]  427 	ld	(bc), a
                                    428 ;src/games/hoppy_bird/flappy_pipe.c:87: if ((s->scroll_x & 7) == 0)
    00000185 D1               [12]  429 	pop	de
    00000186 D5               [16]  430 	push	de
    00000187 1A               [ 8]  431 	ld	a, (de)
    00000188 E6 07            [ 8]  432 	and	a, #0x07
    0000018A 20 05            [12]  433 	jr	NZ, 00103$
                                    434 ;src/games/hoppy_bird/flappy_pipe.c:88: advance_column();
    0000018C 33               [ 8]  435 	inc	sp
    0000018D 33               [ 8]  436 	inc	sp
    0000018E C3rBDr00         [16]  437 	jp	_advance_column
    00000191                        438 00103$:
                                    439 ;src/games/hoppy_bird/flappy_pipe.c:89: }
    00000191 33               [ 8]  440 	inc	sp
    00000192 33               [ 8]  441 	inc	sp
    00000193 C9               [16]  442 	ret
                                    443 ;src/games/hoppy_bird/flappy_pipe.c:91: uint8_t pipe_hit_check(uint8_t bird_y)
                                    444 ;	---------------------------------
                                    445 ; Function pipe_hit_check
                                    446 ; ---------------------------------
    00000194                        447 _pipe_hit_check::
    00000194 E8 FC            [16]  448 	add	sp, #-4
    00000196 5F               [ 4]  449 	ld	e, a
                                    450 ;src/games/hoppy_bird/flappy_pipe.c:93: pipe_state_t *s = pipe_get_state();
    00000197 D5               [16]  451 	push	de
    00000198 CDr00r00         [24]  452 	call	_pipe_get_state
    0000019B D1               [12]  453 	pop	de
                                    454 ;src/games/hoppy_bird/flappy_pipe.c:94: uint8_t row_t = (bird_y + 2) >> 3;
    0000019C 16 00            [ 8]  455 	ld	d, #0x00
    0000019E 6B               [ 4]  456 	ld	l, e
    0000019F 62               [ 4]  457 	ld	h, d
    000001A0 23               [ 8]  458 	inc	hl
    000001A1 23               [ 8]  459 	inc	hl
    000001A2 CB 2C            [ 8]  460 	sra	h
    000001A4 CB 1D            [ 8]  461 	rr	l
    000001A6 CB 2C            [ 8]  462 	sra	h
    000001A8 CB 1D            [ 8]  463 	rr	l
    000001AA CB 2C            [ 8]  464 	sra	h
    000001AC CB 1D            [ 8]  465 	rr	l
    000001AE E5               [16]  466 	push	hl
    000001AF 7D               [ 4]  467 	ld	a, l
    000001B0 F8 02            [12]  468 	ldhl	sp,	#2
    000001B2 77               [ 8]  469 	ld	(hl), a
    000001B3 E1               [12]  470 	pop	hl
                                    471 ;src/games/hoppy_bird/flappy_pipe.c:95: uint8_t row_b = (bird_y + 13) >> 3;
    000001B4 21 0D 00         [12]  472 	ld	hl, #0x000d
    000001B7 19               [ 8]  473 	add	hl, de
    000001B8 5D               [ 4]  474 	ld	e, l
    000001B9 54               [ 4]  475 	ld	d, h
    000001BA CB 2A            [ 8]  476 	sra	d
    000001BC CB 1B            [ 8]  477 	rr	e
    000001BE CB 2A            [ 8]  478 	sra	d
    000001C0 CB 1B            [ 8]  479 	rr	e
    000001C2 CB 2A            [ 8]  480 	sra	d
    000001C4 CB 1B            [ 8]  481 	rr	e
    000001C6 F8 01            [12]  482 	ldhl	sp,	#1
    000001C8 73               [ 8]  483 	ld	(hl), e
                                    484 ;src/games/hoppy_bird/flappy_pipe.c:97: if (s->pipe_screen_x > BIRD_X + 13)
    000001C9 21 05 00         [12]  485 	ld	hl, #0x0005
    000001CC 09               [ 8]  486 	add	hl, bc
    000001CD 5D               [ 4]  487 	ld	e, l
    000001CE 54               [ 4]  488 	ld	d, h
    000001CF 1A               [ 8]  489 	ld	a, (de)
    000001D0 F8 02            [12]  490 	ldhl	sp,	#2
    000001D2 22               [ 8]  491 	ld	(hl+), a
    000001D3 13               [ 8]  492 	inc	de
    000001D4 1A               [ 8]  493 	ld	a, (de)
    000001D5 77               [ 8]  494 	ld	(hl), a
    000001D6 F8 02            [12]  495 	ldhl	sp,	#2
    000001D8 3E 35            [ 8]  496 	ld	a, #0x35
    000001DA 96               [ 8]  497 	sub	a, (hl)
    000001DB 23               [ 8]  498 	inc	hl
    000001DC 3E 00            [ 8]  499 	ld	a, #0x00
    000001DE 9E               [ 8]  500 	sbc	a, (hl)
    000001DF 3E 00            [ 8]  501 	ld	a, #0x00
    000001E1 57               [ 4]  502 	ld	d, a
    000001E2 CB 7E            [12]  503 	bit	7, (hl)
    000001E4 28 07            [12]  504 	jr	Z, 00131$
    000001E6 CB 7A            [ 8]  505 	bit	7, d
    000001E8 20 08            [12]  506 	jr	NZ, 00132$
    000001EA BF               [ 4]  507 	cp	a, a
    000001EB 18 05            [12]  508 	jr	00132$
    000001ED                        509 00131$:
    000001ED CB 7A            [ 8]  510 	bit	7, d
    000001EF 28 01            [12]  511 	jr	Z, 00132$
    000001F1 37               [ 4]  512 	scf
    000001F2                        513 00132$:
    000001F2 30 03            [12]  514 	jr	NC, 00102$
                                    515 ;src/games/hoppy_bird/flappy_pipe.c:98: return 0;
    000001F4 AF               [ 4]  516 	xor	a, a
    000001F5 18 49            [12]  517 	jr	00108$
    000001F7                        518 00102$:
                                    519 ;src/games/hoppy_bird/flappy_pipe.c:99: if (s->pipe_screen_x + PIPE_WIDTH * 8 <= BIRD_X + 2)
    000001F7 F8 02            [12]  520 	ldhl	sp,	#2
    000001F9 2A               [ 8]  521 	ld	a, (hl+)
    000001FA 5F               [ 4]  522 	ld	e, a
    000001FB 56               [ 8]  523 	ld	d, (hl)
    000001FC 21 10 00         [12]  524 	ld	hl, #0x0010
    000001FF 19               [ 8]  525 	add	hl, de
    00000200 5C               [ 4]  526 	ld	e, h
    00000201 16 00            [ 8]  527 	ld	d, #0x00
    00000203 3E 2A            [ 8]  528 	ld	a, #0x2a
    00000205 BD               [ 4]  529 	cp	a, l
    00000206 3E 00            [ 8]  530 	ld	a, #0x00
    00000208 9C               [ 4]  531 	sbc	a, h
    00000209 CB 7B            [ 8]  532 	bit	7, e
    0000020B 28 07            [12]  533 	jr	Z, 00133$
    0000020D CB 7A            [ 8]  534 	bit	7, d
    0000020F 20 08            [12]  535 	jr	NZ, 00134$
    00000211 BF               [ 4]  536 	cp	a, a
    00000212 18 05            [12]  537 	jr	00134$
    00000214                        538 00133$:
    00000214 CB 7A            [ 8]  539 	bit	7, d
    00000216 28 01            [12]  540 	jr	Z, 00134$
    00000218 37               [ 4]  541 	scf
    00000219                        542 00134$:
    00000219 38 03            [12]  543 	jr	C, 00104$
                                    544 ;src/games/hoppy_bird/flappy_pipe.c:100: return 0;
    0000021B AF               [ 4]  545 	xor	a, a
    0000021C 18 22            [12]  546 	jr	00108$
    0000021E                        547 00104$:
                                    548 ;src/games/hoppy_bird/flappy_pipe.c:101: if (row_t < s->cur_gap_y || row_b > s->cur_gap_y + PIPE_GAP - 1)
    0000021E 03               [ 8]  549 	inc	bc
    0000021F 03               [ 8]  550 	inc	bc
    00000220 0A               [ 8]  551 	ld	a, (bc)
    00000221 4F               [ 4]  552 	ld	c, a
    00000222 F8 00            [12]  553 	ldhl	sp,	#0
    00000224 7E               [ 8]  554 	ld	a, (hl)
    00000225 91               [ 4]  555 	sub	a, c
    00000226 38 13            [12]  556 	jr	C, 00105$
    00000228 23               [ 8]  557 	inc	hl
    00000229 06 00            [ 8]  558 	ld	b, #0x00
    0000022B 03               [ 8]  559 	inc	bc
    0000022C 03               [ 8]  560 	inc	bc
    0000022D 03               [ 8]  561 	inc	bc
    0000022E 03               [ 8]  562 	inc	bc
    0000022F 03               [ 8]  563 	inc	bc
    00000230 2A               [ 8]  564 	ld	a, (hl+)
    00000231 22               [ 8]  565 	ld	(hl+), a
    00000232 AF               [ 4]  566 	xor	a, a
    00000233 32               [ 8]  567 	ld	(hl-), a
    00000234 79               [ 4]  568 	ld	a, c
    00000235 96               [ 8]  569 	sub	a, (hl)
    00000236 23               [ 8]  570 	inc	hl
    00000237 78               [ 4]  571 	ld	a, b
    00000238 9E               [ 8]  572 	sbc	a, (hl)
    00000239 30 04            [12]  573 	jr	NC, 00106$
    0000023B                        574 00105$:
                                    575 ;src/games/hoppy_bird/flappy_pipe.c:102: return 1;
    0000023B 3E 01            [ 8]  576 	ld	a, #0x01
    0000023D 18 01            [12]  577 	jr	00108$
    0000023F                        578 00106$:
                                    579 ;src/games/hoppy_bird/flappy_pipe.c:103: return 0;
    0000023F AF               [ 4]  580 	xor	a, a
    00000240                        581 00108$:
                                    582 ;src/games/hoppy_bird/flappy_pipe.c:104: }
    00000240 E8 04            [16]  583 	add	sp, #4
    00000242 C9               [16]  584 	ret
                                    585 ;src/games/hoppy_bird/flappy_pipe.c:106: uint8_t pipe_score_check(void)
                                    586 ;	---------------------------------
                                    587 ; Function pipe_score_check
                                    588 ; ---------------------------------
    00000243                        589 _pipe_score_check::
    00000243 3B               [ 8]  590 	dec	sp
    00000244 3B               [ 8]  591 	dec	sp
                                    592 ;src/games/hoppy_bird/flappy_pipe.c:108: pipe_state_t *s = pipe_get_state();
    00000245 CDr00r00         [24]  593 	call	_pipe_get_state
                                    594 ;src/games/hoppy_bird/flappy_pipe.c:110: if (s->scored)
    00000248 21 03 00         [12]  595 	ld	hl, #0x0003
    0000024B 09               [ 8]  596 	add	hl, bc
    0000024C 33               [ 8]  597 	inc	sp
    0000024D 33               [ 8]  598 	inc	sp
    0000024E 5D               [ 4]  599 	ld	e, l
    0000024F 54               [ 4]  600 	ld	d, h
    00000250 D5               [16]  601 	push	de
    00000251 1A               [ 8]  602 	ld	a, (de)
    00000252 B7               [ 4]  603 	or	a, a
    00000253 28 03            [12]  604 	jr	Z, 00102$
                                    605 ;src/games/hoppy_bird/flappy_pipe.c:111: return 0;
    00000255 AF               [ 4]  606 	xor	a, a
    00000256 18 1E            [12]  607 	jr	00105$
    00000258                        608 00102$:
                                    609 ;src/games/hoppy_bird/flappy_pipe.c:112: if (s->pipe_screen_x + PIPE_WIDTH * 8 < BIRD_X) {
    00000258 21 05 00         [12]  610 	ld	hl, #0x0005
    0000025B 09               [ 8]  611 	add	hl, bc
    0000025C 2A               [ 8]  612 	ld	a, (hl+)
    0000025D 4F               [ 4]  613 	ld	c, a
    0000025E 46               [ 8]  614 	ld	b, (hl)
    0000025F 21 10 00         [12]  615 	ld	hl, #0x0010
    00000262 09               [ 8]  616 	add	hl, bc
    00000263 7D               [ 4]  617 	ld	a, l
    00000264 D6 28            [ 8]  618 	sub	a, #0x28
    00000266 7C               [ 4]  619 	ld	a, h
    00000267 17               [ 4]  620 	rla
    00000268 3F               [ 4]  621 	ccf
    00000269 1F               [ 4]  622 	rra
    0000026A DE 80            [ 8]  623 	sbc	a, #0x80
    0000026C 30 07            [12]  624 	jr	NC, 00104$
                                    625 ;src/games/hoppy_bird/flappy_pipe.c:113: s->scored = 1;
    0000026E E1               [12]  626 	pop	hl
                                    627 ;src/games/hoppy_bird/flappy_pipe.c:114: return 1;
    0000026F 3E 01            [ 8]  628 	ld	a, #0x01
    00000271 77               [ 8]  629 	ld	(hl), a
    00000272 E5               [16]  630 	push	hl
    00000273 18 01            [12]  631 	jr	00105$
    00000275                        632 00104$:
                                    633 ;src/games/hoppy_bird/flappy_pipe.c:116: return 0;
    00000275 AF               [ 4]  634 	xor	a, a
    00000276                        635 00105$:
                                    636 ;src/games/hoppy_bird/flappy_pipe.c:117: }
    00000276 33               [ 8]  637 	inc	sp
    00000277 33               [ 8]  638 	inc	sp
    00000278 C9               [16]  639 	ret
                                    640 	.area _CODE
                                    641 	.area _INITIALIZER
                                    642 	.area _CABS (ABS)
