                                      1 ;--------------------------------------------------------
                                      2 ; File Created by SDCC : free open source ISO C Compiler
                                      3 ; Version 4.5.1 #15267 (Linux)
                                      4 ;--------------------------------------------------------
                                      5 	.module flappy
                                      6 	
                                      7 ;--------------------------------------------------------
                                      8 ; Public variables in this module
                                      9 ;--------------------------------------------------------
                                     10 	.globl _clear_all_sprites
                                     11 	.globl _get_char_tile
                                     12 	.globl _draw_text
                                     13 	.globl _menu_font_load
                                     14 	.globl _pipe_score_check
                                     15 	.globl _pipe_hit_check
                                     16 	.globl _update_pipes
                                     17 	.globl _init_pipes
                                     18 	.globl _fill_win_rect
                                     19 	.globl _fill_bkg_rect
                                     20 	.globl _set_sprite_data
                                     21 	.globl _set_win_tiles
                                     22 	.globl _set_bkg_data
                                     23 	.globl _display_off
                                     24 	.globl _joypad
                                     25 	.globl _FlappyBirdTiles
                                     26 	.globl _flappy_bg_tiles
                                     27 	.globl _flappy_get_state
                                     28 	.globl _flappy_init
                                     29 	.globl _flappy_update
                                     30 ;--------------------------------------------------------
                                     31 ; special function registers
                                     32 ;--------------------------------------------------------
                                     33 	.area _HRAM
                                     34 ;--------------------------------------------------------
                                     35 ; ram data
                                     36 ;--------------------------------------------------------
                                     37 	.area _DATA
    00000000                         38 _flappy_get_state_state_10000_156:
    00000000                         39 	.ds 4
                                     40 ;--------------------------------------------------------
                                     41 ; ram data
                                     42 ;--------------------------------------------------------
                                     43 	.area _INITIALIZED
                                     44 ;--------------------------------------------------------
                                     45 ; absolute external ram data
                                     46 ;--------------------------------------------------------
                                     47 	.area _DABS (ABS)
                                     48 ;--------------------------------------------------------
                                     49 ; global & static initialisations
                                     50 ;--------------------------------------------------------
                                     51 	.area _HOME
                                     52 	.area _GSINIT
                                     53 	.area _GSFINAL
                                     54 	.area _GSINIT
                                     55 ;--------------------------------------------------------
                                     56 ; Home
                                     57 ;--------------------------------------------------------
                                     58 	.area _HOME
                                     59 	.area _HOME
                                     60 ;--------------------------------------------------------
                                     61 ; code
                                     62 ;--------------------------------------------------------
                                     63 	.area _CODE
                                     64 ;src/games/hoppy_bird/flappy.c:17: flappy_t *flappy_get_state(void)
                                     65 ;	---------------------------------
                                     66 ; Function flappy_get_state
                                     67 ; ---------------------------------
    00000000                         68 _flappy_get_state::
                                     69 ;src/games/hoppy_bird/flappy.c:21: return &state;
    00000000 01r00r00         [12]   70 	ld	bc, #_flappy_get_state_state_10000_156
                                     71 ;src/games/hoppy_bird/flappy.c:22: }
    00000003 C9               [16]   72 	ret
    00000004                         73 _flappy_bg_tiles:
    00000004 00                      74 	.db #0x00	; 0
    00000005 00                      75 	.db #0x00	; 0
    00000006 00                      76 	.db #0x00	; 0
    00000007 00                      77 	.db #0x00	; 0
    00000008 00                      78 	.db #0x00	; 0
    00000009 00                      79 	.db #0x00	; 0
    0000000A 00                      80 	.db #0x00	; 0
    0000000B 00                      81 	.db #0x00	; 0
    0000000C 00                      82 	.db #0x00	; 0
    0000000D 00                      83 	.db #0x00	; 0
    0000000E 00                      84 	.db #0x00	; 0
    0000000F 00                      85 	.db #0x00	; 0
    00000010 00                      86 	.db #0x00	; 0
    00000011 00                      87 	.db #0x00	; 0
    00000012 00                      88 	.db #0x00	; 0
    00000013 00                      89 	.db #0x00	; 0
    00000014 FF                      90 	.db #0xff	; 255
    00000015 FF                      91 	.db #0xff	; 255
    00000016 FF                      92 	.db #0xff	; 255
    00000017 FF                      93 	.db #0xff	; 255
    00000018 FF                      94 	.db #0xff	; 255
    00000019 FF                      95 	.db #0xff	; 255
    0000001A FF                      96 	.db #0xff	; 255
    0000001B FF                      97 	.db #0xff	; 255
    0000001C FF                      98 	.db #0xff	; 255
    0000001D FF                      99 	.db #0xff	; 255
    0000001E FF                     100 	.db #0xff	; 255
    0000001F FF                     101 	.db #0xff	; 255
    00000020 FF                     102 	.db #0xff	; 255
    00000021 FF                     103 	.db #0xff	; 255
    00000022 FF                     104 	.db #0xff	; 255
    00000023 FF                     105 	.db #0xff	; 255
    00000024 FF                     106 	.db #0xff	; 255
    00000025 00                     107 	.db #0x00	; 0
    00000026 FF                     108 	.db #0xff	; 255
    00000027 00                     109 	.db #0x00	; 0
    00000028 FF                     110 	.db #0xff	; 255
    00000029 00                     111 	.db #0x00	; 0
    0000002A FF                     112 	.db #0xff	; 255
    0000002B 00                     113 	.db #0x00	; 0
    0000002C FF                     114 	.db #0xff	; 255
    0000002D 00                     115 	.db #0x00	; 0
    0000002E FF                     116 	.db #0xff	; 255
    0000002F 00                     117 	.db #0x00	; 0
    00000030 FF                     118 	.db #0xff	; 255
    00000031 00                     119 	.db #0x00	; 0
    00000032 FF                     120 	.db #0xff	; 255
    00000033 00                     121 	.db #0x00	; 0
    00000034                        122 _FlappyBirdTiles:
    00000034 00                     123 	.db #0x00	; 0
    00000035 00                     124 	.db #0x00	; 0
    00000036 00                     125 	.db #0x00	; 0
    00000037 00                     126 	.db #0x00	; 0
    00000038 03                     127 	.db #0x03	; 3
    00000039 03                     128 	.db #0x03	; 3
    0000003A 0C                     129 	.db #0x0c	; 12
    0000003B 0C                     130 	.db #0x0c	; 12
    0000003C 10                     131 	.db #0x10	; 16
    0000003D 10                     132 	.db #0x10	; 16
    0000003E 78                     133 	.db #0x78	; 120	'x'
    0000003F 78                     134 	.db #0x78	; 120	'x'
    00000040 C4                     135 	.db #0xc4	; 196
    00000041 84                     136 	.db #0x84	; 132
    00000042 A6                     137 	.db #0xa6	; 166
    00000043 C2                     138 	.db #0xc2	; 194
    00000044 BA                     139 	.db #0xba	; 186
    00000045 C6                     140 	.db #0xc6	; 198
    00000046 44                     141 	.db #0x44	; 68	'D'
    00000047 7C                     142 	.db #0x7c	; 124
    00000048 38                     143 	.db #0x38	; 56	'8'
    00000049 3F                     144 	.db #0x3f	; 63
    0000004A 20                     145 	.db #0x20	; 32
    0000004B 3F                     146 	.db #0x3f	; 63
    0000004C 18                     147 	.db #0x18	; 24
    0000004D 1F                     148 	.db #0x1f	; 31
    0000004E 07                     149 	.db #0x07	; 7
    0000004F 07                     150 	.db #0x07	; 7
    00000050 00                     151 	.db #0x00	; 0
    00000051 00                     152 	.db #0x00	; 0
    00000052 00                     153 	.db #0x00	; 0
    00000053 00                     154 	.db #0x00	; 0
    00000054 00                     155 	.db #0x00	; 0
    00000055 00                     156 	.db #0x00	; 0
    00000056 00                     157 	.db #0x00	; 0
    00000057 00                     158 	.db #0x00	; 0
    00000058 E0                     159 	.db #0xe0	; 224
    00000059 E0                     160 	.db #0xe0	; 224
    0000005A 50                     161 	.db #0x50	; 80	'P'
    0000005B 50                     162 	.db #0x50	; 80	'P'
    0000005C 88                     163 	.db #0x88	; 136
    0000005D 88                     164 	.db #0x88	; 136
    0000005E D4                     165 	.db #0xd4	; 212
    0000005F 94                     166 	.db #0x94	; 148
    00000060 D4                     167 	.db #0xd4	; 212
    00000061 94                     168 	.db #0x94	; 148
    00000062 64                     169 	.db #0x64	; 100	'd'
    00000063 44                     170 	.db #0x44	; 68	'D'
    00000064 3E                     171 	.db #0x3e	; 62
    00000065 3E                     172 	.db #0x3e	; 62
    00000066 7F                     173 	.db #0x7f	; 127
    00000067 41                     174 	.db #0x41	; 65	'A'
    00000068 FE                     175 	.db #0xfe	; 254
    00000069 BE                     176 	.db #0xbe	; 190
    0000006A 7E                     177 	.db #0x7e	; 126
    0000006B C2                     178 	.db #0xc2	; 194
    0000006C 3C                     179 	.db #0x3c	; 60
    0000006D FC                     180 	.db #0xfc	; 252
    0000006E C0                     181 	.db #0xc0	; 192
    0000006F C0                     182 	.db #0xc0	; 192
    00000070 00                     183 	.db #0x00	; 0
    00000071 00                     184 	.db #0x00	; 0
    00000072 00                     185 	.db #0x00	; 0
    00000073 00                     186 	.db #0x00	; 0
    00000074                        187 _PipeHeadTiles:
    00000074 00                     188 	.db #0x00	; 0
    00000075 00                     189 	.db #0x00	; 0
    00000076 00                     190 	.db #0x00	; 0
    00000077 00                     191 	.db #0x00	; 0
    00000078 00                     192 	.db #0x00	; 0
    00000079 00                     193 	.db #0x00	; 0
    0000007A 00                     194 	.db #0x00	; 0
    0000007B 00                     195 	.db #0x00	; 0
    0000007C FF                     196 	.db #0xff	; 255
    0000007D FF                     197 	.db #0xff	; 255
    0000007E 81                     198 	.db #0x81	; 129
    0000007F FF                     199 	.db #0xff	; 255
    00000080 C3                     200 	.db #0xc3	; 195
    00000081 81                     201 	.db #0x81	; 129
    00000082 FF                     202 	.db #0xff	; 255
    00000083 FF                     203 	.db #0xff	; 255
    00000084                        204 _PipeTailTiles:
    00000084 5A                     205 	.db #0x5a	; 90	'Z'
    00000085 62                     206 	.db #0x62	; 98	'b'
    00000086 5A                     207 	.db #0x5a	; 90	'Z'
    00000087 62                     208 	.db #0x62	; 98	'b'
    00000088 5A                     209 	.db #0x5a	; 90	'Z'
    00000089 62                     210 	.db #0x62	; 98	'b'
    0000008A 5A                     211 	.db #0x5a	; 90	'Z'
    0000008B 62                     212 	.db #0x62	; 98	'b'
    0000008C 5A                     213 	.db #0x5a	; 90	'Z'
    0000008D 62                     214 	.db #0x62	; 98	'b'
    0000008E 5A                     215 	.db #0x5a	; 90	'Z'
    0000008F 62                     216 	.db #0x62	; 98	'b'
    00000090 5A                     217 	.db #0x5a	; 90	'Z'
    00000091 62                     218 	.db #0x62	; 98	'b'
    00000092 5A                     219 	.db #0x5a	; 90	'Z'
    00000093 62                     220 	.db #0x62	; 98	'b'
    00000094                        221 _PipeHeadFlippedTiles:
    00000094 FF                     222 	.db #0xff	; 255
    00000095 FF                     223 	.db #0xff	; 255
    00000096 C3                     224 	.db #0xc3	; 195
    00000097 81                     225 	.db #0x81	; 129
    00000098 FF                     226 	.db #0xff	; 255
    00000099 81                     227 	.db #0x81	; 129
    0000009A 00                     228 	.db #0x00	; 0
    0000009B 00                     229 	.db #0x00	; 0
    0000009C 00                     230 	.db #0x00	; 0
    0000009D 00                     231 	.db #0x00	; 0
    0000009E 00                     232 	.db #0x00	; 0
    0000009F 00                     233 	.db #0x00	; 0
    000000A0 00                     234 	.db #0x00	; 0
    000000A1 00                     235 	.db #0x00	; 0
    000000A2 00                     236 	.db #0x00	; 0
    000000A3 00                     237 	.db #0x00	; 0
    000000A4                        238 _GrassTiles:
    000000A4 A5                     239 	.db #0xa5	; 165
    000000A5 A5                     240 	.db #0xa5	; 165
    000000A6 FF                     241 	.db #0xff	; 255
    000000A7 FF                     242 	.db #0xff	; 255
    000000A8 00                     243 	.db #0x00	; 0
    000000A9 FF                     244 	.db #0xff	; 255
    000000AA 00                     245 	.db #0x00	; 0
    000000AB FF                     246 	.db #0xff	; 255
    000000AC AA                     247 	.db #0xaa	; 170
    000000AD 55                     248 	.db #0x55	; 85	'U'
    000000AE 55                     249 	.db #0x55	; 85	'U'
    000000AF AA                     250 	.db #0xaa	; 170
    000000B0 AA                     251 	.db #0xaa	; 170
    000000B1 55                     252 	.db #0x55	; 85	'U'
    000000B2 55                     253 	.db #0x55	; 85	'U'
    000000B3 AA                     254 	.db #0xaa	; 170
                                    255 ;src/games/hoppy_bird/flappy.c:24: static void draw_score(uint8_t score)
                                    256 ;	---------------------------------
                                    257 ; Function draw_score
                                    258 ; ---------------------------------
    000000B4                        259 _draw_score:
    000000B4 E8 FC            [16]  260 	add	sp, #-4
    000000B6 4F               [ 4]  261 	ld	c, a
                                    262 ;src/games/hoppy_bird/flappy.c:28: tiles[0] = get_char_tile('0' + score / 100);
    000000B7 F8 03            [12]  263 	ldhl	sp,	#3
    000000B9 71               [ 8]  264 	ld	(hl), c
    000000BA 1E 64            [ 8]  265 	ld	e, #0x64
    000000BC 7E               [ 8]  266 	ld	a, (hl)
    000000BD CDr00r00         [24]  267 	call	__divuchar
    000000C0 79               [ 4]  268 	ld	a, c
    000000C1 C6 30            [ 8]  269 	add	a, #0x30
    000000C3 CDr00r00         [24]  270 	call	_get_char_tile
    000000C6 F8 00            [12]  271 	ldhl	sp,	#0
    000000C8 77               [ 8]  272 	ld	(hl), a
                                    273 ;src/games/hoppy_bird/flappy.c:29: tiles[1] = get_char_tile('0' + (score / 10) % 10);
    000000C9 1E 0A            [ 8]  274 	ld	e, #0x0a
    000000CB F8 03            [12]  275 	ldhl	sp,	#3
    000000CD 7E               [ 8]  276 	ld	a, (hl)
    000000CE CDr00r00         [24]  277 	call	__divuchar
    000000D1 79               [ 4]  278 	ld	a, c
    000000D2 1E 0A            [ 8]  279 	ld	e, #0x0a
    000000D4 CDr00r00         [24]  280 	call	__moduchar
    000000D7 79               [ 4]  281 	ld	a, c
    000000D8 C6 30            [ 8]  282 	add	a, #0x30
    000000DA CDr00r00         [24]  283 	call	_get_char_tile
    000000DD F8 01            [12]  284 	ldhl	sp,	#1
                                    285 ;src/games/hoppy_bird/flappy.c:30: tiles[2] = get_char_tile('0' + score % 10);
    000000DF 22               [ 8]  286 	ld	(hl+), a
    000000E0 23               [ 8]  287 	inc	hl
    000000E1 1E 0A            [ 8]  288 	ld	e, #0x0a
    000000E3 7E               [ 8]  289 	ld	a, (hl)
    000000E4 CDr00r00         [24]  290 	call	__moduchar
    000000E7 79               [ 4]  291 	ld	a, c
    000000E8 C6 30            [ 8]  292 	add	a, #0x30
    000000EA CDr00r00         [24]  293 	call	_get_char_tile
    000000ED F8 02            [12]  294 	ldhl	sp,	#2
    000000EF 77               [ 8]  295 	ld	(hl), a
                                    296 ;src/games/hoppy_bird/flappy.c:31: set_win_tiles(0, 0, 3, 1, tiles);
    000000F0 21 00 00         [12]  297 	ld	hl, #0
    000000F3 39               [ 8]  298 	add	hl, sp
    000000F4 E5               [16]  299 	push	hl
    000000F5 21 03 01         [12]  300 	ld	hl, #0x103
    000000F8 E5               [16]  301 	push	hl
    000000F9 AF               [ 4]  302 	xor	a, a
    000000FA 0F               [ 4]  303 	rrca
    000000FB F5               [16]  304 	push	af
    000000FC CDr00r00         [24]  305 	call	_set_win_tiles
                                    306 ;src/games/hoppy_bird/flappy.c:32: }
    000000FF E8 0A            [16]  307 	add	sp, #10
    00000101 C9               [16]  308 	ret
                                    309 ;src/games/hoppy_bird/flappy.c:34: static void init_gfx(void)
                                    310 ;	---------------------------------
                                    311 ; Function init_gfx
                                    312 ; ---------------------------------
    00000102                        313 _init_gfx:
                                    314 ;src/games/hoppy_bird/flappy.c:36: LCDC_REG = LCDCF_BG8000 | LCDCF_WIN9C00;
    00000102 3E 50            [ 8]  315 	ld	a, #0x50
    00000104 E0r00            [12]  316 	ldh	(_LCDC_REG + 0), a
                                    317 ;src/games/hoppy_bird/flappy.c:37: set_bkg_data(T_SKY, FLAPPY_BG_TILES_COUNT, flappy_bg_tiles);
    00000106 11r04r00         [12]  318 	ld	de, #_flappy_bg_tiles
    00000109 D5               [16]  319 	push	de
    0000010A 21 00 03         [12]  320 	ld	hl, #0x300
    0000010D E5               [16]  321 	push	hl
    0000010E CDr00r00         [24]  322 	call	_set_bkg_data
    00000111 E8 04            [16]  323 	add	sp, #4
                                    324 ;src/games/hoppy_bird/flappy.c:38: BGP_REG = 0xE4;
    00000113 3E E4            [ 8]  325 	ld	a, #0xe4
    00000115 E0r00            [12]  326 	ldh	(_BGP_REG + 0), a
                                    327 ;src/games/hoppy_bird/flappy.c:39: OBP0_REG = 0xE4;
    00000117 3E E4            [ 8]  328 	ld	a, #0xe4
    00000119 E0r00            [12]  329 	ldh	(_OBP0_REG + 0), a
                                    330 ;src/games/hoppy_bird/flappy.c:40: fill_bkg_rect(0, 0, 32, GROUND_ROW, T_SKY);
    0000011B AF               [ 4]  331 	xor	a, a
    0000011C 67               [ 4]  332 	ld	h, a
    0000011D 2E 10            [ 8]  333 	ld	l, #0x10
    0000011F E5               [16]  334 	push	hl
    00000120 3E 20            [ 8]  335 	ld	a, #0x20
    00000122 F5               [16]  336 	push	af
    00000123 33               [ 8]  337 	inc	sp
    00000124 AF               [ 4]  338 	xor	a, a
    00000125 0F               [ 4]  339 	rrca
    00000126 F5               [16]  340 	push	af
    00000127 CDr00r00         [24]  341 	call	_fill_bkg_rect
    0000012A E8 05            [16]  342 	add	sp, #5
                                    343 ;src/games/hoppy_bird/flappy.c:41: fill_bkg_rect(0, GROUND_ROW, 32, 2, T_GROUND);
    0000012C 21 02 01         [12]  344 	ld	hl, #0x102
    0000012F E5               [16]  345 	push	hl
    00000130 21 10 20         [12]  346 	ld	hl, #0x2010
    00000133 E5               [16]  347 	push	hl
    00000134 AF               [ 4]  348 	xor	a, a
    00000135 F5               [16]  349 	push	af
    00000136 33               [ 8]  350 	inc	sp
    00000137 CDr00r00         [24]  351 	call	_fill_bkg_rect
    0000013A E8 05            [16]  352 	add	sp, #5
                                    353 ;src/games/hoppy_bird/flappy.c:42: menu_font_load();
    0000013C CDr00r00         [24]  354 	call	_menu_font_load
                                    355 ;src/games/hoppy_bird/flappy.c:43: SPRITES_8x16;
    0000013F F0r00            [12]  356 	ldh	a, (_LCDC_REG + 0)
    00000141 F6 04            [ 8]  357 	or	a, #0x04
    00000143 E0r00            [12]  358 	ldh	(_LCDC_REG + 0), a
                                    359 ;src/games/hoppy_bird/flappy.c:44: set_sprite_data(S_BIRD, FLAPPY_BIRD_TILES_COUNT, FlappyBirdTiles);
    00000145 11r34r00         [12]  360 	ld	de, #_FlappyBirdTiles
    00000148 D5               [16]  361 	push	de
    00000149 21 32 04         [12]  362 	ld	hl, #0x432
    0000014C E5               [16]  363 	push	hl
    0000014D CDr00r00         [24]  364 	call	_set_sprite_data
    00000150 E8 04            [16]  365 	add	sp, #4
                                    366 ;src/games/hoppy_bird/flappy.c:45: set_bkg_data(T_GROUND, 1, GrassTiles);
    00000152 11rA4r00         [12]  367 	ld	de, #_GrassTiles
    00000155 D5               [16]  368 	push	de
    00000156 21 01 01         [12]  369 	ld	hl, #0x101
    00000159 E5               [16]  370 	push	hl
    0000015A CDr00r00         [24]  371 	call	_set_bkg_data
    0000015D E8 04            [16]  372 	add	sp, #4
                                    373 ;src/games/hoppy_bird/flappy.c:46: set_bkg_data(T_PIPE_CAP, 1, PipeHeadTiles);
    0000015F 11r74r00         [12]  374 	ld	de, #_PipeHeadTiles
    00000162 D5               [16]  375 	push	de
    00000163 21 03 01         [12]  376 	ld	hl, #0x103
    00000166 E5               [16]  377 	push	hl
    00000167 CDr00r00         [24]  378 	call	_set_bkg_data
    0000016A E8 04            [16]  379 	add	sp, #4
                                    380 ;src/games/hoppy_bird/flappy.c:47: set_bkg_data(T_PIPE_BODY, 1, PipeTailTiles);
    0000016C 11r84r00         [12]  381 	ld	de, #_PipeTailTiles
    0000016F D5               [16]  382 	push	de
    00000170 21 08 01         [12]  383 	ld	hl, #0x108
    00000173 E5               [16]  384 	push	hl
    00000174 CDr00r00         [24]  385 	call	_set_bkg_data
    00000177 E8 04            [16]  386 	add	sp, #4
                                    387 ;src/games/hoppy_bird/flappy.c:48: set_bkg_data(T_PIPE_CAP_FLIP, 1, PipeHeadFlippedTiles);
    00000179 11r94r00         [12]  388 	ld	de, #_PipeHeadFlippedTiles
    0000017C D5               [16]  389 	push	de
    0000017D 21 04 01         [12]  390 	ld	hl, #0x104
    00000180 E5               [16]  391 	push	hl
    00000181 CDr00r00         [24]  392 	call	_set_bkg_data
    00000184 E8 04            [16]  393 	add	sp, #4
                                    394 ;/opt/gbdk/include/gb/gb.h:1887: shadow_OAM[nb].tile=tile;
    00000186 21r02r00         [12]  395 	ld	hl, #(_shadow_OAM + 2)
    00000189 36 32            [12]  396 	ld	(hl), #0x32
    0000018B 21r06r00         [12]  397 	ld	hl, #(_shadow_OAM + 6)
    0000018E 36 34            [12]  398 	ld	(hl), #0x34
                                    399 ;src/games/hoppy_bird/flappy.c:51: move_sprite(SPR_BIRD, BIRD_X + 8, flappy_get_state()->bird_y + 16);
    00000190 CDr00r00         [24]  400 	call	_flappy_get_state
    00000193 0A               [ 8]  401 	ld	a, (bc)
    00000194 C6 10            [ 8]  402 	add	a, #0x10
                                    403 ;/opt/gbdk/include/gb/gb.h:1973: OAM_item_t * itm = &shadow_OAM[nb];
                                    404 ;/opt/gbdk/include/gb/gb.h:1974: itm->y=y, itm->x=x;
    00000196 21r00r00         [12]  405 	ld	hl, #_shadow_OAM
    00000199 22               [ 8]  406 	ld	(hl+), a
    0000019A 36 30            [12]  407 	ld	(hl), #0x30
                                    408 ;src/games/hoppy_bird/flappy.c:52: move_sprite(SPR_BIRD_R, BIRD_X + 16, flappy_get_state()->bird_y + 16);
    0000019C CDr00r00         [24]  409 	call	_flappy_get_state
    0000019F 0A               [ 8]  410 	ld	a, (bc)
    000001A0 C6 10            [ 8]  411 	add	a, #0x10
                                    412 ;/opt/gbdk/include/gb/gb.h:1973: OAM_item_t * itm = &shadow_OAM[nb];
                                    413 ;/opt/gbdk/include/gb/gb.h:1974: itm->y=y, itm->x=x;
    000001A2 21r04r00         [12]  414 	ld	hl, #(_shadow_OAM + 4)
    000001A5 22               [ 8]  415 	ld	(hl+), a
    000001A6 36 38            [12]  416 	ld	(hl), #0x38
                                    417 ;src/games/hoppy_bird/flappy.c:53: SHOW_BKG;
    000001A8 F0r00            [12]  418 	ldh	a, (_LCDC_REG + 0)
    000001AA F6 01            [ 8]  419 	or	a, #0x01
    000001AC E0r00            [12]  420 	ldh	(_LCDC_REG + 0), a
                                    421 ;src/games/hoppy_bird/flappy.c:54: SHOW_SPRITES;
    000001AE F0r00            [12]  422 	ldh	a, (_LCDC_REG + 0)
    000001B0 F6 02            [ 8]  423 	or	a, #0x02
    000001B2 E0r00            [12]  424 	ldh	(_LCDC_REG + 0), a
                                    425 ;src/games/hoppy_bird/flappy.c:55: }
    000001B4 C9               [16]  426 	ret
                                    427 ;src/games/hoppy_bird/flappy.c:57: static void setup_score_win(void)
                                    428 ;	---------------------------------
                                    429 ; Function setup_score_win
                                    430 ; ---------------------------------
    000001B5                        431 _setup_score_win:
                                    432 ;src/games/hoppy_bird/flappy.c:59: fill_win_rect(0, 0, 20, 1, 0);
    000001B5 AF               [ 4]  433 	xor	a, a
    000001B6 67               [ 4]  434 	ld	h, a
    000001B7 2E 01            [ 8]  435 	ld	l, #0x01
    000001B9 E5               [16]  436 	push	hl
    000001BA 3E 14            [ 8]  437 	ld	a, #0x14
    000001BC F5               [16]  438 	push	af
    000001BD 33               [ 8]  439 	inc	sp
    000001BE AF               [ 4]  440 	xor	a, a
    000001BF 0F               [ 4]  441 	rrca
    000001C0 F5               [16]  442 	push	af
    000001C1 CDr00r00         [24]  443 	call	_fill_win_rect
    000001C4 E8 05            [16]  444 	add	sp, #5
                                    445 ;src/games/hoppy_bird/flappy.c:60: WX_REG = 7;
    000001C6 3E 07            [ 8]  446 	ld	a, #0x07
    000001C8 E0r00            [12]  447 	ldh	(_WX_REG + 0), a
                                    448 ;src/games/hoppy_bird/flappy.c:61: WY_REG = 136;
    000001CA 3E 88            [ 8]  449 	ld	a, #0x88
    000001CC E0r00            [12]  450 	ldh	(_WY_REG + 0), a
                                    451 ;src/games/hoppy_bird/flappy.c:62: SHOW_WIN;
    000001CE F0r00            [12]  452 	ldh	a, (_LCDC_REG + 0)
    000001D0 F6 20            [ 8]  453 	or	a, #0x20
    000001D2 E0r00            [12]  454 	ldh	(_LCDC_REG + 0), a
                                    455 ;src/games/hoppy_bird/flappy.c:63: }
    000001D4 C9               [16]  456 	ret
                                    457 ;src/games/hoppy_bird/flappy.c:65: static void flappy_handle_input(void)
                                    458 ;	---------------------------------
                                    459 ; Function flappy_handle_input
                                    460 ; ---------------------------------
    000001D5                        461 _flappy_handle_input:
                                    462 ;src/games/hoppy_bird/flappy.c:67: if (joypad() & J_A)
    000001D5 CDr00r00         [24]  463 	call	_joypad
    000001D8 CB 67            [ 8]  464 	bit	4, a
    000001DA C8               [20]  465 	ret	Z
                                    466 ;src/games/hoppy_bird/flappy.c:68: flappy_get_state()->bird_vy = -FLAPPY_JUMP_FORCE;
    000001DB CDr00r00         [24]  467 	call	_flappy_get_state
    000001DE 03               [ 8]  468 	inc	bc
    000001DF 3E FC            [ 8]  469 	ld	a, #0xfc
    000001E1 02               [ 8]  470 	ld	(bc), a
                                    471 ;src/games/hoppy_bird/flappy.c:69: }
    000001E2 C9               [16]  472 	ret
                                    473 ;src/games/hoppy_bird/flappy.c:71: static void apply_gravity(void)
                                    474 ;	---------------------------------
                                    475 ; Function apply_gravity
                                    476 ; ---------------------------------
    000001E3                        477 _apply_gravity:
    000001E3 E8 FB            [16]  478 	add	sp, #-5
                                    479 ;src/games/hoppy_bird/flappy.c:73: flappy_t *s = flappy_get_state();
                                    480 ;src/games/hoppy_bird/flappy.c:74: int16_t new_y = (int16_t)s->bird_y + s->bird_vy;
    000001E5 CDr00r00         [24]  481 	call	_flappy_get_state
    000001E8 E1               [12]  482 	pop	hl
    000001E9 C5               [16]  483 	push	bc
    000001EA D1               [12]  484 	pop	de
    000001EB D5               [16]  485 	push	de
    000001EC 1A               [ 8]  486 	ld	a, (de)
    000001ED 03               [ 8]  487 	inc	bc
    000001EE F5               [16]  488 	push	af
    000001EF 0A               [ 8]  489 	ld	a, (bc)
    000001F0 F8 04            [12]  490 	ldhl	sp,	#4
    000001F2 77               [ 8]  491 	ld	(hl), a
    000001F3 7E               [ 8]  492 	ld	a, (hl)
    000001F4 5F               [ 4]  493 	ld	e, a
    000001F5 07               [ 4]  494 	rlca
    000001F6 9F               [ 4]  495 	sbc	a, a
    000001F7 57               [ 4]  496 	ld	d, a
    000001F8 F1               [12]  497 	pop	af
    000001F9 2E 00            [ 8]  498 	ld	l, #0x00
    000001FB 83               [ 4]  499 	add	a, e
    000001FC 5F               [ 4]  500 	ld	e, a
    000001FD 7D               [ 4]  501 	ld	a, l
    000001FE 8A               [ 4]  502 	adc	a, d
    000001FF F8 03            [12]  503 	ldhl	sp,	#3
    00000201 73               [ 8]  504 	ld	(hl), e
    00000202 23               [ 8]  505 	inc	hl
                                    506 ;src/games/hoppy_bird/flappy.c:76: s->bird_vy += FLAPPY_GRAVITY;
    00000203 32               [ 8]  507 	ld	(hl-), a
    00000204 2B               [ 8]  508 	dec	hl
    00000205 6E               [ 8]  509 	ld	l, (hl)
    00000206 2C               [ 4]  510 	inc	l
    00000207 7D               [ 4]  511 	ld	a, l
    00000208 02               [ 8]  512 	ld	(bc), a
                                    513 ;src/games/hoppy_bird/flappy.c:77: if (s->bird_vy > FLAPPY_MAX_FALL)
    00000209 5D               [ 4]  514 	ld	e, l
    0000020A 3E 02            [ 8]  515 	ld	a,#0x02
    0000020C 57               [ 4]  516 	ld	d,a
    0000020D 95               [ 4]  517 	sub	a, l
    0000020E CB 7B            [ 8]  518 	bit	7, e
    00000210 28 07            [12]  519 	jr	Z, 00132$
    00000212 CB 7A            [ 8]  520 	bit	7, d
    00000214 20 08            [12]  521 	jr	NZ, 00133$
    00000216 BF               [ 4]  522 	cp	a, a
    00000217 18 05            [12]  523 	jr	00133$
    00000219                        524 00132$:
    00000219 CB 7A            [ 8]  525 	bit	7, d
    0000021B 28 01            [12]  526 	jr	Z, 00133$
    0000021D 37               [ 4]  527 	scf
    0000021E                        528 00133$:
    0000021E 30 03            [12]  529 	jr	NC, 00102$
                                    530 ;src/games/hoppy_bird/flappy.c:78: s->bird_vy = FLAPPY_MAX_FALL;
    00000220 3E 02            [ 8]  531 	ld	a, #0x02
    00000222 02               [ 8]  532 	ld	(bc), a
    00000223                        533 00102$:
                                    534 ;src/games/hoppy_bird/flappy.c:79: if (new_y < 0)
    00000223 F8 03            [12]  535 	ldhl	sp,	#3
    00000225 2A               [ 8]  536 	ld	a, (hl+)
    00000226 CB 7E            [12]  537 	bit	7, (hl)
    00000228 28 04            [12]  538 	jr	Z, 00104$
                                    539 ;src/games/hoppy_bird/flappy.c:80: new_y = 0;
    0000022A 2B               [ 8]  540 	dec	hl
    0000022B AF               [ 4]  541 	xor	a, a
    0000022C 22               [ 8]  542 	ld	(hl+), a
    0000022D 77               [ 8]  543 	ld	(hl), a
    0000022E                        544 00104$:
                                    545 ;src/games/hoppy_bird/flappy.c:81: if (new_y >= FLAPPY_GROUND_Y)
    0000022E F8 03            [12]  546 	ldhl	sp,	#3
    00000230 2A               [ 8]  547 	ld	a, (hl+)
    00000231 4F               [ 4]  548 	ld	c, a
    00000232 46               [ 8]  549 	ld	b, (hl)
    00000233 79               [ 4]  550 	ld	a, c
    00000234 D6 70            [ 8]  551 	sub	a, #0x70
    00000236 78               [ 4]  552 	ld	a, b
    00000237 17               [ 4]  553 	rla
    00000238 3F               [ 4]  554 	ccf
    00000239 1F               [ 4]  555 	rra
    0000023A DE 80            [ 8]  556 	sbc	a, #0x80
    0000023C 38 06            [12]  557 	jr	C, 00106$
                                    558 ;src/games/hoppy_bird/flappy.c:82: new_y = FLAPPY_GROUND_Y;
    0000023E 2B               [ 8]  559 	dec	hl
    0000023F 3E 70            [ 8]  560 	ld	a, #0x70
    00000241 22               [ 8]  561 	ld	(hl+), a
    00000242 AF               [ 4]  562 	xor	a, a
    00000243 77               [ 8]  563 	ld	(hl), a
    00000244                        564 00106$:
                                    565 ;src/games/hoppy_bird/flappy.c:83: s->bird_y = (uint8_t)new_y;
    00000244 F8 03            [12]  566 	ldhl	sp,	#3
    00000246 7E               [ 8]  567 	ld	a, (hl)
    00000247 E1               [12]  568 	pop	hl
    00000248 E5               [16]  569 	push	hl
    00000249 77               [ 8]  570 	ld	(hl), a
                                    571 ;src/games/hoppy_bird/flappy.c:84: move_sprite(SPR_BIRD, BIRD_X + 8, s->bird_y + 16);
    0000024A C6 10            [ 8]  572 	add	a, #0x10
                                    573 ;/opt/gbdk/include/gb/gb.h:1973: OAM_item_t * itm = &shadow_OAM[nb];
                                    574 ;/opt/gbdk/include/gb/gb.h:1974: itm->y=y, itm->x=x;
    0000024C 21r00r00         [12]  575 	ld	hl, #_shadow_OAM
    0000024F 22               [ 8]  576 	ld	(hl+), a
    00000250 36 30            [12]  577 	ld	(hl), #0x30
                                    578 ;src/games/hoppy_bird/flappy.c:85: move_sprite(SPR_BIRD_R, BIRD_X + 16, s->bird_y + 16);
    00000252 D1               [12]  579 	pop	de
    00000253 D5               [16]  580 	push	de
    00000254 1A               [ 8]  581 	ld	a, (de)
    00000255 C6 10            [ 8]  582 	add	a, #0x10
                                    583 ;/opt/gbdk/include/gb/gb.h:1973: OAM_item_t * itm = &shadow_OAM[nb];
                                    584 ;/opt/gbdk/include/gb/gb.h:1974: itm->y=y, itm->x=x;
    00000257 21r04r00         [12]  585 	ld	hl, #(_shadow_OAM + 4)
    0000025A 22               [ 8]  586 	ld	(hl+), a
    0000025B 36 38            [12]  587 	ld	(hl), #0x38
                                    588 ;src/games/hoppy_bird/flappy.c:85: move_sprite(SPR_BIRD_R, BIRD_X + 16, s->bird_y + 16);
                                    589 ;src/games/hoppy_bird/flappy.c:86: }
    0000025D E8 05            [16]  590 	add	sp, #5
    0000025F C9               [16]  591 	ret
                                    592 ;src/games/hoppy_bird/flappy.c:88: static uint8_t check_collision(void)
                                    593 ;	---------------------------------
                                    594 ; Function check_collision
                                    595 ; ---------------------------------
    00000260                        596 _check_collision:
                                    597 ;src/games/hoppy_bird/flappy.c:90: flappy_t *s = flappy_get_state();
    00000260 CDr00r00         [24]  598 	call	_flappy_get_state
                                    599 ;src/games/hoppy_bird/flappy.c:92: if (s->bird_y >= FLAPPY_GROUND_Y)
    00000263 0A               [ 8]  600 	ld	a, (bc)
    00000264 FE 70            [ 8]  601 	cp	a, #0x70
    00000266 DAr00r00         [16]  602 	jp	C, _pipe_hit_check
                                    603 ;src/games/hoppy_bird/flappy.c:93: return 1;
    00000269 3E 01            [ 8]  604 	ld	a, #0x01
                                    605 ;src/games/hoppy_bird/flappy.c:94: return pipe_hit_check(s->bird_y);
                                    606 ;src/games/hoppy_bird/flappy.c:95: }
    0000026B C9               [16]  607 	ret
                                    608 ;src/games/hoppy_bird/flappy.c:97: void flappy_init(void)
                                    609 ;	---------------------------------
                                    610 ; Function flappy_init
                                    611 ; ---------------------------------
    0000026C                        612 _flappy_init::
                                    613 ;src/games/hoppy_bird/flappy.c:99: flappy_get_state()->bird_y = BIRD_INIT_Y;
    0000026C CDr00r00         [24]  614 	call	_flappy_get_state
    0000026F 3E 3C            [ 8]  615 	ld	a, #0x3c
    00000271 02               [ 8]  616 	ld	(bc), a
                                    617 ;src/games/hoppy_bird/flappy.c:100: flappy_get_state()->bird_vy = 0;
    00000272 CDr00r00         [24]  618 	call	_flappy_get_state
    00000275 03               [ 8]  619 	inc	bc
    00000276 AF               [ 4]  620 	xor	a, a
    00000277 02               [ 8]  621 	ld	(bc), a
                                    622 ;src/games/hoppy_bird/flappy.c:101: flappy_get_state()->ready = 0;
    00000278 CDr00r00         [24]  623 	call	_flappy_get_state
    0000027B 03               [ 8]  624 	inc	bc
    0000027C 03               [ 8]  625 	inc	bc
    0000027D AF               [ 4]  626 	xor	a, a
    0000027E 02               [ 8]  627 	ld	(bc), a
                                    628 ;src/games/hoppy_bird/flappy.c:102: flappy_get_state()->score = 0;
    0000027F CDr00r00         [24]  629 	call	_flappy_get_state
    00000282 03               [ 8]  630 	inc	bc
    00000283 03               [ 8]  631 	inc	bc
    00000284 03               [ 8]  632 	inc	bc
    00000285 AF               [ 4]  633 	xor	a, a
    00000286 02               [ 8]  634 	ld	(bc), a
                                    635 ;src/games/hoppy_bird/flappy.c:103: DISPLAY_OFF;
    00000287 CDr00r00         [24]  636 	call	_display_off
                                    637 ;src/games/hoppy_bird/flappy.c:104: clear_all_sprites();
    0000028A CDr00r00         [24]  638 	call	_clear_all_sprites
                                    639 ;src/games/hoppy_bird/flappy.c:105: init_gfx();
    0000028D CDr02r01         [24]  640 	call	_init_gfx
                                    641 ;src/games/hoppy_bird/flappy.c:106: setup_score_win();
    00000290 CDrB5r01         [24]  642 	call	_setup_score_win
                                    643 ;src/games/hoppy_bird/flappy.c:107: DISPLAY_ON;
    00000293 F0r00            [12]  644 	ldh	a, (_LCDC_REG + 0)
    00000295 F6 80            [ 8]  645 	or	a, #0x80
    00000297 E0r00            [12]  646 	ldh	(_LCDC_REG + 0), a
                                    647 ;src/games/hoppy_bird/flappy.c:108: init_pipes();
    00000299 CDr00r00         [24]  648 	call	_init_pipes
                                    649 ;src/games/hoppy_bird/flappy.c:109: draw_score(0);
    0000029C AF               [ 4]  650 	xor	a, a
    0000029D CDrB4r00         [24]  651 	call	_draw_score
                                    652 ;src/games/hoppy_bird/flappy.c:110: draw_text(7, 5, "PRESS A");
    000002A0 11rACr02         [12]  653 	ld	de, #___str_0
    000002A3 D5               [16]  654 	push	de
    000002A4 1E 05            [ 8]  655 	ld	e, #0x05
    000002A6 3E 07            [ 8]  656 	ld	a, #0x07
    000002A8 CDr00r00         [24]  657 	call	_draw_text
                                    658 ;src/games/hoppy_bird/flappy.c:111: }
    000002AB C9               [16]  659 	ret
    000002AC                        660 ___str_0:
    000002AC 50 52 45 53 53 20 41   661 	.ascii "PRESS A"
    000002B3 00                     662 	.db 0x00
                                    663 ;src/games/hoppy_bird/flappy.c:113: uint8_t flappy_update(void)
                                    664 ;	---------------------------------
                                    665 ; Function flappy_update
                                    666 ; ---------------------------------
    000002B4                        667 _flappy_update::
                                    668 ;src/games/hoppy_bird/flappy.c:115: flappy_t *s = flappy_get_state();
    000002B4 CDr00r00         [24]  669 	call	_flappy_get_state
                                    670 ;src/games/hoppy_bird/flappy.c:117: if (!s->ready) {
    000002B7 69               [ 4]  671 	ld	l, c
    000002B8 60               [ 4]  672 	ld	h, b
    000002B9 23               [ 8]  673 	inc	hl
    000002BA 23               [ 8]  674 	inc	hl
    000002BB 7E               [ 8]  675 	ld	a, (hl)
    000002BC B7               [ 4]  676 	or	a, a
    000002BD 20 1F            [12]  677 	jr	NZ, 00104$
                                    678 ;src/games/hoppy_bird/flappy.c:118: if (joypad() & J_A) {
    000002BF CDr00r00         [24]  679 	call	_joypad
    000002C2 CB 67            [ 8]  680 	bit	4, a
    000002C4 28 16            [12]  681 	jr	Z, 00102$
                                    682 ;src/games/hoppy_bird/flappy.c:119: fill_bkg_rect(7, 5, 7, 1, T_SKY);
    000002C6 E5               [16]  683 	push	hl
    000002C7 AF               [ 4]  684 	xor	a, a
    000002C8 67               [ 4]  685 	ld	h, a
    000002C9 2E 01            [ 8]  686 	ld	l, #0x01
    000002CB E5               [16]  687 	push	hl
    000002CC 21 05 07         [12]  688 	ld	hl, #0x705
    000002CF E5               [16]  689 	push	hl
    000002D0 3E 07            [ 8]  690 	ld	a, #0x07
    000002D2 F5               [16]  691 	push	af
    000002D3 33               [ 8]  692 	inc	sp
    000002D4 CDr00r00         [24]  693 	call	_fill_bkg_rect
    000002D7 E8 05            [16]  694 	add	sp, #5
    000002D9 E1               [12]  695 	pop	hl
                                    696 ;src/games/hoppy_bird/flappy.c:120: s->ready = 1;
    000002DA 36 01            [12]  697 	ld	(hl), #0x01
    000002DC                        698 00102$:
                                    699 ;src/games/hoppy_bird/flappy.c:122: return 0;
    000002DC AF               [ 4]  700 	xor	a, a
    000002DD C9               [16]  701 	ret
    000002DE                        702 00104$:
                                    703 ;src/games/hoppy_bird/flappy.c:124: update_pipes();
    000002DE C5               [16]  704 	push	bc
    000002DF CDr00r00         [24]  705 	call	_update_pipes
                                    706 ;src/games/hoppy_bird/flappy.c:125: flappy_handle_input();
    000002E2 CDrD5r01         [24]  707 	call	_flappy_handle_input
                                    708 ;src/games/hoppy_bird/flappy.c:126: apply_gravity();
    000002E5 CDrE3r01         [24]  709 	call	_apply_gravity
                                    710 ;src/games/hoppy_bird/flappy.c:127: if (pipe_score_check()) {
    000002E8 CDr00r00         [24]  711 	call	_pipe_score_check
    000002EB C1               [12]  712 	pop	bc
    000002EC B7               [ 4]  713 	or	a, a
    000002ED CAr60r02         [16]  714 	jp	Z, _check_collision
                                    715 ;src/games/hoppy_bird/flappy.c:128: s->score++;
    000002F0 03               [ 8]  716 	inc	bc
    000002F1 03               [ 8]  717 	inc	bc
    000002F2 03               [ 8]  718 	inc	bc
    000002F3 0A               [ 8]  719 	ld	a, (bc)
    000002F4 3C               [ 4]  720 	inc	a
    000002F5 02               [ 8]  721 	ld	(bc), a
                                    722 ;src/games/hoppy_bird/flappy.c:129: draw_score(s->score);
    000002F6 CDrB4r00         [24]  723 	call	_draw_score
                                    724 ;src/games/hoppy_bird/flappy.c:131: return check_collision();
                                    725 ;src/games/hoppy_bird/flappy.c:132: }
    000002F9 C3r60r02         [16]  726 	jp	_check_collision
                                    727 	.area _CODE
                                    728 	.area _INITIALIZER
                                    729 	.area _CABS (ABS)
