                                      1 ;--------------------------------------------------------
                                      2 ; File Created by SDCC : free open source ISO C Compiler
                                      3 ; Version 4.5.1 #15267 (Linux)
                                      4 ;--------------------------------------------------------
                                      5 	.module end_game
                                      6 	
                                      7 ;--------------------------------------------------------
                                      8 ; Public variables in this module
                                      9 ;--------------------------------------------------------
                                     10 	.globl _game_over_screen
                                     11 	.globl _draw_text
                                     12 	.globl _menu_font_load
                                     13 	.globl _load_scores
                                     14 	.globl _save_score
                                     15 	.globl _init_menu
                                     16 	.globl _launch_selected_game
                                     17 	.globl _handle_menu_input
                                     18 	.globl _draw_menu
                                     19 	.globl _init_bkg
                                     20 	.globl _set_bkg_tiles
                                     21 	.globl _set_bkg_data
                                     22 	.globl _vsync
                                     23 	.globl _joypad
                                     24 	.globl _CheckerBoardTiles
                                     25 	.globl _run_hoppy_game
                                     26 	.globl _checkerboard_wipe_transition
                                     27 	.globl _clear_all_sprites
                                     28 ;--------------------------------------------------------
                                     29 ; special function registers
                                     30 ;--------------------------------------------------------
                                     31 	.area _HRAM
                                     32 ;--------------------------------------------------------
                                     33 ; ram data
                                     34 ;--------------------------------------------------------
                                     35 	.area _DATA
                                     36 ;--------------------------------------------------------
                                     37 ; ram data
                                     38 ;--------------------------------------------------------
                                     39 	.area _INITIALIZED
                                     40 ;--------------------------------------------------------
                                     41 ; absolute external ram data
                                     42 ;--------------------------------------------------------
                                     43 	.area _DABS (ABS)
                                     44 ;--------------------------------------------------------
                                     45 ; global & static initialisations
                                     46 ;--------------------------------------------------------
                                     47 	.area _HOME
                                     48 	.area _GSINIT
                                     49 	.area _GSFINAL
                                     50 	.area _GSINIT
                                     51 ;--------------------------------------------------------
                                     52 ; Home
                                     53 ;--------------------------------------------------------
                                     54 	.area _HOME
                                     55 	.area _HOME
                                     56 ;--------------------------------------------------------
                                     57 ; code
                                     58 ;--------------------------------------------------------
                                     59 	.area _CODE
                                     60 ;src/utils/end_game.c:15: static bool handle_keys_menu(void)
                                     61 ;	---------------------------------
                                     62 ; Function handle_keys_menu
                                     63 ; ---------------------------------
    00000000                         64 _handle_keys_menu:
                                     65 ;src/utils/end_game.c:19: while (joypad())
    00000000                         66 00101$:
    00000000 CDr00r00         [24]   67 	call	_joypad
    00000003 B7               [ 4]   68 	or	a, a
    00000004 28 05            [12]   69 	jr	Z, 00109$
                                     70 ;src/utils/end_game.c:20: vsync();
    00000006 CDr00r00         [24]   71 	call	_vsync
    00000009 18 F5            [12]   72 	jr	00101$
                                     73 ;src/utils/end_game.c:21: while (1) {
    0000000B                         74 00109$:
                                     75 ;src/utils/end_game.c:22: vsync();
    0000000B CDr00r00         [24]   76 	call	_vsync
                                     77 ;src/utils/end_game.c:23: keys = joypad();
    0000000E CDr00r00         [24]   78 	call	_joypad
                                     79 ;src/utils/end_game.c:24: if (keys & J_START)
    00000011 CB 7F            [ 8]   80 	bit	7, a
    00000013 28 03            [12]   81 	jr	Z, 00105$
                                     82 ;src/utils/end_game.c:25: return true;
    00000015 3E 01            [ 8]   83 	ld	a, #0x01
    00000017 C9               [16]   84 	ret
    00000018                         85 00105$:
                                     86 ;src/utils/end_game.c:26: if (keys & J_SELECT)
    00000018 CB 77            [ 8]   87 	bit	6, a
    0000001A 28 EF            [12]   88 	jr	Z, 00109$
                                     89 ;src/utils/end_game.c:27: return false;
    0000001C AF               [ 4]   90 	xor	a, a
                                     91 ;src/utils/end_game.c:29: }
    0000001D C9               [16]   92 	ret
    0000001E                         93 _EmptyTile:
    0000001E 00                      94 	.db #0x00	; 0
    0000001F 00                      95 	.db #0x00	; 0
    00000020 00                      96 	.db #0x00	; 0
    00000021 00                      97 	.db #0x00	; 0
    00000022 00                      98 	.db #0x00	; 0
    00000023 00                      99 	.db #0x00	; 0
    00000024 00                     100 	.db #0x00	; 0
    00000025 00                     101 	.db #0x00	; 0
    00000026 00                     102 	.db #0x00	; 0
    00000027 00                     103 	.db #0x00	; 0
    00000028 00                     104 	.db #0x00	; 0
    00000029 00                     105 	.db #0x00	; 0
    0000002A 00                     106 	.db #0x00	; 0
    0000002B 00                     107 	.db #0x00	; 0
    0000002C 00                     108 	.db #0x00	; 0
    0000002D 00                     109 	.db #0x00	; 0
    0000002E                        110 _CheckerBoardTiles:
    0000002E AA                     111 	.db #0xaa	; 170
    0000002F AA                     112 	.db #0xaa	; 170
    00000030 55                     113 	.db #0x55	; 85	'U'
    00000031 55                     114 	.db #0x55	; 85	'U'
    00000032 AA                     115 	.db #0xaa	; 170
    00000033 AA                     116 	.db #0xaa	; 170
    00000034 55                     117 	.db #0x55	; 85	'U'
    00000035 55                     118 	.db #0x55	; 85	'U'
    00000036 AA                     119 	.db #0xaa	; 170
    00000037 AA                     120 	.db #0xaa	; 170
    00000038 55                     121 	.db #0x55	; 85	'U'
    00000039 55                     122 	.db #0x55	; 85	'U'
    0000003A AA                     123 	.db #0xaa	; 170
    0000003B AA                     124 	.db #0xaa	; 170
    0000003C 55                     125 	.db #0x55	; 85	'U'
    0000003D 55                     126 	.db #0x55	; 85	'U'
                                    127 ;src/utils/end_game.c:31: static void print_game_score(uint8_t id)
                                    128 ;	---------------------------------
                                    129 ; Function print_game_score
                                    130 ; ---------------------------------
    0000003E                        131 _print_game_score:
                                    132 ;src/utils/end_game.c:33: if (id == GAME_SNAKE)
    0000003E B7               [ 4]  133 	or	a, a
    0000003F 20 0C            [12]  134 	jr	NZ, 00105$
                                    135 ;src/utils/end_game.c:34: draw_text(5, 2, "HOPPY SNAKE");
    00000041 11r68r00         [12]  136 	ld	de, #___str_0
    00000044 D5               [16]  137 	push	de
    00000045 1E 02            [ 8]  138 	ld	e, #0x02
    00000047 3E 05            [ 8]  139 	ld	a, #0x05
    00000049 CDr00r00         [24]  140 	call	_draw_text
    0000004C C9               [16]  141 	ret
    0000004D                        142 00105$:
                                    143 ;src/utils/end_game.c:35: else if (id == GAME_FLAPPY)
    0000004D 3D               [ 4]  144 	dec	a
    0000004E 20 0C            [12]  145 	jr	NZ, 00102$
                                    146 ;src/utils/end_game.c:36: draw_text(5, 2, "HOPPY BIRD");
    00000050 11r74r00         [12]  147 	ld	de, #___str_1
    00000053 D5               [16]  148 	push	de
    00000054 1E 02            [ 8]  149 	ld	e, #0x02
    00000056 3E 05            [ 8]  150 	ld	a, #0x05
    00000058 CDr00r00         [24]  151 	call	_draw_text
    0000005B C9               [16]  152 	ret
    0000005C                        153 00102$:
                                    154 ;src/utils/end_game.c:38: draw_text(6, 2, "HOPPY RUN");
    0000005C 11r7Fr00         [12]  155 	ld	de, #___str_2
    0000005F D5               [16]  156 	push	de
    00000060 1E 02            [ 8]  157 	ld	e, #0x02
    00000062 3E 06            [ 8]  158 	ld	a, #0x06
    00000064 CDr00r00         [24]  159 	call	_draw_text
                                    160 ;src/utils/end_game.c:39: }
    00000067 C9               [16]  161 	ret
    00000068                        162 ___str_0:
    00000068 48 4F 50 50 59 20 53   163 	.ascii "HOPPY SNAKE"
             4E 41 4B 45
    00000073 00                     164 	.db 0x00
    00000074                        165 ___str_1:
    00000074 48 4F 50 50 59 20 42   166 	.ascii "HOPPY BIRD"
             49 52 44
    0000007E 00                     167 	.db 0x00
    0000007F                        168 ___str_2:
    0000007F 48 4F 50 50 59 20 52   169 	.ascii "HOPPY RUN"
             55 4E
    00000088 00                     170 	.db 0x00
                                    171 ;src/utils/end_game.c:41: static void draw_current_score(uint8_t *scores, uint8_t selected)
                                    172 ;	---------------------------------
                                    173 ; Function draw_current_score
                                    174 ; ---------------------------------
    00000089                        175 _draw_current_score:
    00000089 E8 F8            [16]  176 	add	sp, #-8
    0000008B F8 05            [12]  177 	ldhl	sp,	#5
    0000008D 73               [ 8]  178 	ld	(hl), e
    0000008E 23               [ 8]  179 	inc	hl
    0000008F 72               [ 8]  180 	ld	(hl), d
    00000090 2B               [ 8]  181 	dec	hl
    00000091 2B               [ 8]  182 	dec	hl
    00000092 77               [ 8]  183 	ld	(hl), a
                                    184 ;src/utils/end_game.c:45: for (uint8_t i = 0; i < MAX_SCORES; i++) {
    00000093 F8 07            [12]  185 	ldhl	sp,	#7
    00000095 36 00            [12]  186 	ld	(hl), #0x00
    00000097                        187 00103$:
    00000097 F8 07            [12]  188 	ldhl	sp,	#7
    00000099 7E               [ 8]  189 	ld	a, (hl)
    0000009A D6 05            [ 8]  190 	sub	a, #0x05
    0000009C 30 68            [12]  191 	jr	NC, 00105$
                                    192 ;src/utils/end_game.c:46: str[0] = '0' + (scores[i] / 100);
    0000009E 2B               [ 8]  193 	dec	hl
    0000009F 2B               [ 8]  194 	dec	hl
    000000A0 2A               [ 8]  195 	ld	a, (hl+)
    000000A1 5F               [ 4]  196 	ld	e, a
    000000A2 2A               [ 8]  197 	ld	a, (hl+)
    000000A3 57               [ 4]  198 	ld	d, a
    000000A4 6E               [ 8]  199 	ld	l, (hl)
    000000A5 26 00            [ 8]  200 	ld	h, #0x00
    000000A7 19               [ 8]  201 	add	hl, de
    000000A8 4D               [ 4]  202 	ld	c, l
    000000A9 44               [ 4]  203 	ld	b, h
    000000AA 0A               [ 8]  204 	ld	a, (bc)
    000000AB C5               [16]  205 	push	bc
    000000AC 1E 64            [ 8]  206 	ld	e, #0x64
    000000AE CDr00r00         [24]  207 	call	__divuchar
    000000B1 79               [ 4]  208 	ld	a, c
    000000B2 C1               [12]  209 	pop	bc
    000000B3 C6 30            [ 8]  210 	add	a, #0x30
    000000B5 F8 00            [12]  211 	ldhl	sp,	#0
    000000B7 77               [ 8]  212 	ld	(hl), a
                                    213 ;src/utils/end_game.c:47: str[1] = '0' + (scores[i] / 10 % 10);
    000000B8 0A               [ 8]  214 	ld	a, (bc)
    000000B9 C5               [16]  215 	push	bc
    000000BA 1E 0A            [ 8]  216 	ld	e, #0x0a
    000000BC CDr00r00         [24]  217 	call	__divuchar
    000000BF 79               [ 4]  218 	ld	a, c
    000000C0 1E 0A            [ 8]  219 	ld	e, #0x0a
    000000C2 CDr00r00         [24]  220 	call	__moduchar
    000000C5 79               [ 4]  221 	ld	a, c
    000000C6 C1               [12]  222 	pop	bc
    000000C7 C6 30            [ 8]  223 	add	a, #0x30
    000000C9 F8 01            [12]  224 	ldhl	sp,	#1
    000000CB 77               [ 8]  225 	ld	(hl), a
                                    226 ;src/utils/end_game.c:48: str[2] = '0' + (scores[i] % 10);
    000000CC 0A               [ 8]  227 	ld	a, (bc)
    000000CD 1E 0A            [ 8]  228 	ld	e, #0x0a
    000000CF CDr00r00         [24]  229 	call	__moduchar
    000000D2 79               [ 4]  230 	ld	a, c
    000000D3 C6 30            [ 8]  231 	add	a, #0x30
    000000D5 F8 02            [12]  232 	ldhl	sp,	#2
                                    233 ;src/utils/end_game.c:49: str[3] = '\0';
    000000D7 22               [ 8]  234 	ld	(hl+), a
                                    235 ;src/utils/end_game.c:50: draw_text(6, 7 + i * 2, (i == selected) ? ">" : " ");
    000000D8 AF               [ 4]  236 	xor	a, a
    000000D9 22               [ 8]  237 	ld	(hl+), a
    000000DA 7E               [ 8]  238 	ld	a, (hl)
    000000DB F8 07            [12]  239 	ldhl	sp,	#7
    000000DD 96               [ 8]  240 	sub	a, (hl)
    000000DE 20 05            [12]  241 	jr	NZ, 00107$
    000000E0 01r09r01         [12]  242 	ld	bc, #___str_3
    000000E3 18 03            [12]  243 	jr	00108$
    000000E5                        244 00107$:
    000000E5 01r0Br01         [12]  245 	ld	bc, #___str_4
    000000E8                        246 00108$:
    000000E8 F8 07            [12]  247 	ldhl	sp,	#7
    000000EA 7E               [ 8]  248 	ld	a, (hl)
    000000EB 87               [ 4]  249 	add	a, a
    000000EC C6 07            [ 8]  250 	add	a, #0x07
    000000EE 5F               [ 4]  251 	ld	e, a
    000000EF D5               [16]  252 	push	de
    000000F0 C5               [16]  253 	push	bc
    000000F1 3E 06            [ 8]  254 	ld	a, #0x06
    000000F3 CDr00r00         [24]  255 	call	_draw_text
    000000F6 D1               [12]  256 	pop	de
                                    257 ;src/utils/end_game.c:51: draw_text(8, 7 + i * 2, str);
    000000F7 21 00 00         [12]  258 	ld	hl, #0
    000000FA 39               [ 8]  259 	add	hl, sp
    000000FB E5               [16]  260 	push	hl
    000000FC 3E 08            [ 8]  261 	ld	a, #0x08
    000000FE CDr00r00         [24]  262 	call	_draw_text
                                    263 ;src/utils/end_game.c:45: for (uint8_t i = 0; i < MAX_SCORES; i++) {
    00000101 F8 07            [12]  264 	ldhl	sp,	#7
    00000103 34               [12]  265 	inc	(hl)
    00000104 18 91            [12]  266 	jr	00103$
    00000106                        267 00105$:
                                    268 ;src/utils/end_game.c:53: }
    00000106 E8 08            [16]  269 	add	sp, #8
    00000108 C9               [16]  270 	ret
    00000109                        271 ___str_3:
    00000109 3E                     272 	.ascii ">"
    0000010A 00                     273 	.db 0x00
    0000010B                        274 ___str_4:
    0000010B 20                     275 	.ascii " "
    0000010C 00                     276 	.db 0x00
                                    277 ;src/utils/end_game.c:55: static bool draw_leaderboard(uint8_t id, uint8_t score)
                                    278 ;	---------------------------------
                                    279 ; Function draw_leaderboard
                                    280 ; ---------------------------------
    0000010D                        281 _draw_leaderboard:
    0000010D E8 F9            [16]  282 	add	sp, #-7
    0000010F 4F               [ 4]  283 	ld	c, a
    00000110 F8 06            [12]  284 	ldhl	sp,	#6
                                    285 ;src/utils/end_game.c:58: uint8_t selected = MAX_SCORES;
    00000112 7B               [ 4]  286 	ld	a, e
    00000113 32               [ 8]  287 	ld	(hl-), a
    00000114 36 05            [12]  288 	ld	(hl), #0x05
                                    289 ;src/utils/end_game.c:60: init_bkg(0);
    00000116 AF               [ 4]  290 	xor	a, a
    00000117 F5               [16]  291 	push	af
    00000118 33               [ 8]  292 	inc	sp
    00000119 CDr00r00         [24]  293 	call	_init_bkg
    0000011C 33               [ 8]  294 	inc	sp
                                    295 ;src/utils/end_game.c:61: load_scores(id, scores);
    0000011D C5               [16]  296 	push	bc
    0000011E 21 02 00         [12]  297 	ld	hl, #2
    00000121 39               [ 8]  298 	add	hl, sp
    00000122 5D               [ 4]  299 	ld	e, l
    00000123 54               [ 4]  300 	ld	d, h
    00000124 79               [ 4]  301 	ld	a, c
    00000125 CDr00r00         [24]  302 	call	_load_scores
    00000128 C1               [12]  303 	pop	bc
                                    304 ;src/utils/end_game.c:62: print_game_score(id);
    00000129 79               [ 4]  305 	ld	a, c
    0000012A CDr3Er00         [24]  306 	call	_print_game_score
                                    307 ;src/utils/end_game.c:63: draw_text(5, 4, "BEST SCORES");
    0000012D 11r69r01         [12]  308 	ld	de, #___str_5
    00000130 D5               [16]  309 	push	de
    00000131 1E 04            [ 8]  310 	ld	e, #0x04
    00000133 3E 05            [ 8]  311 	ld	a, #0x05
    00000135 CDr00r00         [24]  312 	call	_draw_text
                                    313 ;src/utils/end_game.c:64: for (int8_t i = MAX_SCORES - 1; i >= 0; i--) {
    00000138 01 04 04         [12]  314 	ld	bc, #0x404
    0000013B                        315 00105$:
    0000013B CB 78            [ 8]  316 	bit	7, b
    0000013D 20 18            [12]  317 	jr	NZ, 00103$
                                    318 ;src/utils/end_game.c:65: if (scores[i] == score) {
    0000013F 58               [ 4]  319 	ld	e, b
    00000140 16 00            [ 8]  320 	ld	d, #0x00
    00000142 21 00 00         [12]  321 	ld	hl, #0
    00000145 39               [ 8]  322 	add	hl, sp
    00000146 19               [ 8]  323 	add	hl, de
    00000147 5E               [ 8]  324 	ld	e, (hl)
    00000148 F8 06            [12]  325 	ldhl	sp,	#6
    0000014A 7E               [ 8]  326 	ld	a, (hl)
    0000014B 93               [ 4]  327 	sub	a, e
    0000014C 20 05            [12]  328 	jr	NZ, 00106$
                                    329 ;src/utils/end_game.c:66: selected = i;
    0000014E F8 05            [12]  330 	ldhl	sp,	#5
    00000150 71               [ 8]  331 	ld	(hl), c
                                    332 ;src/utils/end_game.c:67: break;
    00000151 18 04            [12]  333 	jr	00103$
    00000153                        334 00106$:
                                    335 ;src/utils/end_game.c:64: for (int8_t i = MAX_SCORES - 1; i >= 0; i--) {
    00000153 05               [ 4]  336 	dec	b
    00000154 48               [ 4]  337 	ld	c, b
    00000155 18 E4            [12]  338 	jr	00105$
    00000157                        339 00103$:
                                    340 ;src/utils/end_game.c:70: draw_current_score(scores, selected);
    00000157 F8 05            [12]  341 	ldhl	sp,	#5
    00000159 7E               [ 8]  342 	ld	a, (hl)
    0000015A 21 00 00         [12]  343 	ld	hl, #0
    0000015D 39               [ 8]  344 	add	hl, sp
    0000015E 5D               [ 4]  345 	ld	e, l
    0000015F 54               [ 4]  346 	ld	d, h
    00000160 CDr89r00         [24]  347 	call	_draw_current_score
                                    348 ;src/utils/end_game.c:71: return handle_keys_menu();
    00000163 CDr00r00         [24]  349 	call	_handle_keys_menu
                                    350 ;src/utils/end_game.c:72: }
    00000166 E8 07            [16]  351 	add	sp, #7
    00000168 C9               [16]  352 	ret
    00000169                        353 ___str_5:
    00000169 42 45 53 54 20 53 43   354 	.ascii "BEST SCORES"
             4F 52 45 53
    00000174 00                     355 	.db 0x00
                                    356 ;src/utils/end_game.c:74: bool game_over_screen(uint8_t id, uint8_t score)
                                    357 ;	---------------------------------
                                    358 ; Function game_over_screen
                                    359 ; ---------------------------------
    00000175                        360 _game_over_screen::
    00000175 4F               [ 4]  361 	ld	c, a
    00000176 43               [ 4]  362 	ld	b, e
                                    363 ;src/utils/end_game.c:78: save_score(id, score);
    00000177 C5               [16]  364 	push	bc
    00000178 58               [ 4]  365 	ld	e, b
    00000179 79               [ 4]  366 	ld	a, c
    0000017A CDr00r00         [24]  367 	call	_save_score
    0000017D C1               [12]  368 	pop	bc
                                    369 ;src/utils/end_game.c:79: SCX_REG = 0;
    0000017E AF               [ 4]  370 	xor	a, a
    0000017F E0r00            [12]  371 	ldh	(_SCX_REG + 0), a
                                    372 ;src/utils/end_game.c:80: HIDE_SPRITES;
    00000181 F0r00            [12]  373 	ldh	a, (_LCDC_REG + 0)
    00000183 E6 FD            [ 8]  374 	and	a, #0xfd
    00000185 E0r00            [12]  375 	ldh	(_LCDC_REG + 0), a
                                    376 ;src/utils/end_game.c:81: menu_font_load();
    00000187 C5               [16]  377 	push	bc
    00000188 CDr00r00         [24]  378 	call	_menu_font_load
    0000018B C1               [12]  379 	pop	bc
                                    380 ;src/utils/end_game.c:82: init_bkg(0);
    0000018C AF               [ 4]  381 	xor	a, a
    0000018D F5               [16]  382 	push	af
    0000018E 33               [ 8]  383 	inc	sp
    0000018F CDr00r00         [24]  384 	call	_init_bkg
    00000192 33               [ 8]  385 	inc	sp
                                    386 ;src/utils/end_game.c:83: draw_text(5, 7, "GAME OVER");
    00000193 C5               [16]  387 	push	bc
    00000194 11rC1r01         [12]  388 	ld	de, #___str_6
    00000197 D5               [16]  389 	push	de
    00000198 1E 07            [ 8]  390 	ld	e, #0x07
    0000019A 3E 05            [ 8]  391 	ld	a, #0x05
    0000019C CDr00r00         [24]  392 	call	_draw_text
                                    393 ;src/utils/end_game.c:84: draw_text(4, 9, "PRESS START");
    0000019F 11rCBr01         [12]  394 	ld	de, #___str_7
    000001A2 D5               [16]  395 	push	de
    000001A3 1E 09            [ 8]  396 	ld	e, #0x09
    000001A5 3E 04            [ 8]  397 	ld	a, #0x04
    000001A7 CDr00r00         [24]  398 	call	_draw_text
    000001AA C1               [12]  399 	pop	bc
                                    400 ;src/utils/end_game.c:85: while (1) {
    000001AB                        401 00106$:
                                    402 ;src/utils/end_game.c:86: vsync();
    000001AB CDr00r00         [24]  403 	call	_vsync
                                    404 ;src/utils/end_game.c:87: keys = joypad();
    000001AE CDr00r00         [24]  405 	call	_joypad
                                    406 ;src/utils/end_game.c:88: if (keys & J_START)
    000001B1 CB 7F            [ 8]  407 	bit	7, a
    000001B3 28 03            [12]  408 	jr	Z, 00102$
                                    409 ;src/utils/end_game.c:89: return true;
    000001B5 3E 01            [ 8]  410 	ld	a, #0x01
    000001B7 C9               [16]  411 	ret
    000001B8                        412 00102$:
                                    413 ;src/utils/end_game.c:90: if (keys & J_SELECT)
    000001B8 CB 77            [ 8]  414 	bit	6, a
    000001BA 28 EF            [12]  415 	jr	Z, 00106$
                                    416 ;src/utils/end_game.c:91: return draw_leaderboard(id, score);
    000001BC 58               [ 4]  417 	ld	e, b
    000001BD 79               [ 4]  418 	ld	a, c
                                    419 ;src/utils/end_game.c:93: }
    000001BE C3r0Dr01         [16]  420 	jp	_draw_leaderboard
    000001C1                        421 ___str_6:
    000001C1 47 41 4D 45 20 4F 56   422 	.ascii "GAME OVER"
             45 52
    000001CA 00                     423 	.db 0x00
    000001CB                        424 ___str_7:
    000001CB 50 52 45 53 53 20 53   425 	.ascii "PRESS START"
             54 41 52 54
    000001D6 00                     426 	.db 0x00
                                    427 ;src/utils/end_game.c:95: static void show_menu(uint8_t selected)
                                    428 ;	---------------------------------
                                    429 ; Function show_menu
                                    430 ; ---------------------------------
    000001D7                        431 _show_menu:
    000001D7 4F               [ 4]  432 	ld	c, a
                                    433 ;src/utils/end_game.c:97: menu_font_load();
    000001D8 C5               [16]  434 	push	bc
    000001D9 CDr00r00         [24]  435 	call	_menu_font_load
    000001DC C1               [12]  436 	pop	bc
                                    437 ;src/utils/end_game.c:98: SHOW_BKG;
    000001DD F0r00            [12]  438 	ldh	a, (_LCDC_REG + 0)
    000001DF F6 01            [ 8]  439 	or	a, #0x01
    000001E1 E0r00            [12]  440 	ldh	(_LCDC_REG + 0), a
                                    441 ;src/utils/end_game.c:99: SCX_REG = 0;
    000001E3 AF               [ 4]  442 	xor	a, a
    000001E4 E0r00            [12]  443 	ldh	(_SCX_REG + 0), a
                                    444 ;src/utils/end_game.c:100: draw_menu(selected);
    000001E6 79               [ 4]  445 	ld	a, c
                                    446 ;src/utils/end_game.c:101: }
    000001E7 C3r00r00         [16]  447 	jp	_draw_menu
                                    448 ;src/utils/end_game.c:103: void run_hoppy_game(void)
                                    449 ;	---------------------------------
                                    450 ; Function run_hoppy_game
                                    451 ; ---------------------------------
    000001EA                        452 _run_hoppy_game::
    000001EA E8 FC            [16]  453 	add	sp, #-4
                                    454 ;src/utils/end_game.c:105: uint8_t selected = 0;
    000001EC F8 00            [12]  455 	ldhl	sp,	#0
    000001EE 36 00            [12]  456 	ld	(hl), #0x00
                                    457 ;src/utils/end_game.c:106: uint8_t prev_keys = 0xFF;
    000001F0 F8 03            [12]  458 	ldhl	sp,	#3
    000001F2 36 FF            [12]  459 	ld	(hl), #0xff
                                    460 ;src/utils/end_game.c:109: init_menu(selected);
    000001F4 AF               [ 4]  461 	xor	a, a
    000001F5 CDr00r00         [24]  462 	call	_init_menu
                                    463 ;src/utils/end_game.c:110: while (1) {
    000001F8                        464 00104$:
                                    465 ;src/utils/end_game.c:111: vsync();
    000001F8 CDr00r00         [24]  466 	call	_vsync
                                    467 ;src/utils/end_game.c:112: keys = joypad();
    000001FB CDr00r00         [24]  468 	call	_joypad
    000001FE F8 01            [12]  469 	ldhl	sp,	#1
    00000200 77               [ 8]  470 	ld	(hl), a
                                    471 ;src/utils/end_game.c:113: handle_menu_input(&selected, keys, prev_keys);
    00000201 F8 00            [12]  472 	ldhl	sp,	#0
    00000203 5D               [ 4]  473 	ld	e, l
    00000204 54               [ 4]  474 	ld	d, h
    00000205 F8 03            [12]  475 	ldhl	sp,	#3
    00000207 3A               [ 8]  476 	ld	a, (hl-)
    00000208 2B               [ 8]  477 	dec	hl
    00000209 F5               [16]  478 	push	af
    0000020A 33               [ 8]  479 	inc	sp
    0000020B 7E               [ 8]  480 	ld	a, (hl)
    0000020C CDr00r00         [24]  481 	call	_handle_menu_input
                                    482 ;src/utils/end_game.c:114: if ((keys & ~prev_keys) & J_A) {
    0000020F F8 03            [12]  483 	ldhl	sp,	#3
    00000211 3A               [ 8]  484 	ld	a, (hl-)
    00000212 2B               [ 8]  485 	dec	hl
    00000213 06 00            [ 8]  486 	ld	b, #0x00
    00000215 2F               [ 4]  487 	cpl
    00000216 4F               [ 4]  488 	ld	c, a
    00000217 78               [ 4]  489 	ld	a, b
    00000218 2F               [ 4]  490 	cpl
    00000219 2A               [ 8]  491 	ld	a, (hl+)
    0000021A 22               [ 8]  492 	ld	(hl+), a
    0000021B AF               [ 4]  493 	xor	a, a
    0000021C 32               [ 8]  494 	ld	(hl-), a
    0000021D 7E               [ 8]  495 	ld	a, (hl)
    0000021E A1               [ 4]  496 	and	a, c
    0000021F CB 67            [ 8]  497 	bit	4, a
    00000221 28 0C            [12]  498 	jr	Z, 00102$
                                    499 ;src/utils/end_game.c:115: launch_selected_game(selected);
    00000223 F8 00            [12]  500 	ldhl	sp,	#0
    00000225 7E               [ 8]  501 	ld	a, (hl)
    00000226 CDr00r00         [24]  502 	call	_launch_selected_game
                                    503 ;src/utils/end_game.c:116: show_menu(selected);
    00000229 F8 00            [12]  504 	ldhl	sp,	#0
    0000022B 7E               [ 8]  505 	ld	a, (hl)
    0000022C CDrD7r01         [24]  506 	call	_show_menu
    0000022F                        507 00102$:
                                    508 ;src/utils/end_game.c:118: prev_keys = keys;
    0000022F F8 01            [12]  509 	ldhl	sp,	#1
    00000231 2A               [ 8]  510 	ld	a, (hl+)
    00000232 23               [ 8]  511 	inc	hl
    00000233 77               [ 8]  512 	ld	(hl), a
    00000234 18 C2            [12]  513 	jr	00104$
                                    514 ;src/utils/end_game.c:120: }
    00000236 E8 04            [16]  515 	add	sp, #4
    00000238 C9               [16]  516 	ret
                                    517 ;src/utils/end_game.c:122: void checkerboard_wipe_transition(void)
                                    518 ;	---------------------------------
                                    519 ; Function checkerboard_wipe_transition
                                    520 ; ---------------------------------
    00000239                        521 _checkerboard_wipe_transition::
    00000239 3B               [ 8]  522 	dec	sp
                                    523 ;src/utils/end_game.c:124: uint8_t checker_tile = 3;
    0000023A F8 00            [12]  524 	ldhl	sp,	#0
    0000023C 36 03            [12]  525 	ld	(hl), #0x03
                                    526 ;src/utils/end_game.c:126: set_bkg_data(3, 1, CheckerBoardTiles);
    0000023E 11r2Er00         [12]  527 	ld	de, #_CheckerBoardTiles
    00000241 D5               [16]  528 	push	de
    00000242 21 03 01         [12]  529 	ld	hl, #0x103
    00000245 E5               [16]  530 	push	hl
    00000246 CDr00r00         [24]  531 	call	_set_bkg_data
    00000249 E8 04            [16]  532 	add	sp, #4
                                    533 ;src/utils/end_game.c:127: for (uint8_t x = 0; x < 20; x++) {
    0000024B 06 00            [ 8]  534 	ld	b, #0x00
    0000024D                        535 00107$:
    0000024D 78               [ 4]  536 	ld	a, b
    0000024E D6 14            [ 8]  537 	sub	a, #0x14
    00000250 30 21            [12]  538 	jr	NC, 00109$
                                    539 ;src/utils/end_game.c:128: for (uint8_t y = 0; y < 20; y++)
    00000252 0E 00            [ 8]  540 	ld	c, #0x00
    00000254                        541 00104$:
    00000254 79               [ 4]  542 	ld	a, c
    00000255 D6 14            [ 8]  543 	sub	a, #0x14
    00000257 30 14            [12]  544 	jr	NC, 00101$
                                    545 ;src/utils/end_game.c:129: set_bkg_tiles(x, y, 1, 1, &checker_tile);
    00000259 F8 00            [12]  546 	ldhl	sp,	#0
    0000025B E5               [16]  547 	push	hl
    0000025C 21 01 01         [12]  548 	ld	hl, #0x101
    0000025F E5               [16]  549 	push	hl
    00000260 79               [ 4]  550 	ld	a, c
    00000261 F5               [16]  551 	push	af
    00000262 33               [ 8]  552 	inc	sp
    00000263 C5               [16]  553 	push	bc
    00000264 33               [ 8]  554 	inc	sp
    00000265 CDr00r00         [24]  555 	call	_set_bkg_tiles
    00000268 E8 06            [16]  556 	add	sp, #6
                                    557 ;src/utils/end_game.c:128: for (uint8_t y = 0; y < 20; y++)
    0000026A 0C               [ 4]  558 	inc	c
    0000026B 18 E7            [12]  559 	jr	00104$
    0000026D                        560 00101$:
                                    561 ;src/utils/end_game.c:130: vsync();
    0000026D CDr00r00         [24]  562 	call	_vsync
                                    563 ;src/utils/end_game.c:127: for (uint8_t x = 0; x < 20; x++) {
    00000270 04               [ 4]  564 	inc	b
    00000271 18 DA            [12]  565 	jr	00107$
    00000273                        566 00109$:
                                    567 ;src/utils/end_game.c:132: }
    00000273 33               [ 8]  568 	inc	sp
    00000274 C9               [16]  569 	ret
                                    570 ;src/utils/end_game.c:134: void clear_all_sprites(void)
                                    571 ;	---------------------------------
                                    572 ; Function clear_all_sprites
                                    573 ; ---------------------------------
    00000275                        574 _clear_all_sprites::
                                    575 ;src/utils/end_game.c:136: for (uint8_t i = 0; i < 40; i++) {
    00000275 0E 00            [ 8]  576 	ld	c, #0x00
    00000277                        577 00105$:
    00000277 79               [ 4]  578 	ld	a, c
    00000278 D6 28            [ 8]  579 	sub	a, #0x28
    0000027A 30 1A            [12]  580 	jr	NC, 00101$
                                    581 ;/opt/gbdk/include/gb/gb.h:1973: OAM_item_t * itm = &shadow_OAM[nb];
    0000027C 69               [ 4]  582 	ld	l, c
    0000027D 26 00            [ 8]  583 	ld	h, #0x00
    0000027F 29               [ 8]  584 	add	hl, hl
    00000280 29               [ 8]  585 	add	hl, hl
    00000281 5D               [ 4]  586 	ld	e, l
    00000282 54               [ 4]  587 	ld	d, h
    00000283 21r00r00         [12]  588 	ld	hl, #_shadow_OAM
    00000286 19               [ 8]  589 	add	hl, de
                                    590 ;/opt/gbdk/include/gb/gb.h:1974: itm->y=y, itm->x=x;
    00000287 3E 90            [ 8]  591 	ld	a, #0x90
    00000289 22               [ 8]  592 	ld	(hl+), a
    0000028A 36 00            [12]  593 	ld	(hl), #0x00
                                    594 ;/opt/gbdk/include/gb/gb.h:1887: shadow_OAM[nb].tile=tile;
    0000028C 21r01r00         [12]  595 	ld	hl,#_shadow_OAM + 1
    0000028F 19               [ 8]  596 	add	hl,de
    00000290 23               [ 8]  597 	inc	hl
    00000291 36 00            [12]  598 	ld	(hl), #0x00
                                    599 ;src/utils/end_game.c:136: for (uint8_t i = 0; i < 40; i++) {
    00000293 0C               [ 4]  600 	inc	c
    00000294 18 E1            [12]  601 	jr	00105$
    00000296                        602 00101$:
                                    603 ;src/utils/end_game.c:140: HIDE_SPRITES;
    00000296 F0r00            [12]  604 	ldh	a, (_LCDC_REG + 0)
    00000298 E6 FD            [ 8]  605 	and	a, #0xfd
    0000029A E0r00            [12]  606 	ldh	(_LCDC_REG + 0), a
                                    607 ;src/utils/end_game.c:141: }
    0000029C C9               [16]  608 	ret
                                    609 	.area _CODE
                                    610 	.area _INITIALIZER
                                    611 	.area _CABS (ABS)
