                                      1 ;--------------------------------------------------------
                                      2 ; File Created by SDCC : free open source ISO C Compiler
                                      3 ; Version 4.5.1 #15267 (Linux)
                                      4 ;--------------------------------------------------------
                                      5 	.module font_utils
                                      6 	
                                      7 ;--------------------------------------------------------
                                      8 ; Public variables in this module
                                      9 ;--------------------------------------------------------
                                     10 	.globl _get_specific_tiles
                                     11 	.globl _set_bkg_data
                                     12 	.globl _get_bkg_xy_addr
                                     13 	.globl _set_vram_byte
                                     14 	.globl _FontTiles
                                     15 	.globl _menu_font_load
                                     16 	.globl _get_char_tile
                                     17 	.globl _draw_text
                                     18 ;--------------------------------------------------------
                                     19 ; special function registers
                                     20 ;--------------------------------------------------------
                                     21 	.area _HRAM
                                     22 ;--------------------------------------------------------
                                     23 ; ram data
                                     24 ;--------------------------------------------------------
                                     25 	.area _DATA
                                     26 ;--------------------------------------------------------
                                     27 ; ram data
                                     28 ;--------------------------------------------------------
                                     29 	.area _INITIALIZED
                                     30 ;--------------------------------------------------------
                                     31 ; absolute external ram data
                                     32 ;--------------------------------------------------------
                                     33 	.area _DABS (ABS)
                                     34 ;--------------------------------------------------------
                                     35 ; global & static initialisations
                                     36 ;--------------------------------------------------------
                                     37 	.area _HOME
                                     38 	.area _GSINIT
                                     39 	.area _GSFINAL
                                     40 	.area _GSINIT
                                     41 ;--------------------------------------------------------
                                     42 ; Home
                                     43 ;--------------------------------------------------------
                                     44 	.area _HOME
                                     45 	.area _HOME
                                     46 ;--------------------------------------------------------
                                     47 ; code
                                     48 ;--------------------------------------------------------
                                     49 	.area _CODE
                                     50 ;src/utils/font_utils.c:13: void menu_font_load(void)
                                     51 ;	---------------------------------
                                     52 ; Function menu_font_load
                                     53 ; ---------------------------------
    00000000                         54 _menu_font_load::
                                     55 ;src/utils/font_utils.c:15: set_bkg_data(FONT_TILE_OFFSET, FONT_TILE_COUNT, FontTiles);
    00000000 11r0Er00         [12]   56 	ld	de, #_FontTiles
    00000003 D5               [16]   57 	push	de
    00000004 21 80 2A         [12]   58 	ld	hl, #0x2a80
    00000007 E5               [16]   59 	push	hl
    00000008 CDr00r00         [24]   60 	call	_set_bkg_data
    0000000B E8 04            [16]   61 	add	sp, #4
                                     62 ;src/utils/font_utils.c:16: }
    0000000D C9               [16]   63 	ret
    0000000E                         64 _FontTiles:
    0000000E 00                      65 	.db #0x00	; 0
    0000000F 00                      66 	.db #0x00	; 0
    00000010 00                      67 	.db #0x00	; 0
    00000011 00                      68 	.db #0x00	; 0
    00000012 00                      69 	.db #0x00	; 0
    00000013 00                      70 	.db #0x00	; 0
    00000014 00                      71 	.db #0x00	; 0
    00000015 00                      72 	.db #0x00	; 0
    00000016 00                      73 	.db #0x00	; 0
    00000017 00                      74 	.db #0x00	; 0
    00000018 00                      75 	.db #0x00	; 0
    00000019 00                      76 	.db #0x00	; 0
    0000001A 00                      77 	.db #0x00	; 0
    0000001B 00                      78 	.db #0x00	; 0
    0000001C 00                      79 	.db #0x00	; 0
    0000001D 00                      80 	.db #0x00	; 0
    0000001E 7C                      81 	.db #0x7c	; 124
    0000001F 7C                      82 	.db #0x7c	; 124
    00000020 FE                      83 	.db #0xfe	; 254
    00000021 FE                      84 	.db #0xfe	; 254
    00000022 C6                      85 	.db #0xc6	; 198
    00000023 C6                      86 	.db #0xc6	; 198
    00000024 C6                      87 	.db #0xc6	; 198
    00000025 C6                      88 	.db #0xc6	; 198
    00000026 FE                      89 	.db #0xfe	; 254
    00000027 FE                      90 	.db #0xfe	; 254
    00000028 FE                      91 	.db #0xfe	; 254
    00000029 FE                      92 	.db #0xfe	; 254
    0000002A C6                      93 	.db #0xc6	; 198
    0000002B C6                      94 	.db #0xc6	; 198
    0000002C C6                      95 	.db #0xc6	; 198
    0000002D C6                      96 	.db #0xc6	; 198
    0000002E F8                      97 	.db #0xf8	; 248
    0000002F F8                      98 	.db #0xf8	; 248
    00000030 FC                      99 	.db #0xfc	; 252
    00000031 FC                     100 	.db #0xfc	; 252
    00000032 CC                     101 	.db #0xcc	; 204
    00000033 CC                     102 	.db #0xcc	; 204
    00000034 FC                     103 	.db #0xfc	; 252
    00000035 FC                     104 	.db #0xfc	; 252
    00000036 FE                     105 	.db #0xfe	; 254
    00000037 FE                     106 	.db #0xfe	; 254
    00000038 C6                     107 	.db #0xc6	; 198
    00000039 C6                     108 	.db #0xc6	; 198
    0000003A FE                     109 	.db #0xfe	; 254
    0000003B FE                     110 	.db #0xfe	; 254
    0000003C FC                     111 	.db #0xfc	; 252
    0000003D FC                     112 	.db #0xfc	; 252
    0000003E 3C                     113 	.db #0x3c	; 60
    0000003F 3C                     114 	.db #0x3c	; 60
    00000040 7E                     115 	.db #0x7e	; 126
    00000041 7E                     116 	.db #0x7e	; 126
    00000042 E6                     117 	.db #0xe6	; 230
    00000043 E6                     118 	.db #0xe6	; 230
    00000044 C0                     119 	.db #0xc0	; 192
    00000045 C0                     120 	.db #0xc0	; 192
    00000046 C0                     121 	.db #0xc0	; 192
    00000047 C0                     122 	.db #0xc0	; 192
    00000048 E6                     123 	.db #0xe6	; 230
    00000049 E6                     124 	.db #0xe6	; 230
    0000004A 7E                     125 	.db #0x7e	; 126
    0000004B 7E                     126 	.db #0x7e	; 126
    0000004C 3C                     127 	.db #0x3c	; 60
    0000004D 3C                     128 	.db #0x3c	; 60
    0000004E F8                     129 	.db #0xf8	; 248
    0000004F F8                     130 	.db #0xf8	; 248
    00000050 FC                     131 	.db #0xfc	; 252
    00000051 FC                     132 	.db #0xfc	; 252
    00000052 CE                     133 	.db #0xce	; 206
    00000053 CE                     134 	.db #0xce	; 206
    00000054 C6                     135 	.db #0xc6	; 198
    00000055 C6                     136 	.db #0xc6	; 198
    00000056 C6                     137 	.db #0xc6	; 198
    00000057 C6                     138 	.db #0xc6	; 198
    00000058 CE                     139 	.db #0xce	; 206
    00000059 CE                     140 	.db #0xce	; 206
    0000005A FC                     141 	.db #0xfc	; 252
    0000005B FC                     142 	.db #0xfc	; 252
    0000005C F8                     143 	.db #0xf8	; 248
    0000005D F8                     144 	.db #0xf8	; 248
    0000005E FE                     145 	.db #0xfe	; 254
    0000005F FE                     146 	.db #0xfe	; 254
    00000060 FE                     147 	.db #0xfe	; 254
    00000061 FE                     148 	.db #0xfe	; 254
    00000062 C0                     149 	.db #0xc0	; 192
    00000063 C0                     150 	.db #0xc0	; 192
    00000064 FC                     151 	.db #0xfc	; 252
    00000065 FC                     152 	.db #0xfc	; 252
    00000066 FC                     153 	.db #0xfc	; 252
    00000067 FC                     154 	.db #0xfc	; 252
    00000068 C0                     155 	.db #0xc0	; 192
    00000069 C0                     156 	.db #0xc0	; 192
    0000006A FE                     157 	.db #0xfe	; 254
    0000006B FE                     158 	.db #0xfe	; 254
    0000006C FE                     159 	.db #0xfe	; 254
    0000006D FE                     160 	.db #0xfe	; 254
    0000006E FE                     161 	.db #0xfe	; 254
    0000006F FE                     162 	.db #0xfe	; 254
    00000070 FE                     163 	.db #0xfe	; 254
    00000071 FE                     164 	.db #0xfe	; 254
    00000072 C0                     165 	.db #0xc0	; 192
    00000073 C0                     166 	.db #0xc0	; 192
    00000074 FC                     167 	.db #0xfc	; 252
    00000075 FC                     168 	.db #0xfc	; 252
    00000076 FC                     169 	.db #0xfc	; 252
    00000077 FC                     170 	.db #0xfc	; 252
    00000078 C0                     171 	.db #0xc0	; 192
    00000079 C0                     172 	.db #0xc0	; 192
    0000007A C0                     173 	.db #0xc0	; 192
    0000007B C0                     174 	.db #0xc0	; 192
    0000007C C0                     175 	.db #0xc0	; 192
    0000007D C0                     176 	.db #0xc0	; 192
    0000007E 3E                     177 	.db #0x3e	; 62
    0000007F 3E                     178 	.db #0x3e	; 62
    00000080 7E                     179 	.db #0x7e	; 126
    00000081 7E                     180 	.db #0x7e	; 126
    00000082 E0                     181 	.db #0xe0	; 224
    00000083 E0                     182 	.db #0xe0	; 224
    00000084 C0                     183 	.db #0xc0	; 192
    00000085 C0                     184 	.db #0xc0	; 192
    00000086 C6                     185 	.db #0xc6	; 198
    00000087 C6                     186 	.db #0xc6	; 198
    00000088 E6                     187 	.db #0xe6	; 230
    00000089 E6                     188 	.db #0xe6	; 230
    0000008A 7E                     189 	.db #0x7e	; 126
    0000008B 7E                     190 	.db #0x7e	; 126
    0000008C 3E                     191 	.db #0x3e	; 62
    0000008D 3E                     192 	.db #0x3e	; 62
    0000008E C6                     193 	.db #0xc6	; 198
    0000008F C6                     194 	.db #0xc6	; 198
    00000090 C6                     195 	.db #0xc6	; 198
    00000091 C6                     196 	.db #0xc6	; 198
    00000092 C6                     197 	.db #0xc6	; 198
    00000093 C6                     198 	.db #0xc6	; 198
    00000094 FE                     199 	.db #0xfe	; 254
    00000095 FE                     200 	.db #0xfe	; 254
    00000096 FE                     201 	.db #0xfe	; 254
    00000097 FE                     202 	.db #0xfe	; 254
    00000098 C6                     203 	.db #0xc6	; 198
    00000099 C6                     204 	.db #0xc6	; 198
    0000009A C6                     205 	.db #0xc6	; 198
    0000009B C6                     206 	.db #0xc6	; 198
    0000009C C6                     207 	.db #0xc6	; 198
    0000009D C6                     208 	.db #0xc6	; 198
    0000009E 18                     209 	.db #0x18	; 24
    0000009F 18                     210 	.db #0x18	; 24
    000000A0 18                     211 	.db #0x18	; 24
    000000A1 18                     212 	.db #0x18	; 24
    000000A2 18                     213 	.db #0x18	; 24
    000000A3 18                     214 	.db #0x18	; 24
    000000A4 18                     215 	.db #0x18	; 24
    000000A5 18                     216 	.db #0x18	; 24
    000000A6 18                     217 	.db #0x18	; 24
    000000A7 18                     218 	.db #0x18	; 24
    000000A8 18                     219 	.db #0x18	; 24
    000000A9 18                     220 	.db #0x18	; 24
    000000AA 18                     221 	.db #0x18	; 24
    000000AB 18                     222 	.db #0x18	; 24
    000000AC 18                     223 	.db #0x18	; 24
    000000AD 18                     224 	.db #0x18	; 24
    000000AE 0C                     225 	.db #0x0c	; 12
    000000AF 0C                     226 	.db #0x0c	; 12
    000000B0 0C                     227 	.db #0x0c	; 12
    000000B1 0C                     228 	.db #0x0c	; 12
    000000B2 0C                     229 	.db #0x0c	; 12
    000000B3 0C                     230 	.db #0x0c	; 12
    000000B4 0C                     231 	.db #0x0c	; 12
    000000B5 0C                     232 	.db #0x0c	; 12
    000000B6 0C                     233 	.db #0x0c	; 12
    000000B7 0C                     234 	.db #0x0c	; 12
    000000B8 0C                     235 	.db #0x0c	; 12
    000000B9 0C                     236 	.db #0x0c	; 12
    000000BA 3C                     237 	.db #0x3c	; 60
    000000BB 3C                     238 	.db #0x3c	; 60
    000000BC 3C                     239 	.db #0x3c	; 60
    000000BD 3C                     240 	.db #0x3c	; 60
    000000BE C6                     241 	.db #0xc6	; 198
    000000BF C6                     242 	.db #0xc6	; 198
    000000C0 CE                     243 	.db #0xce	; 206
    000000C1 CE                     244 	.db #0xce	; 206
    000000C2 DC                     245 	.db #0xdc	; 220
    000000C3 DC                     246 	.db #0xdc	; 220
    000000C4 F8                     247 	.db #0xf8	; 248
    000000C5 F8                     248 	.db #0xf8	; 248
    000000C6 F8                     249 	.db #0xf8	; 248
    000000C7 F8                     250 	.db #0xf8	; 248
    000000C8 DC                     251 	.db #0xdc	; 220
    000000C9 DC                     252 	.db #0xdc	; 220
    000000CA CE                     253 	.db #0xce	; 206
    000000CB CE                     254 	.db #0xce	; 206
    000000CC C6                     255 	.db #0xc6	; 198
    000000CD C6                     256 	.db #0xc6	; 198
    000000CE C0                     257 	.db #0xc0	; 192
    000000CF C0                     258 	.db #0xc0	; 192
    000000D0 C0                     259 	.db #0xc0	; 192
    000000D1 C0                     260 	.db #0xc0	; 192
    000000D2 C0                     261 	.db #0xc0	; 192
    000000D3 C0                     262 	.db #0xc0	; 192
    000000D4 C0                     263 	.db #0xc0	; 192
    000000D5 C0                     264 	.db #0xc0	; 192
    000000D6 C0                     265 	.db #0xc0	; 192
    000000D7 C0                     266 	.db #0xc0	; 192
    000000D8 C0                     267 	.db #0xc0	; 192
    000000D9 C0                     268 	.db #0xc0	; 192
    000000DA F8                     269 	.db #0xf8	; 248
    000000DB F8                     270 	.db #0xf8	; 248
    000000DC F8                     271 	.db #0xf8	; 248
    000000DD F8                     272 	.db #0xf8	; 248
    000000DE C6                     273 	.db #0xc6	; 198
    000000DF C6                     274 	.db #0xc6	; 198
    000000E0 EE                     275 	.db #0xee	; 238
    000000E1 EE                     276 	.db #0xee	; 238
    000000E2 FE                     277 	.db #0xfe	; 254
    000000E3 FE                     278 	.db #0xfe	; 254
    000000E4 FE                     279 	.db #0xfe	; 254
    000000E5 FE                     280 	.db #0xfe	; 254
    000000E6 D6                     281 	.db #0xd6	; 214
    000000E7 D6                     282 	.db #0xd6	; 214
    000000E8 C6                     283 	.db #0xc6	; 198
    000000E9 C6                     284 	.db #0xc6	; 198
    000000EA C6                     285 	.db #0xc6	; 198
    000000EB C6                     286 	.db #0xc6	; 198
    000000EC C6                     287 	.db #0xc6	; 198
    000000ED C6                     288 	.db #0xc6	; 198
    000000EE F8                     289 	.db #0xf8	; 248
    000000EF F8                     290 	.db #0xf8	; 248
    000000F0 FC                     291 	.db #0xfc	; 252
    000000F1 FC                     292 	.db #0xfc	; 252
    000000F2 CE                     293 	.db #0xce	; 206
    000000F3 CE                     294 	.db #0xce	; 206
    000000F4 C6                     295 	.db #0xc6	; 198
    000000F5 C6                     296 	.db #0xc6	; 198
    000000F6 C6                     297 	.db #0xc6	; 198
    000000F7 C6                     298 	.db #0xc6	; 198
    000000F8 C6                     299 	.db #0xc6	; 198
    000000F9 C6                     300 	.db #0xc6	; 198
    000000FA C6                     301 	.db #0xc6	; 198
    000000FB C6                     302 	.db #0xc6	; 198
    000000FC C6                     303 	.db #0xc6	; 198
    000000FD C6                     304 	.db #0xc6	; 198
    000000FE 3C                     305 	.db #0x3c	; 60
    000000FF 3C                     306 	.db #0x3c	; 60
    00000100 7E                     307 	.db #0x7e	; 126
    00000101 7E                     308 	.db #0x7e	; 126
    00000102 E7                     309 	.db #0xe7	; 231
    00000103 E7                     310 	.db #0xe7	; 231
    00000104 C3                     311 	.db #0xc3	; 195
    00000105 C3                     312 	.db #0xc3	; 195
    00000106 C3                     313 	.db #0xc3	; 195
    00000107 C3                     314 	.db #0xc3	; 195
    00000108 E7                     315 	.db #0xe7	; 231
    00000109 E7                     316 	.db #0xe7	; 231
    0000010A 7E                     317 	.db #0x7e	; 126
    0000010B 7E                     318 	.db #0x7e	; 126
    0000010C 3C                     319 	.db #0x3c	; 60
    0000010D 3C                     320 	.db #0x3c	; 60
    0000010E F8                     321 	.db #0xf8	; 248
    0000010F F8                     322 	.db #0xf8	; 248
    00000110 FC                     323 	.db #0xfc	; 252
    00000111 FC                     324 	.db #0xfc	; 252
    00000112 C6                     325 	.db #0xc6	; 198
    00000113 C6                     326 	.db #0xc6	; 198
    00000114 C6                     327 	.db #0xc6	; 198
    00000115 C6                     328 	.db #0xc6	; 198
    00000116 FC                     329 	.db #0xfc	; 252
    00000117 FC                     330 	.db #0xfc	; 252
    00000118 F8                     331 	.db #0xf8	; 248
    00000119 F8                     332 	.db #0xf8	; 248
    0000011A C0                     333 	.db #0xc0	; 192
    0000011B C0                     334 	.db #0xc0	; 192
    0000011C C0                     335 	.db #0xc0	; 192
    0000011D C0                     336 	.db #0xc0	; 192
    0000011E 3C                     337 	.db #0x3c	; 60
    0000011F 3C                     338 	.db #0x3c	; 60
    00000120 7E                     339 	.db #0x7e	; 126
    00000121 7E                     340 	.db #0x7e	; 126
    00000122 E7                     341 	.db #0xe7	; 231
    00000123 E7                     342 	.db #0xe7	; 231
    00000124 C3                     343 	.db #0xc3	; 195
    00000125 C3                     344 	.db #0xc3	; 195
    00000126 E7                     345 	.db #0xe7	; 231
    00000127 E7                     346 	.db #0xe7	; 231
    00000128 7E                     347 	.db #0x7e	; 126
    00000129 7E                     348 	.db #0x7e	; 126
    0000012A 3C                     349 	.db #0x3c	; 60
    0000012B 3C                     350 	.db #0x3c	; 60
    0000012C 06                     351 	.db #0x06	; 6
    0000012D 06                     352 	.db #0x06	; 6
    0000012E FC                     353 	.db #0xfc	; 252
    0000012F FC                     354 	.db #0xfc	; 252
    00000130 FE                     355 	.db #0xfe	; 254
    00000131 FE                     356 	.db #0xfe	; 254
    00000132 C6                     357 	.db #0xc6	; 198
    00000133 C6                     358 	.db #0xc6	; 198
    00000134 C6                     359 	.db #0xc6	; 198
    00000135 C6                     360 	.db #0xc6	; 198
    00000136 FC                     361 	.db #0xfc	; 252
    00000137 FC                     362 	.db #0xfc	; 252
    00000138 FC                     363 	.db #0xfc	; 252
    00000139 FC                     364 	.db #0xfc	; 252
    0000013A CE                     365 	.db #0xce	; 206
    0000013B CE                     366 	.db #0xce	; 206
    0000013C C6                     367 	.db #0xc6	; 198
    0000013D C6                     368 	.db #0xc6	; 198
    0000013E 7E                     369 	.db #0x7e	; 126
    0000013F 7E                     370 	.db #0x7e	; 126
    00000140 FE                     371 	.db #0xfe	; 254
    00000141 FE                     372 	.db #0xfe	; 254
    00000142 F0                     373 	.db #0xf0	; 240
    00000143 F0                     374 	.db #0xf0	; 240
    00000144 78                     375 	.db #0x78	; 120	'x'
    00000145 78                     376 	.db #0x78	; 120	'x'
    00000146 3C                     377 	.db #0x3c	; 60
    00000147 3C                     378 	.db #0x3c	; 60
    00000148 1E                     379 	.db #0x1e	; 30
    00000149 1E                     380 	.db #0x1e	; 30
    0000014A FE                     381 	.db #0xfe	; 254
    0000014B FE                     382 	.db #0xfe	; 254
    0000014C FC                     383 	.db #0xfc	; 252
    0000014D FC                     384 	.db #0xfc	; 252
    0000014E 7E                     385 	.db #0x7e	; 126
    0000014F 7E                     386 	.db #0x7e	; 126
    00000150 7E                     387 	.db #0x7e	; 126
    00000151 7E                     388 	.db #0x7e	; 126
    00000152 18                     389 	.db #0x18	; 24
    00000153 18                     390 	.db #0x18	; 24
    00000154 18                     391 	.db #0x18	; 24
    00000155 18                     392 	.db #0x18	; 24
    00000156 18                     393 	.db #0x18	; 24
    00000157 18                     394 	.db #0x18	; 24
    00000158 18                     395 	.db #0x18	; 24
    00000159 18                     396 	.db #0x18	; 24
    0000015A 18                     397 	.db #0x18	; 24
    0000015B 18                     398 	.db #0x18	; 24
    0000015C 18                     399 	.db #0x18	; 24
    0000015D 18                     400 	.db #0x18	; 24
    0000015E C6                     401 	.db #0xc6	; 198
    0000015F C6                     402 	.db #0xc6	; 198
    00000160 C6                     403 	.db #0xc6	; 198
    00000161 C6                     404 	.db #0xc6	; 198
    00000162 C6                     405 	.db #0xc6	; 198
    00000163 C6                     406 	.db #0xc6	; 198
    00000164 C6                     407 	.db #0xc6	; 198
    00000165 C6                     408 	.db #0xc6	; 198
    00000166 C6                     409 	.db #0xc6	; 198
    00000167 C6                     410 	.db #0xc6	; 198
    00000168 C6                     411 	.db #0xc6	; 198
    00000169 C6                     412 	.db #0xc6	; 198
    0000016A FE                     413 	.db #0xfe	; 254
    0000016B FE                     414 	.db #0xfe	; 254
    0000016C 7C                     415 	.db #0x7c	; 124
    0000016D 7C                     416 	.db #0x7c	; 124
    0000016E C6                     417 	.db #0xc6	; 198
    0000016F C6                     418 	.db #0xc6	; 198
    00000170 C6                     419 	.db #0xc6	; 198
    00000171 C6                     420 	.db #0xc6	; 198
    00000172 C6                     421 	.db #0xc6	; 198
    00000173 C6                     422 	.db #0xc6	; 198
    00000174 C6                     423 	.db #0xc6	; 198
    00000175 C6                     424 	.db #0xc6	; 198
    00000176 C6                     425 	.db #0xc6	; 198
    00000177 C6                     426 	.db #0xc6	; 198
    00000178 CE                     427 	.db #0xce	; 206
    00000179 CE                     428 	.db #0xce	; 206
    0000017A DC                     429 	.db #0xdc	; 220
    0000017B DC                     430 	.db #0xdc	; 220
    0000017C F8                     431 	.db #0xf8	; 248
    0000017D F8                     432 	.db #0xf8	; 248
    0000017E C6                     433 	.db #0xc6	; 198
    0000017F C6                     434 	.db #0xc6	; 198
    00000180 C6                     435 	.db #0xc6	; 198
    00000181 C6                     436 	.db #0xc6	; 198
    00000182 C6                     437 	.db #0xc6	; 198
    00000183 C6                     438 	.db #0xc6	; 198
    00000184 FE                     439 	.db #0xfe	; 254
    00000185 FE                     440 	.db #0xfe	; 254
    00000186 FE                     441 	.db #0xfe	; 254
    00000187 FE                     442 	.db #0xfe	; 254
    00000188 EE                     443 	.db #0xee	; 238
    00000189 EE                     444 	.db #0xee	; 238
    0000018A C6                     445 	.db #0xc6	; 198
    0000018B C6                     446 	.db #0xc6	; 198
    0000018C 82                     447 	.db #0x82	; 130
    0000018D 82                     448 	.db #0x82	; 130
    0000018E EE                     449 	.db #0xee	; 238
    0000018F EE                     450 	.db #0xee	; 238
    00000190 6C                     451 	.db #0x6c	; 108	'l'
    00000191 6C                     452 	.db #0x6c	; 108	'l'
    00000192 28                     453 	.db #0x28	; 40
    00000193 28                     454 	.db #0x28	; 40
    00000194 38                     455 	.db #0x38	; 56	'8'
    00000195 38                     456 	.db #0x38	; 56	'8'
    00000196 38                     457 	.db #0x38	; 56	'8'
    00000197 38                     458 	.db #0x38	; 56	'8'
    00000198 28                     459 	.db #0x28	; 40
    00000199 28                     460 	.db #0x28	; 40
    0000019A 6C                     461 	.db #0x6c	; 108	'l'
    0000019B 6C                     462 	.db #0x6c	; 108	'l'
    0000019C EE                     463 	.db #0xee	; 238
    0000019D EE                     464 	.db #0xee	; 238
    0000019E C3                     465 	.db #0xc3	; 195
    0000019F C3                     466 	.db #0xc3	; 195
    000001A0 E7                     467 	.db #0xe7	; 231
    000001A1 E7                     468 	.db #0xe7	; 231
    000001A2 7E                     469 	.db #0x7e	; 126
    000001A3 7E                     470 	.db #0x7e	; 126
    000001A4 3C                     471 	.db #0x3c	; 60
    000001A5 3C                     472 	.db #0x3c	; 60
    000001A6 18                     473 	.db #0x18	; 24
    000001A7 18                     474 	.db #0x18	; 24
    000001A8 18                     475 	.db #0x18	; 24
    000001A9 18                     476 	.db #0x18	; 24
    000001AA 18                     477 	.db #0x18	; 24
    000001AB 18                     478 	.db #0x18	; 24
    000001AC 18                     479 	.db #0x18	; 24
    000001AD 18                     480 	.db #0x18	; 24
    000001AE FE                     481 	.db #0xfe	; 254
    000001AF FE                     482 	.db #0xfe	; 254
    000001B0 FE                     483 	.db #0xfe	; 254
    000001B1 FE                     484 	.db #0xfe	; 254
    000001B2 1E                     485 	.db #0x1e	; 30
    000001B3 1E                     486 	.db #0x1e	; 30
    000001B4 3C                     487 	.db #0x3c	; 60
    000001B5 3C                     488 	.db #0x3c	; 60
    000001B6 78                     489 	.db #0x78	; 120	'x'
    000001B7 78                     490 	.db #0x78	; 120	'x'
    000001B8 F0                     491 	.db #0xf0	; 240
    000001B9 F0                     492 	.db #0xf0	; 240
    000001BA FE                     493 	.db #0xfe	; 254
    000001BB FE                     494 	.db #0xfe	; 254
    000001BC FE                     495 	.db #0xfe	; 254
    000001BD FE                     496 	.db #0xfe	; 254
    000001BE 3C                     497 	.db #0x3c	; 60
    000001BF 3C                     498 	.db #0x3c	; 60
    000001C0 7E                     499 	.db #0x7e	; 126
    000001C1 7E                     500 	.db #0x7e	; 126
    000001C2 66                     501 	.db #0x66	; 102	'f'
    000001C3 66                     502 	.db #0x66	; 102	'f'
    000001C4 66                     503 	.db #0x66	; 102	'f'
    000001C5 66                     504 	.db #0x66	; 102	'f'
    000001C6 66                     505 	.db #0x66	; 102	'f'
    000001C7 66                     506 	.db #0x66	; 102	'f'
    000001C8 66                     507 	.db #0x66	; 102	'f'
    000001C9 66                     508 	.db #0x66	; 102	'f'
    000001CA 7E                     509 	.db #0x7e	; 126
    000001CB 7E                     510 	.db #0x7e	; 126
    000001CC 3C                     511 	.db #0x3c	; 60
    000001CD 3C                     512 	.db #0x3c	; 60
    000001CE 1C                     513 	.db #0x1c	; 28
    000001CF 1C                     514 	.db #0x1c	; 28
    000001D0 3C                     515 	.db #0x3c	; 60
    000001D1 3C                     516 	.db #0x3c	; 60
    000001D2 7C                     517 	.db #0x7c	; 124
    000001D3 7C                     518 	.db #0x7c	; 124
    000001D4 6C                     519 	.db #0x6c	; 108	'l'
    000001D5 6C                     520 	.db #0x6c	; 108	'l'
    000001D6 0C                     521 	.db #0x0c	; 12
    000001D7 0C                     522 	.db #0x0c	; 12
    000001D8 0C                     523 	.db #0x0c	; 12
    000001D9 0C                     524 	.db #0x0c	; 12
    000001DA 0C                     525 	.db #0x0c	; 12
    000001DB 0C                     526 	.db #0x0c	; 12
    000001DC 0C                     527 	.db #0x0c	; 12
    000001DD 0C                     528 	.db #0x0c	; 12
    000001DE FC                     529 	.db #0xfc	; 252
    000001DF FC                     530 	.db #0xfc	; 252
    000001E0 FE                     531 	.db #0xfe	; 254
    000001E1 FE                     532 	.db #0xfe	; 254
    000001E2 06                     533 	.db #0x06	; 6
    000001E3 06                     534 	.db #0x06	; 6
    000001E4 3E                     535 	.db #0x3e	; 62
    000001E5 3E                     536 	.db #0x3e	; 62
    000001E6 7C                     537 	.db #0x7c	; 124
    000001E7 7C                     538 	.db #0x7c	; 124
    000001E8 E0                     539 	.db #0xe0	; 224
    000001E9 E0                     540 	.db #0xe0	; 224
    000001EA FE                     541 	.db #0xfe	; 254
    000001EB FE                     542 	.db #0xfe	; 254
    000001EC FE                     543 	.db #0xfe	; 254
    000001ED FE                     544 	.db #0xfe	; 254
    000001EE FC                     545 	.db #0xfc	; 252
    000001EF FC                     546 	.db #0xfc	; 252
    000001F0 FE                     547 	.db #0xfe	; 254
    000001F1 FE                     548 	.db #0xfe	; 254
    000001F2 06                     549 	.db #0x06	; 6
    000001F3 06                     550 	.db #0x06	; 6
    000001F4 7E                     551 	.db #0x7e	; 126
    000001F5 7E                     552 	.db #0x7e	; 126
    000001F6 7E                     553 	.db #0x7e	; 126
    000001F7 7E                     554 	.db #0x7e	; 126
    000001F8 06                     555 	.db #0x06	; 6
    000001F9 06                     556 	.db #0x06	; 6
    000001FA FE                     557 	.db #0xfe	; 254
    000001FB FE                     558 	.db #0xfe	; 254
    000001FC FC                     559 	.db #0xfc	; 252
    000001FD FC                     560 	.db #0xfc	; 252
    000001FE 1C                     561 	.db #0x1c	; 28
    000001FF 1C                     562 	.db #0x1c	; 28
    00000200 3C                     563 	.db #0x3c	; 60
    00000201 3C                     564 	.db #0x3c	; 60
    00000202 6C                     565 	.db #0x6c	; 108	'l'
    00000203 6C                     566 	.db #0x6c	; 108	'l'
    00000204 CC                     567 	.db #0xcc	; 204
    00000205 CC                     568 	.db #0xcc	; 204
    00000206 FE                     569 	.db #0xfe	; 254
    00000207 FE                     570 	.db #0xfe	; 254
    00000208 FE                     571 	.db #0xfe	; 254
    00000209 FE                     572 	.db #0xfe	; 254
    0000020A 0C                     573 	.db #0x0c	; 12
    0000020B 0C                     574 	.db #0x0c	; 12
    0000020C 0C                     575 	.db #0x0c	; 12
    0000020D 0C                     576 	.db #0x0c	; 12
    0000020E FE                     577 	.db #0xfe	; 254
    0000020F FE                     578 	.db #0xfe	; 254
    00000210 FE                     579 	.db #0xfe	; 254
    00000211 FE                     580 	.db #0xfe	; 254
    00000212 C0                     581 	.db #0xc0	; 192
    00000213 C0                     582 	.db #0xc0	; 192
    00000214 FC                     583 	.db #0xfc	; 252
    00000215 FC                     584 	.db #0xfc	; 252
    00000216 3E                     585 	.db #0x3e	; 62
    00000217 3E                     586 	.db #0x3e	; 62
    00000218 0E                     587 	.db #0x0e	; 14
    00000219 0E                     588 	.db #0x0e	; 14
    0000021A FE                     589 	.db #0xfe	; 254
    0000021B FE                     590 	.db #0xfe	; 254
    0000021C FC                     591 	.db #0xfc	; 252
    0000021D FC                     592 	.db #0xfc	; 252
    0000021E 7C                     593 	.db #0x7c	; 124
    0000021F 7C                     594 	.db #0x7c	; 124
    00000220 FC                     595 	.db #0xfc	; 252
    00000221 FC                     596 	.db #0xfc	; 252
    00000222 C0                     597 	.db #0xc0	; 192
    00000223 C0                     598 	.db #0xc0	; 192
    00000224 C0                     599 	.db #0xc0	; 192
    00000225 C0                     600 	.db #0xc0	; 192
    00000226 FC                     601 	.db #0xfc	; 252
    00000227 FC                     602 	.db #0xfc	; 252
    00000228 C6                     603 	.db #0xc6	; 198
    00000229 C6                     604 	.db #0xc6	; 198
    0000022A C6                     605 	.db #0xc6	; 198
    0000022B C6                     606 	.db #0xc6	; 198
    0000022C 7C                     607 	.db #0x7c	; 124
    0000022D 7C                     608 	.db #0x7c	; 124
    0000022E FE                     609 	.db #0xfe	; 254
    0000022F FE                     610 	.db #0xfe	; 254
    00000230 FE                     611 	.db #0xfe	; 254
    00000231 FE                     612 	.db #0xfe	; 254
    00000232 06                     613 	.db #0x06	; 6
    00000233 06                     614 	.db #0x06	; 6
    00000234 0E                     615 	.db #0x0e	; 14
    00000235 0E                     616 	.db #0x0e	; 14
    00000236 1C                     617 	.db #0x1c	; 28
    00000237 1C                     618 	.db #0x1c	; 28
    00000238 38                     619 	.db #0x38	; 56	'8'
    00000239 38                     620 	.db #0x38	; 56	'8'
    0000023A 30                     621 	.db #0x30	; 48	'0'
    0000023B 30                     622 	.db #0x30	; 48	'0'
    0000023C 30                     623 	.db #0x30	; 48	'0'
    0000023D 30                     624 	.db #0x30	; 48	'0'
    0000023E 7C                     625 	.db #0x7c	; 124
    0000023F 7C                     626 	.db #0x7c	; 124
    00000240 C6                     627 	.db #0xc6	; 198
    00000241 C6                     628 	.db #0xc6	; 198
    00000242 C6                     629 	.db #0xc6	; 198
    00000243 C6                     630 	.db #0xc6	; 198
    00000244 FE                     631 	.db #0xfe	; 254
    00000245 FE                     632 	.db #0xfe	; 254
    00000246 FE                     633 	.db #0xfe	; 254
    00000247 FE                     634 	.db #0xfe	; 254
    00000248 C6                     635 	.db #0xc6	; 198
    00000249 C6                     636 	.db #0xc6	; 198
    0000024A C6                     637 	.db #0xc6	; 198
    0000024B C6                     638 	.db #0xc6	; 198
    0000024C 7C                     639 	.db #0x7c	; 124
    0000024D 7C                     640 	.db #0x7c	; 124
    0000024E 7C                     641 	.db #0x7c	; 124
    0000024F 7C                     642 	.db #0x7c	; 124
    00000250 C6                     643 	.db #0xc6	; 198
    00000251 C6                     644 	.db #0xc6	; 198
    00000252 C6                     645 	.db #0xc6	; 198
    00000253 C6                     646 	.db #0xc6	; 198
    00000254 7E                     647 	.db #0x7e	; 126
    00000255 7E                     648 	.db #0x7e	; 126
    00000256 06                     649 	.db #0x06	; 6
    00000257 06                     650 	.db #0x06	; 6
    00000258 06                     651 	.db #0x06	; 6
    00000259 06                     652 	.db #0x06	; 6
    0000025A 7E                     653 	.db #0x7e	; 126
    0000025B 7E                     654 	.db #0x7e	; 126
    0000025C 7C                     655 	.db #0x7c	; 124
    0000025D 7C                     656 	.db #0x7c	; 124
    0000025E 18                     657 	.db #0x18	; 24
    0000025F 18                     658 	.db #0x18	; 24
    00000260 18                     659 	.db #0x18	; 24
    00000261 18                     660 	.db #0x18	; 24
    00000262 18                     661 	.db #0x18	; 24
    00000263 18                     662 	.db #0x18	; 24
    00000264 18                     663 	.db #0x18	; 24
    00000265 18                     664 	.db #0x18	; 24
    00000266 18                     665 	.db #0x18	; 24
    00000267 18                     666 	.db #0x18	; 24
    00000268 18                     667 	.db #0x18	; 24
    00000269 18                     668 	.db #0x18	; 24
    0000026A 00                     669 	.db #0x00	; 0
    0000026B 00                     670 	.db #0x00	; 0
    0000026C 18                     671 	.db #0x18	; 24
    0000026D 18                     672 	.db #0x18	; 24
    0000026E 00                     673 	.db #0x00	; 0
    0000026F 00                     674 	.db #0x00	; 0
    00000270 18                     675 	.db #0x18	; 24
    00000271 18                     676 	.db #0x18	; 24
    00000272 18                     677 	.db #0x18	; 24
    00000273 18                     678 	.db #0x18	; 24
    00000274 00                     679 	.db #0x00	; 0
    00000275 00                     680 	.db #0x00	; 0
    00000276 00                     681 	.db #0x00	; 0
    00000277 00                     682 	.db #0x00	; 0
    00000278 18                     683 	.db #0x18	; 24
    00000279 18                     684 	.db #0x18	; 24
    0000027A 18                     685 	.db #0x18	; 24
    0000027B 18                     686 	.db #0x18	; 24
    0000027C 00                     687 	.db #0x00	; 0
    0000027D 00                     688 	.db #0x00	; 0
    0000027E 7C                     689 	.db #0x7c	; 124
    0000027F 7C                     690 	.db #0x7c	; 124
    00000280 7E                     691 	.db #0x7e	; 126
    00000281 7E                     692 	.db #0x7e	; 126
    00000282 06                     693 	.db #0x06	; 6
    00000283 06                     694 	.db #0x06	; 6
    00000284 06                     695 	.db #0x06	; 6
    00000285 06                     696 	.db #0x06	; 6
    00000286 1C                     697 	.db #0x1c	; 28
    00000287 1C                     698 	.db #0x1c	; 28
    00000288 00                     699 	.db #0x00	; 0
    00000289 00                     700 	.db #0x00	; 0
    0000028A 18                     701 	.db #0x18	; 24
    0000028B 18                     702 	.db #0x18	; 24
    0000028C 18                     703 	.db #0x18	; 24
    0000028D 18                     704 	.db #0x18	; 24
    0000028E 00                     705 	.db #0x00	; 0
    0000028F 00                     706 	.db #0x00	; 0
    00000290 00                     707 	.db #0x00	; 0
    00000291 00                     708 	.db #0x00	; 0
    00000292 00                     709 	.db #0x00	; 0
    00000293 00                     710 	.db #0x00	; 0
    00000294 00                     711 	.db #0x00	; 0
    00000295 00                     712 	.db #0x00	; 0
    00000296 00                     713 	.db #0x00	; 0
    00000297 00                     714 	.db #0x00	; 0
    00000298 18                     715 	.db #0x18	; 24
    00000299 18                     716 	.db #0x18	; 24
    0000029A 18                     717 	.db #0x18	; 24
    0000029B 18                     718 	.db #0x18	; 24
    0000029C 00                     719 	.db #0x00	; 0
    0000029D 00                     720 	.db #0x00	; 0
    0000029E 00                     721 	.db #0x00	; 0
    0000029F 00                     722 	.db #0x00	; 0
    000002A0 3C                     723 	.db #0x3c	; 60
    000002A1 3C                     724 	.db #0x3c	; 60
    000002A2 7E                     725 	.db #0x7e	; 126
    000002A3 7E                     726 	.db #0x7e	; 126
    000002A4 FF                     727 	.db #0xff	; 255
    000002A5 FF                     728 	.db #0xff	; 255
    000002A6 FF                     729 	.db #0xff	; 255
    000002A7 FF                     730 	.db #0xff	; 255
    000002A8 7E                     731 	.db #0x7e	; 126
    000002A9 7E                     732 	.db #0x7e	; 126
    000002AA 3C                     733 	.db #0x3c	; 60
    000002AB 3C                     734 	.db #0x3c	; 60
    000002AC 00                     735 	.db #0x00	; 0
    000002AD 00                     736 	.db #0x00	; 0
                                    737 ;src/utils/font_utils.c:18: uint8_t get_specific_tiles(char c)
                                    738 ;	---------------------------------
                                    739 ; Function get_specific_tiles
                                    740 ; ---------------------------------
    000002AE                        741 _get_specific_tiles::
                                    742 ;src/utils/font_utils.c:20: switch (c) {
    000002AE FE 20            [ 8]  743 	cp	a, #0x20
    000002B0 28 25            [12]  744 	jr	Z, 00106$
    000002B2 FE 21            [ 8]  745 	cp	a, #0x21
    000002B4 28 12            [12]  746 	jr	Z, 00101$
    000002B6 FE 2E            [ 8]  747 	cp	a, #0x2e
    000002B8 28 17            [12]  748 	jr	Z, 00104$
    000002BA FE 3A            [ 8]  749 	cp	a, #0x3a
    000002BC 28 0D            [12]  750 	jr	Z, 00102$
    000002BE FE 3E            [ 8]  751 	cp	a, #0x3e
    000002C0 28 12            [12]  752 	jr	Z, 00105$
    000002C2 D6 3F            [ 8]  753 	sub	a, #0x3f
    000002C4 28 08            [12]  754 	jr	Z, 00103$
    000002C6 18 12            [12]  755 	jr	00107$
                                    756 ;src/utils/font_utils.c:21: case '!':
    000002C8                        757 00101$:
                                    758 ;src/utils/font_utils.c:22: return FONT_OFFSET_SYMBOL + 0;
    000002C8 3E A5            [ 8]  759 	ld	a, #0xa5
    000002CA C9               [16]  760 	ret
                                    761 ;src/utils/font_utils.c:23: case ':':
    000002CB                        762 00102$:
                                    763 ;src/utils/font_utils.c:24: return FONT_OFFSET_SYMBOL + 1;
    000002CB 3E A6            [ 8]  764 	ld	a, #0xa6
    000002CD C9               [16]  765 	ret
                                    766 ;src/utils/font_utils.c:25: case '?':
    000002CE                        767 00103$:
                                    768 ;src/utils/font_utils.c:26: return FONT_OFFSET_SYMBOL + 2;
    000002CE 3E A7            [ 8]  769 	ld	a, #0xa7
    000002D0 C9               [16]  770 	ret
                                    771 ;src/utils/font_utils.c:27: case '.':
    000002D1                        772 00104$:
                                    773 ;src/utils/font_utils.c:28: return FONT_OFFSET_SYMBOL + 3;
    000002D1 3E A8            [ 8]  774 	ld	a, #0xa8
    000002D3 C9               [16]  775 	ret
                                    776 ;src/utils/font_utils.c:29: case '>':
    000002D4                        777 00105$:
                                    778 ;src/utils/font_utils.c:30: return FONT_TILE_OFFSET + 41;
    000002D4 3E A9            [ 8]  779 	ld	a, #0xa9
    000002D6 C9               [16]  780 	ret
                                    781 ;src/utils/font_utils.c:31: case ' ':
    000002D7                        782 00106$:
                                    783 ;src/utils/font_utils.c:32: return FONT_TILE_OFFSET;
    000002D7 3E 80            [ 8]  784 	ld	a, #0x80
    000002D9 C9               [16]  785 	ret
                                    786 ;src/utils/font_utils.c:33: default:
    000002DA                        787 00107$:
                                    788 ;src/utils/font_utils.c:34: return FONT_TILE_OFFSET;
    000002DA 3E 80            [ 8]  789 	ld	a, #0x80
                                    790 ;src/utils/font_utils.c:35: }
                                    791 ;src/utils/font_utils.c:36: }
    000002DC C9               [16]  792 	ret
                                    793 ;src/utils/font_utils.c:38: uint8_t get_char_tile(char c)
                                    794 ;	---------------------------------
                                    795 ; Function get_char_tile
                                    796 ; ---------------------------------
    000002DD                        797 _get_char_tile::
                                    798 ;src/utils/font_utils.c:40: if (c >= 'A' && c <= 'Z')
    000002DD 4F               [ 4]  799 	ld	c, a
    000002DE EE 80            [ 8]  800 	xor	a, #0x80
    000002E0 D6 C1            [ 8]  801 	sub	a, #0xc1
    000002E2 38 1B            [12]  802 	jr	C, 00102$
    000002E4 59               [ 4]  803 	ld	e, c
    000002E5 3E 5A            [ 8]  804 	ld	a,#0x5a
    000002E7 57               [ 4]  805 	ld	d,a
    000002E8 91               [ 4]  806 	sub	a, c
    000002E9 CB 7B            [ 8]  807 	bit	7, e
    000002EB 28 07            [12]  808 	jr	Z, 00154$
    000002ED CB 7A            [ 8]  809 	bit	7, d
    000002EF 20 08            [12]  810 	jr	NZ, 00155$
    000002F1 BF               [ 4]  811 	cp	a, a
    000002F2 18 05            [12]  812 	jr	00155$
    000002F4                        813 00154$:
    000002F4 CB 7A            [ 8]  814 	bit	7, d
    000002F6 28 01            [12]  815 	jr	Z, 00155$
    000002F8 37               [ 4]  816 	scf
    000002F9                        817 00155$:
    000002F9 38 04            [12]  818 	jr	C, 00102$
                                    819 ;src/utils/font_utils.c:41: return FONT_OFFSET_ALPHA + (c - 'A');
    000002FB 79               [ 4]  820 	ld	a, c
    000002FC C6 40            [ 8]  821 	add	a, #0x40
    000002FE C9               [16]  822 	ret
    000002FF                        823 00102$:
                                    824 ;src/utils/font_utils.c:42: if (c >= 'a' && c <= 'z')
    000002FF 79               [ 4]  825 	ld	a, c
    00000300 EE 80            [ 8]  826 	xor	a, #0x80
    00000302 D6 E1            [ 8]  827 	sub	a, #0xe1
    00000304 38 1B            [12]  828 	jr	C, 00105$
    00000306 59               [ 4]  829 	ld	e, c
    00000307 3E 7A            [ 8]  830 	ld	a,#0x7a
    00000309 57               [ 4]  831 	ld	d,a
    0000030A 91               [ 4]  832 	sub	a, c
    0000030B CB 7B            [ 8]  833 	bit	7, e
    0000030D 28 07            [12]  834 	jr	Z, 00156$
    0000030F CB 7A            [ 8]  835 	bit	7, d
    00000311 20 08            [12]  836 	jr	NZ, 00157$
    00000313 BF               [ 4]  837 	cp	a, a
    00000314 18 05            [12]  838 	jr	00157$
    00000316                        839 00156$:
    00000316 CB 7A            [ 8]  840 	bit	7, d
    00000318 28 01            [12]  841 	jr	Z, 00157$
    0000031A 37               [ 4]  842 	scf
    0000031B                        843 00157$:
    0000031B 38 04            [12]  844 	jr	C, 00105$
                                    845 ;src/utils/font_utils.c:43: return FONT_OFFSET_ALPHA + (c - 'a');
    0000031D 79               [ 4]  846 	ld	a, c
    0000031E C6 20            [ 8]  847 	add	a, #0x20
    00000320 C9               [16]  848 	ret
    00000321                        849 00105$:
                                    850 ;src/utils/font_utils.c:44: if (c >= '0' && c <= '9')
    00000321 79               [ 4]  851 	ld	a, c
    00000322 EE 80            [ 8]  852 	xor	a, #0x80
    00000324 D6 B0            [ 8]  853 	sub	a, #0xb0
    00000326 38 1B            [12]  854 	jr	C, 00108$
    00000328 59               [ 4]  855 	ld	e, c
    00000329 3E 39            [ 8]  856 	ld	a,#0x39
    0000032B 57               [ 4]  857 	ld	d,a
    0000032C 91               [ 4]  858 	sub	a, c
    0000032D CB 7B            [ 8]  859 	bit	7, e
    0000032F 28 07            [12]  860 	jr	Z, 00158$
    00000331 CB 7A            [ 8]  861 	bit	7, d
    00000333 20 08            [12]  862 	jr	NZ, 00159$
    00000335 BF               [ 4]  863 	cp	a, a
    00000336 18 05            [12]  864 	jr	00159$
    00000338                        865 00158$:
    00000338 CB 7A            [ 8]  866 	bit	7, d
    0000033A 28 01            [12]  867 	jr	Z, 00159$
    0000033C 37               [ 4]  868 	scf
    0000033D                        869 00159$:
    0000033D 38 04            [12]  870 	jr	C, 00108$
                                    871 ;src/utils/font_utils.c:45: return FONT_OFFSET_DIGIT + (c - '0');
    0000033F 79               [ 4]  872 	ld	a, c
    00000340 C6 6B            [ 8]  873 	add	a, #0x6b
    00000342 C9               [16]  874 	ret
    00000343                        875 00108$:
                                    876 ;src/utils/font_utils.c:46: return get_specific_tiles(c);
    00000343 79               [ 4]  877 	ld	a, c
                                    878 ;src/utils/font_utils.c:47: }
    00000344 C3rAEr02         [16]  879 	jp	_get_specific_tiles
                                    880 ;src/utils/font_utils.c:49: void draw_text(uint8_t col, uint8_t row, const char *text)
                                    881 ;	---------------------------------
                                    882 ; Function draw_text
                                    883 ; ---------------------------------
    00000347                        884 _draw_text::
    00000347 3B               [ 8]  885 	dec	sp
    00000348 3B               [ 8]  886 	dec	sp
                                    887 ;src/utils/font_utils.c:51: uint8_t *vram = get_bkg_xy_addr(col, row);
    00000349 CDr00r00         [24]  888 	call	_get_bkg_xy_addr
    0000034C E1               [12]  889 	pop	hl
    0000034D C5               [16]  890 	push	bc
                                    891 ;src/utils/font_utils.c:54: while (text[i] != '\0') {
    0000034E 01 00 00         [12]  892 	ld	bc, #0x0000
    00000351                        893 00101$:
    00000351 F8 04            [12]  894 	ldhl	sp,	#4
    00000353 2A               [ 8]  895 	ld	a,	(hl+)
    00000354 66               [ 8]  896 	ld	h, (hl)
    00000355 6F               [ 4]  897 	ld	l, a
    00000356 09               [ 8]  898 	add	hl, bc
    00000357 5D               [ 4]  899 	ld	e, l
    00000358 54               [ 4]  900 	ld	d, h
    00000359 1A               [ 8]  901 	ld	a, (de)
    0000035A B7               [ 4]  902 	or	a, a
    0000035B 28 14            [12]  903 	jr	Z, 00104$
                                    904 ;src/utils/font_utils.c:55: set_vram_byte(vram++, get_char_tile(text[i]));
    0000035D C5               [16]  905 	push	bc
    0000035E CDrDDr02         [24]  906 	call	_get_char_tile
    00000361 C1               [12]  907 	pop	bc
    00000362 D1               [12]  908 	pop	de
    00000363 D5               [16]  909 	push	de
    00000364 F8 00            [12]  910 	ldhl	sp,	#0
    00000366 34               [12]  911 	inc	(hl)
    00000367 20 02            [12]  912 	jr	NZ, 00121$
    00000369 23               [ 8]  913 	inc	hl
    0000036A 34               [12]  914 	inc	(hl)
    0000036B                        915 00121$:
    0000036B CDr00r00         [24]  916 	call	_set_vram_byte
                                    917 ;src/utils/font_utils.c:56: i++;
    0000036E 03               [ 8]  918 	inc	bc
    0000036F 18 E0            [12]  919 	jr	00101$
    00000371                        920 00104$:
                                    921 ;src/utils/font_utils.c:58: }
    00000371 33               [ 8]  922 	inc	sp
    00000372 33               [ 8]  923 	inc	sp
    00000373 E1               [12]  924 	pop	hl
    00000374 F1               [12]  925 	pop	af
    00000375 E9               [ 4]  926 	jp	(hl)
                                    927 	.area _CODE
                                    928 	.area _INITIALIZER
                                    929 	.area _CABS (ABS)
