                                      1 ;--------------------------------------------------------
                                      2 ; File Created by SDCC : free open source ISO C Compiler
                                      3 ; Version 4.5.1 #15267 (Linux)
                                      4 ;--------------------------------------------------------
                                      5 	.module leaderboard
                                      6 	
                                      7 ;--------------------------------------------------------
                                      8 ; Public variables in this module
                                      9 ;--------------------------------------------------------
                                     10 	.globl _savedScores
                                     11 	.globl _savedVersion
                                     12 	.globl _savedCheckFlag
                                     13 	.globl _init_save_data
                                     14 	.globl _save_score
                                     15 	.globl _load_scores
                                     16 ;--------------------------------------------------------
                                     17 ; special function registers
                                     18 ;--------------------------------------------------------
                                     19 	.area _HRAM
                                     20 ;--------------------------------------------------------
                                     21 ; ram data
                                     22 ;--------------------------------------------------------
                                     23 	.area _DATA
                         0000A000    24 _savedCheckFlag	=	0xa000
                         0000A001    25 _savedVersion	=	0xa001
                         0000A002    26 _savedScores	=	0xa002
                                     27 ;--------------------------------------------------------
                                     28 ; ram data
                                     29 ;--------------------------------------------------------
                                     30 	.area _INITIALIZED
                                     31 ;--------------------------------------------------------
                                     32 ; absolute external ram data
                                     33 ;--------------------------------------------------------
                                     34 	.area _DABS (ABS)
                                     35 ;--------------------------------------------------------
                                     36 ; global & static initialisations
                                     37 ;--------------------------------------------------------
                                     38 	.area _HOME
                                     39 	.area _GSINIT
                                     40 	.area _GSFINAL
                                     41 	.area _GSINIT
                                     42 ;--------------------------------------------------------
                                     43 ; Home
                                     44 ;--------------------------------------------------------
                                     45 	.area _HOME
                                     46 	.area _HOME
                                     47 ;--------------------------------------------------------
                                     48 ; code
                                     49 ;--------------------------------------------------------
                                     50 	.area _CODE
                                     51 ;src/utils/leaderboard.c:15: void init_save_data(void)
                                     52 ;	---------------------------------
                                     53 ; Function init_save_data
                                     54 ; ---------------------------------
    00000000                         55 _init_save_data::
                                     56 ;src/utils/leaderboard.c:19: ENABLE_RAM;
    00000000 21r00r00         [12]   57 	ld	hl, #_rRAMG
    00000003 36 0A            [12]   58 	ld	(hl), #0x0a
                                     59 ;src/utils/leaderboard.c:20: if (savedCheckFlag == SAVE_FLAG && savedVersion == SAVE_VERSION) {
    00000005 FAr00r00         [16]   60 	ld	a, (#_savedCheckFlag)
    00000008 D6 A5            [ 8]   61 	sub	a, #0xa5
    0000000A 20 0A            [12]   62 	jr	NZ, 00102$
    0000000C FAr00r00         [16]   63 	ld	a, (#_savedVersion)
                                     64 ;src/utils/leaderboard.c:21: DISABLE_RAM;
    0000000F 3D               [ 4]   65 	dec	a
    00000010 20 04            [12]   66 	jr	NZ, 00102$
    00000012 EAr00r00         [16]   67 	ld	(#_rRAMG),a
                                     68 ;src/utils/leaderboard.c:22: return;
    00000015 C9               [16]   69 	ret
    00000016                         70 00102$:
                                     71 ;src/utils/leaderboard.c:24: savedCheckFlag = SAVE_FLAG;
    00000016 21r00r00         [12]   72 	ld	hl, #_savedCheckFlag
    00000019 36 A5            [12]   73 	ld	(hl), #0xa5
                                     74 ;src/utils/leaderboard.c:25: savedVersion = SAVE_VERSION;
    0000001B 21r00r00         [12]   75 	ld	hl, #_savedVersion
    0000001E 36 01            [12]   76 	ld	(hl), #0x01
                                     77 ;src/utils/leaderboard.c:26: for (i = 0; i < 3 * MAX_SCORES; i++)
    00000020 0E 00            [ 8]   78 	ld	c, #0x00
    00000022                         79 00105$:
                                     80 ;src/utils/leaderboard.c:27: savedScores[i] = 0;
    00000022 21r00r00         [12]   81 	ld	hl, #_savedScores
    00000025 06 00            [ 8]   82 	ld	b, #0x00
    00000027 09               [ 8]   83 	add	hl, bc
    00000028 36 00            [12]   84 	ld	(hl), #0x00
                                     85 ;src/utils/leaderboard.c:26: for (i = 0; i < 3 * MAX_SCORES; i++)
    0000002A 0C               [ 4]   86 	inc	c
    0000002B 79               [ 4]   87 	ld	a, c
    0000002C D6 0F            [ 8]   88 	sub	a, #0x0f
    0000002E 38 F2            [12]   89 	jr	C, 00105$
                                     90 ;src/utils/leaderboard.c:28: DISABLE_RAM;
    00000030 AF               [ 4]   91 	xor	a, a
    00000031 EAr00r00         [16]   92 	ld	(#_rRAMG),a
                                     93 ;src/utils/leaderboard.c:29: }
    00000034 C9               [16]   94 	ret
                                     95 ;src/utils/leaderboard.c:31: void save_score(uint8_t game_id, uint8_t score)
                                     96 ;	---------------------------------
                                     97 ; Function save_score
                                     98 ; ---------------------------------
    00000035                         99 _save_score::
    00000035 E8 F8            [16]  100 	add	sp, #-8
    00000037 4F               [ 4]  101 	ld	c, a
    00000038 F8 07            [12]  102 	ldhl	sp,	#7
                                    103 ;src/utils/leaderboard.c:36: uint8_t score_offset = game_id * MAX_SCORES;
    0000003A 7B               [ 4]  104 	ld	a, e
    0000003B 32               [ 8]  105 	ld	(hl-), a
    0000003C 2B               [ 8]  106 	dec	hl
    0000003D 79               [ 4]  107 	ld	a, c
    0000003E 87               [ 4]  108 	add	a, a
    0000003F 87               [ 4]  109 	add	a, a
    00000040 81               [ 4]  110 	add	a, c
    00000041 77               [ 8]  111 	ld	(hl), a
                                    112 ;src/utils/leaderboard.c:38: load_scores(game_id, scores);
    00000042 21 00 00         [12]  113 	ld	hl, #0
    00000045 39               [ 8]  114 	add	hl, sp
    00000046 5D               [ 4]  115 	ld	e, l
    00000047 54               [ 4]  116 	ld	d, h
    00000048 79               [ 4]  117 	ld	a, c
    00000049 CDrDAr00         [24]  118 	call	_load_scores
                                    119 ;src/utils/leaderboard.c:39: for (i = 0; i < MAX_SCORES; i++) {
    0000004C F8 06            [12]  120 	ldhl	sp,	#6
    0000004E 36 00            [12]  121 	ld	(hl), #0x00
    00000050 0E 00            [ 8]  122 	ld	c, #0x00
    00000052                        123 00110$:
                                    124 ;src/utils/leaderboard.c:40: if (score <= scores[i])
    00000052 59               [ 4]  125 	ld	e, c
    00000053 16 00            [ 8]  126 	ld	d, #0x00
    00000055 21 00 00         [12]  127 	ld	hl, #0
    00000058 39               [ 8]  128 	add	hl, sp
    00000059 19               [ 8]  129 	add	hl, de
    0000005A 7E               [ 8]  130 	ld	a, (hl)
    0000005B F8 07            [12]  131 	ldhl	sp,	#7
    0000005D 96               [ 8]  132 	sub	a, (hl)
    0000005E 30 3C            [12]  133 	jr	NC, 00104$
                                    134 ;src/utils/leaderboard.c:42: for (j = MAX_SCORES - 1; j > i; j--)
    00000060 0E 04            [ 8]  135 	ld	c, #0x04
    00000062                        136 00108$:
    00000062 F8 06            [12]  137 	ldhl	sp,	#6
    00000064 7E               [ 8]  138 	ld	a, (hl)
    00000065 91               [ 4]  139 	sub	a, c
    00000066 30 1E            [12]  140 	jr	NC, 00103$
                                    141 ;src/utils/leaderboard.c:43: scores[j] = scores[j - 1];
    00000068 59               [ 4]  142 	ld	e, c
    00000069 16 00            [ 8]  143 	ld	d, #0x00
    0000006B 21 00 00         [12]  144 	ld	hl, #0
    0000006E 39               [ 8]  145 	add	hl, sp
    0000006F 19               [ 8]  146 	add	hl, de
    00000070 5D               [ 4]  147 	ld	e, l
    00000071 54               [ 4]  148 	ld	d, h
    00000072 79               [ 4]  149 	ld	a, c
    00000073 3D               [ 4]  150 	dec	a
    00000074 6F               [ 4]  151 	ld	l, a
    00000075 07               [ 4]  152 	rlca
    00000076 9F               [ 4]  153 	sbc	a, a
    00000077 47               [ 4]  154 	ld	b, a
    00000078 D5               [16]  155 	push	de
    00000079 5D               [ 4]  156 	ld	e, l
    0000007A 50               [ 4]  157 	ld	d, b
    0000007B 21 02 00         [12]  158 	ld	hl, #2
    0000007E 39               [ 8]  159 	add	hl, sp
    0000007F 19               [ 8]  160 	add	hl, de
    00000080 D1               [12]  161 	pop	de
    00000081 7E               [ 8]  162 	ld	a, (hl)
    00000082 12               [ 8]  163 	ld	(de), a
                                    164 ;src/utils/leaderboard.c:42: for (j = MAX_SCORES - 1; j > i; j--)
    00000083 0D               [ 4]  165 	dec	c
    00000084 18 DC            [12]  166 	jr	00108$
    00000086                        167 00103$:
                                    168 ;src/utils/leaderboard.c:44: scores[i] = score;
    00000086 E5               [16]  169 	push	hl
    00000087 21 02 00         [12]  170 	ld	hl, #2
    0000008A 39               [ 8]  171 	add	hl, sp
    0000008B 5D               [ 4]  172 	ld	e, l
    0000008C 54               [ 4]  173 	ld	d, h
    0000008D E1               [12]  174 	pop	hl
    0000008E F8 06            [12]  175 	ldhl	sp,	#6
    00000090 6E               [ 8]  176 	ld	l, (hl)
    00000091 26 00            [ 8]  177 	ld	h, #0x00
    00000093 19               [ 8]  178 	add	hl, de
    00000094 4D               [ 4]  179 	ld	c, l
    00000095 44               [ 4]  180 	ld	b, h
    00000096 F8 07            [12]  181 	ldhl	sp,	#7
    00000098 7E               [ 8]  182 	ld	a, (hl)
    00000099 02               [ 8]  183 	ld	(bc), a
                                    184 ;src/utils/leaderboard.c:45: break;
    0000009A 18 09            [12]  185 	jr	00105$
    0000009C                        186 00104$:
                                    187 ;src/utils/leaderboard.c:39: for (i = 0; i < MAX_SCORES; i++) {
    0000009C 0C               [ 4]  188 	inc	c
    0000009D F8 06            [12]  189 	ldhl	sp,	#6
    0000009F 71               [ 8]  190 	ld	(hl), c
    000000A0 79               [ 4]  191 	ld	a, c
    000000A1 D6 05            [ 8]  192 	sub	a, #0x05
    000000A3 38 AD            [12]  193 	jr	C, 00110$
    000000A5                        194 00105$:
                                    195 ;src/utils/leaderboard.c:47: ENABLE_RAM;
    000000A5 21r00r00         [12]  196 	ld	hl, #_rRAMG
    000000A8 36 0A            [12]  197 	ld	(hl), #0x0a
                                    198 ;src/utils/leaderboard.c:48: savedCheckFlag = SAVE_FLAG;
    000000AA 21r00r00         [12]  199 	ld	hl, #_savedCheckFlag
    000000AD 36 A5            [12]  200 	ld	(hl), #0xa5
                                    201 ;src/utils/leaderboard.c:49: savedVersion = SAVE_VERSION;
    000000AF 21r00r00         [12]  202 	ld	hl, #_savedVersion
    000000B2 36 01            [12]  203 	ld	(hl), #0x01
                                    204 ;src/utils/leaderboard.c:50: for (i = 0; i < MAX_SCORES; i++)
    000000B4 1E 00            [ 8]  205 	ld	e, #0x00
    000000B6                        206 00111$:
                                    207 ;src/utils/leaderboard.c:51: savedScores[score_offset + i] = scores[i];
    000000B6 F8 05            [12]  208 	ldhl	sp,	#5
    000000B8 7E               [ 8]  209 	ld	a, (hl)
    000000B9 83               [ 4]  210 	add	a, e
    000000BA C6r00            [ 8]  211 	add	a, #<(_savedScores)
    000000BC 4F               [ 4]  212 	ld	c, a
    000000BD 3E 00            [ 8]  213 	ld	a, #0x00
    000000BF CEs00            [ 8]  214 	adc	a, #>(_savedScores)
    000000C1 47               [ 4]  215 	ld	b, a
    000000C2 D5               [16]  216 	push	de
    000000C3 16 00            [ 8]  217 	ld	d, #0x00
    000000C5 21 02 00         [12]  218 	ld	hl, #2
    000000C8 39               [ 8]  219 	add	hl, sp
    000000C9 19               [ 8]  220 	add	hl, de
    000000CA D1               [12]  221 	pop	de
    000000CB 7E               [ 8]  222 	ld	a, (hl)
    000000CC 02               [ 8]  223 	ld	(bc), a
                                    224 ;src/utils/leaderboard.c:50: for (i = 0; i < MAX_SCORES; i++)
    000000CD 1C               [ 4]  225 	inc	e
    000000CE 7B               [ 4]  226 	ld	a, e
    000000CF D6 05            [ 8]  227 	sub	a, #0x05
    000000D1 38 E3            [12]  228 	jr	C, 00111$
                                    229 ;src/utils/leaderboard.c:52: DISABLE_RAM;
    000000D3 AF               [ 4]  230 	xor	a, a
    000000D4 EAr00r00         [16]  231 	ld	(#_rRAMG),a
                                    232 ;src/utils/leaderboard.c:53: }
    000000D7 E8 08            [16]  233 	add	sp, #8
    000000D9 C9               [16]  234 	ret
                                    235 ;src/utils/leaderboard.c:55: void load_scores(uint8_t game_id, uint8_t *scores)
                                    236 ;	---------------------------------
                                    237 ; Function load_scores
                                    238 ; ---------------------------------
    000000DA                        239 _load_scores::
    000000DA D5               [16]  240 	push	de
                                    241 ;src/utils/leaderboard.c:58: uint8_t score_offset = game_id * MAX_SCORES;
    000000DB 4F               [ 4]  242 	ld	c, a
    000000DC 87               [ 4]  243 	add	a, a
    000000DD 87               [ 4]  244 	add	a, a
    000000DE 81               [ 4]  245 	add	a, c
    000000DF 4F               [ 4]  246 	ld	c, a
                                    247 ;src/utils/leaderboard.c:60: ENABLE_RAM;
    000000E0 21r00r00         [12]  248 	ld	hl, #_rRAMG
    000000E3 36 0A            [12]  249 	ld	(hl), #0x0a
                                    250 ;src/utils/leaderboard.c:61: if (savedCheckFlag == SAVE_FLAG) {
    000000E5 FAr00r00         [16]  251 	ld	a, (#_savedCheckFlag)
                                    252 ;src/utils/leaderboard.c:62: for (i = 0; i < MAX_SCORES; i++)
    000000E8 D6 A5            [ 8]  253 	sub	a, #0xa5
    000000EA 20 1D            [12]  254 	jr	NZ, 00115$
    000000EC 47               [ 4]  255 	ld	b, a
    000000ED                        256 00106$:
                                    257 ;src/utils/leaderboard.c:63: scores[i] = savedScores[score_offset + i];
    000000ED D1               [12]  258 	pop	de
    000000EE D5               [16]  259 	push	de
    000000EF 68               [ 4]  260 	ld	l, b
    000000F0 26 00            [ 8]  261 	ld	h, #0x00
    000000F2 19               [ 8]  262 	add	hl, de
    000000F3 5D               [ 4]  263 	ld	e, l
    000000F4 54               [ 4]  264 	ld	d, h
    000000F5 79               [ 4]  265 	ld	a, c
    000000F6 80               [ 4]  266 	add	a, b
    000000F7 C6r00            [ 8]  267 	add	a, #<(_savedScores)
    000000F9 6F               [ 4]  268 	ld	l, a
    000000FA 3E 00            [ 8]  269 	ld	a, #0x00
    000000FC CEs00            [ 8]  270 	adc	a, #>(_savedScores)
    000000FE 67               [ 4]  271 	ld	h, a
    000000FF 7E               [ 8]  272 	ld	a, (hl)
    00000100 12               [ 8]  273 	ld	(de), a
                                    274 ;src/utils/leaderboard.c:62: for (i = 0; i < MAX_SCORES; i++)
    00000101 04               [ 4]  275 	inc	b
    00000102 78               [ 4]  276 	ld	a, b
    00000103 D6 05            [ 8]  277 	sub	a, #0x05
    00000105 38 E6            [12]  278 	jr	C, 00106$
    00000107 18 16            [12]  279 	jr	00105$
                                    280 ;src/utils/leaderboard.c:65: for (i = 0; i < MAX_SCORES; i++)
    00000109                        281 00115$:
    00000109 1E 00            [ 8]  282 	ld	e, #0x00
    0000010B                        283 00108$:
                                    284 ;src/utils/leaderboard.c:66: scores[i] = 0;
    0000010B D5               [16]  285 	push	de
    0000010C 16 00            [ 8]  286 	ld	d, #0x00
    0000010E F8 02            [12]  287 	ldhl	sp,	#2
    00000110 2A               [ 8]  288 	ld	a,	(hl+)
    00000111 66               [ 8]  289 	ld	h, (hl)
    00000112 6F               [ 4]  290 	ld	l, a
    00000113 19               [ 8]  291 	add	hl, de
    00000114 D1               [12]  292 	pop	de
    00000115 4D               [ 4]  293 	ld	c, l
    00000116 44               [ 4]  294 	ld	b, h
    00000117 AF               [ 4]  295 	xor	a, a
    00000118 02               [ 8]  296 	ld	(bc), a
                                    297 ;src/utils/leaderboard.c:65: for (i = 0; i < MAX_SCORES; i++)
    00000119 1C               [ 4]  298 	inc	e
    0000011A 7B               [ 4]  299 	ld	a, e
    0000011B D6 05            [ 8]  300 	sub	a, #0x05
    0000011D 38 EC            [12]  301 	jr	C, 00108$
    0000011F                        302 00105$:
                                    303 ;src/utils/leaderboard.c:68: DISABLE_RAM;
    0000011F AF               [ 4]  304 	xor	a, a
    00000120 EAr00r00         [16]  305 	ld	(#_rRAMG),a
                                    306 ;src/utils/leaderboard.c:69: }
    00000123 33               [ 8]  307 	inc	sp
    00000124 33               [ 8]  308 	inc	sp
    00000125 C9               [16]  309 	ret
                                    310 	.area _CODE
                                    311 	.area _INITIALIZER
                                    312 	.area _CABS (ABS)
